Archive member included to satisfy reference by file (symbol)

/Applications/ArmGNUToolchain/15.2.rel1/arm-none-eabi/bin/../lib/gcc/arm-none-eabi/15.2.1/thumb/v6-m/nofp/libgcc.a(_dvmd_tls.o)
                              CMakeFiles/foxdac.dir/Users/weeblabs/pico-sdk/src/rp2_common/pico_divider/divider_hardware.S.o (__aeabi_idiv0)
/Applications/ArmGNUToolchain/15.2.rel1/arm-none-eabi/bin/../lib/gcc/arm-none-eabi/15.2.1/../../../../arm-none-eabi/lib/thumb/v6-m/nofp/libg.a(libc_a-calloc.o)
                              CMakeFiles/foxdac.dir/Users/weeblabs/pico-sdk/src/rp2_common/pico_malloc/malloc.c.o (calloc)
/Applications/ArmGNUToolchain/15.2.rel1/arm-none-eabi/bin/../lib/gcc/arm-none-eabi/15.2.1/../../../../arm-none-eabi/lib/thumb/v6-m/nofp/libg.a(libc_a-callocr.o)
                              /Applications/ArmGNUToolchain/15.2.rel1/arm-none-eabi/bin/../lib/gcc/arm-none-eabi/15.2.1/../../../../arm-none-eabi/lib/thumb/v6-m/nofp/libg.a(libc_a-calloc.o) (_calloc_r)
/Applications/ArmGNUToolchain/15.2.rel1/arm-none-eabi/bin/../lib/gcc/arm-none-eabi/15.2.1/../../../../arm-none-eabi/lib/thumb/v6-m/nofp/libg.a(libc_a-malloc.o)
                              CMakeFiles/foxdac.dir/Users/weeblabs/pico-sdk/src/rp2_common/pico_malloc/malloc.c.o (malloc)
/Applications/ArmGNUToolchain/15.2.rel1/arm-none-eabi/bin/../lib/gcc/arm-none-eabi/15.2.1/../../../../arm-none-eabi/lib/thumb/v6-m/nofp/libg.a(libc_a-mallocr.o)
                              /Applications/ArmGNUToolchain/15.2.rel1/arm-none-eabi/bin/../lib/gcc/arm-none-eabi/15.2.1/../../../../arm-none-eabi/lib/thumb/v6-m/nofp/libg.a(libc_a-callocr.o) (_malloc_r)
/Applications/ArmGNUToolchain/15.2.rel1/arm-none-eabi/bin/../lib/gcc/arm-none-eabi/15.2.1/../../../../arm-none-eabi/lib/thumb/v6-m/nofp/libg.a(libc_a-mlock.o)
                              /Applications/ArmGNUToolchain/15.2.rel1/arm-none-eabi/bin/../lib/gcc/arm-none-eabi/15.2.1/../../../../arm-none-eabi/lib/thumb/v6-m/nofp/libg.a(libc_a-mallocr.o) (__malloc_lock)
/Applications/ArmGNUToolchain/15.2.rel1/arm-none-eabi/bin/../lib/gcc/arm-none-eabi/15.2.1/../../../../arm-none-eabi/lib/thumb/v6-m/nofp/libg.a(libc_a-realloc.o)
                              CMakeFiles/foxdac.dir/Users/weeblabs/pico-sdk/src/rp2_common/pico_malloc/malloc.c.o (realloc)
/Applications/ArmGNUToolchain/15.2.rel1/arm-none-eabi/bin/../lib/gcc/arm-none-eabi/15.2.1/../../../../arm-none-eabi/lib/thumb/v6-m/nofp/libg.a(libc_a-reallocr.o)
                              /Applications/ArmGNUToolchain/15.2.rel1/arm-none-eabi/bin/../lib/gcc/arm-none-eabi/15.2.1/../../../../arm-none-eabi/lib/thumb/v6-m/nofp/libg.a(libc_a-realloc.o) (_realloc_r)
/Applications/ArmGNUToolchain/15.2.rel1/arm-none-eabi/bin/../lib/gcc/arm-none-eabi/15.2.1/../../../../arm-none-eabi/lib/thumb/v6-m/nofp/libg.a(libc_a-memcmp.o)
                              CMakeFiles/foxdac.dir/Users/weeblabs/pico-sdk/src/rp2_common/pico_atomic/atomic.c.o (memcmp)
/Applications/ArmGNUToolchain/15.2.rel1/arm-none-eabi/bin/../lib/gcc/arm-none-eabi/15.2.1/../../../../arm-none-eabi/lib/thumb/v6-m/nofp/libg.a(libc_a-memmove.o)
                              /Applications/ArmGNUToolchain/15.2.rel1/arm-none-eabi/bin/../lib/gcc/arm-none-eabi/15.2.1/../../../../arm-none-eabi/lib/thumb/v6-m/nofp/libg.a(libc_a-reallocr.o) (memmove)
/Applications/ArmGNUToolchain/15.2.rel1/arm-none-eabi/bin/../lib/gcc/arm-none-eabi/15.2.1/../../../../arm-none-eabi/lib/thumb/v6-m/nofp/libg.a(libc_a-lcltime_r.o)
                              CMakeFiles/foxdac.dir/Users/weeblabs/pico-sdk/src/common/pico_util/datetime.c.o (localtime_r)
/Applications/ArmGNUToolchain/15.2.rel1/arm-none-eabi/bin/../lib/gcc/arm-none-eabi/15.2.1/../../../../arm-none-eabi/lib/thumb/v6-m/nofp/libg.a(libc_a-mktime.o)
                              CMakeFiles/foxdac.dir/Users/weeblabs/pico-sdk/src/common/pico_util/datetime.c.o (mktime)
/Applications/ArmGNUToolchain/15.2.rel1/arm-none-eabi/bin/../lib/gcc/arm-none-eabi/15.2.1/../../../../arm-none-eabi/lib/thumb/v6-m/nofp/libg.a(libc_a-month_lengths.o)
                              /Applications/ArmGNUToolchain/15.2.rel1/arm-none-eabi/bin/../lib/gcc/arm-none-eabi/15.2.1/../../../../arm-none-eabi/lib/thumb/v6-m/nofp/libg.a(libc_a-lcltime_r.o) (__month_lengths)
/Applications/ArmGNUToolchain/15.2.rel1/arm-none-eabi/bin/../lib/gcc/arm-none-eabi/15.2.1/../../../../arm-none-eabi/lib/thumb/v6-m/nofp/libg.a(libc_a-tzcalc_limits.o)
                              /Applications/ArmGNUToolchain/15.2.rel1/arm-none-eabi/bin/../lib/gcc/arm-none-eabi/15.2.1/../../../../arm-none-eabi/lib/thumb/v6-m/nofp/libg.a(libc_a-lcltime_r.o) (__tzcalc_limits)
/Applications/ArmGNUToolchain/15.2.rel1/arm-none-eabi/bin/../lib/gcc/arm-none-eabi/15.2.1/../../../../arm-none-eabi/lib/thumb/v6-m/nofp/libg.a(libc_a-tzlock.o)
                              /Applications/ArmGNUToolchain/15.2.rel1/arm-none-eabi/bin/../lib/gcc/arm-none-eabi/15.2.1/../../../../arm-none-eabi/lib/thumb/v6-m/nofp/libg.a(libc_a-lcltime_r.o) (__tz_lock)
[...]
Memory Configuration

Name             Origin             Length             Attributes
FLASH            0x10000000         0x00200000         xr
RAM              0x20000000         0x00040000         xrw
SCRATCH_X        0x20040000         0x00001000         xrw
SCRATCH_Y        0x20041000         0x00001000         xrw
*default*        0x00000000         0xffffffff

Linker script and memory map

LOAD /Applications/ArmGNUToolchain/15.2.rel1/arm-none-eabi/bin/../lib/gcc/arm-none-eabi/15.2.1/thumb/v6-m/nofp/crti.o
LOAD /Applications/ArmGNUToolchain/15.2.rel1/arm-none-eabi/bin/../lib/gcc/arm-none-eabi/15.2.1/thumb/v6-m/nofp/crtbegin.o
LOAD /Applications/ArmGNUToolchain/15.2.rel1/arm-none-eabi/bin/../lib/gcc/arm-none-eabi/15.2.1/../../../../arm-none-eabi/lib/thumb/v6-m/nofp/crt0.o

.flash_begin    0x10000000        0x0
                0x10000000                        __flash_binary_start = .

.boot2          0x10000000      0x100
                0x10000000                        __boot2_start__ = .
 *(.boot2)
 .boot2         0x10000000      0x100 ../pico-sdk/src/rp2040/boot_stage2/CMakeFiles/bs2_default_library.dir/bs2_default_padded_checksummed.S.o
                0x10000100                        __boot2_end__ = .
                0x00000001                        ASSERT (((__boot2_end__ - __boot2_start__) == 0x100), ERROR: Pico second stage bootloader must be 256 bytes in size)

.flashtext      0x10000100      0x190
                0x10000100                        __logical_binary_start = .
 *(.vectors)
 .vectors       0x10000100       0xd4 CMakeFiles/foxdac.dir/Users/weeblabs/pico-sdk/src/rp2_common/pico_crt0/crt0.S.o
                0x10000100                __VECTOR_TABLE
                0x10000100                __vectors
                0x100001c0                isr_irq13
                0x100001c0                isr_irq27
                0x100001c0                isr_irq31
                0x100001c0                isr_irq5
                0x100001c0                isr_irq11
                0x100001c0                isr_irq23
                0x100001c0                isr_irq18
                0x100001c0                isr_irq9
                0x100001c0                __unhandled_user_irq
                0x100001c0                isr_irq25
                0x100001c0                isr_irq4
                0x100001c0                isr_irq16
                0x100001c0                isr_irq29
                0x100001c0                isr_irq26
                0x100001c0                isr_irq3
                0x100001c0                isr_irq12
                0x100001c0                isr_irq30
                0x100001c0                isr_irq28
                0x100001c0                isr_irq19
                0x100001c0                isr_irq0
                0x100001c0                isr_irq6
                0x100001c0                isr_irq22
                0x100001c0                isr_irq17
                0x100001c0                isr_irq14
                0x100001c0                __vectors_end
                0x100001c0                __default_isrs_start
                0x100001c0                isr_irq2
                0x100001c0                isr_irq10
                0x100001c0                isr_irq8
                0x100001c0                isr_irq24
                0x100001c0                isr_irq1
                0x100001c0                isr_irq7
                0x100001c0                isr_irq21
                0x100001c0                isr_irq20
                0x100001c0                isr_irq15
                0x100001c6                unhandled_user_irq_num_in_r0
                0x100001c8                isr_invalid
                0x100001ca                isr_nmi
                0x100001cc                isr_hardfault
                0x100001ce                isr_svcall
                0x100001d0                isr_pendsv
                0x100001d2                isr_systick
                0x100001d4                __default_isrs_end
 *(.binary_info_header)
 .binary_info_header
                0x100001d4       0x14 CMakeFiles/foxdac.dir/Users/weeblabs/pico-sdk/src/rp2_common/pico_crt0/crt0.S.o
                0x100001e8                        __binary_info_header_end = .
 *(.embedded_block)
                0x100001e8                        __embedded_block_end = .
 *(.reset)
 .reset         0x100001e8       0xa8 CMakeFiles/foxdac.dir/Users/weeblabs/pico-sdk/src/rp2_common/pico_crt0/crt0.S.o
                0x100001e8                _entry_point

.rodata         0x10000290        0x0
 *(SORT_BY_ALIGNMENT(SORT_BY_NAME(.flashdata*)))
                0x10000290                        . = ALIGN (0x4)

.ARM.extab
 *(.ARM.extab* .gnu.linkonce.armextab.*)
                0x10000290                        __exidx_start = .

.ARM.exidx
 *(.ARM.exidx* .gnu.linkonce.armexidx.*)
                0x10000290                        __exidx_end = .
                0x10000290                        . = ALIGN (0x4)
                0x10000290                        __binary_info_start = .

.binary_info    0x10000290       0x24
 *(.binary_info.keep.*)
 .binary_info.keep.__bi_ptr84
                0x10000290        0x4 CMakeFiles/foxdac.dir/Users/weeblabs/pico-sdk/src/rp2_common/pico_standard_binary_info/standard_binary_info.c.o
 .binary_info.keep.__bi_ptr78
                0x10000294        0x4 CMakeFiles/foxdac.dir/Users/weeblabs/pico-sdk/src/rp2_common/pico_standard_binary_info/standard_binary_info.c.o
 .binary_info.keep.__bi_ptr54
                0x10000298        0x4 CMakeFiles/foxdac.dir/Users/weeblabs/pico-sdk/src/rp2_common/pico_standard_binary_info/standard_binary_info.c.o
 .binary_info.keep.__bi_ptr48
                0x1000029c        0x4 CMakeFiles/foxdac.dir/Users/weeblabs/pico-sdk/src/rp2_common/pico_standard_binary_info/standard_binary_info.c.o
 .binary_info.keep.__bi_ptr42
                0x100002a0        0x4 CMakeFiles/foxdac.dir/Users/weeblabs/pico-sdk/src/rp2_common/pico_standard_binary_info/standard_binary_info.c.o
 .binary_info.keep.__bi_ptr34
                0x100002a4        0x4 CMakeFiles/foxdac.dir/Users/weeblabs/pico-sdk/src/rp2_common/pico_standard_binary_info/standard_binary_info.c.o
 .binary_info.keep.__bi_ptr26
                0x100002a8        0x4 CMakeFiles/foxdac.dir/Users/weeblabs/pico-sdk/src/rp2_common/pico_standard_binary_info/standard_binary_info.c.o
 .binary_info.keep.__bi_ptr163
                0x100002ac        0x4 CMakeFiles/foxdac.dir/Users/weeblabs/pico-sdk/lib/tinyusb/hw/bsp/rp2040/family.c.o
 .binary_info.keep.__bi_ptr153
                0x100002b0        0x4 CMakeFiles/foxdac.dir/Users/weeblabs/pico-sdk/lib/tinyusb/hw/bsp/rp2040/family.c.o
 *(.binary_info.*)
                0x100002b4                        __binary_info_end = .
                0x100002b4                        . = ALIGN (0x4)

.ram_vector_table
                0x20000000       0xc0
 *(.ram_vector_table)
 .ram_vector_table
                0x20000000       0xc0 CMakeFiles/foxdac.dir/Users/weeblabs/pico-sdk/src/rp2_common/pico_runtime_init/runtime_init.c.o
                0x20000000                ram_vector_table

.uninitialized_data
                0x200000c0        0x0
                0x200000c0                        . = ALIGN (0x4)
 *(.uninitialized_data*)

.text           0x200000c0     0x98ac load address 0x100002b4
                0x200000c0                        __ram_text_start__ = .
 *(.init)
 .init          0x200000c0        0x4 /Applications/ArmGNUToolchain/15.2.rel1/arm-none-eabi/bin/../lib/gcc/arm-none-eabi/15.2.1/thumb/v6-m/nofp/crti.o
                0x200000c0                _init
 *(.text*)
 .text.register_tm_clones
                0x200000c4       0x28 /Applications/ArmGNUToolchain/15.2.rel1/arm-none-eabi/bin/../lib/gcc/arm-none-eabi/15.2.1/thumb/v6-m/nofp/crtbegin.o
 .text.frame_dummy
                0x200000ec       0x24 /Applications/ArmGNUToolchain/15.2.rel1/arm-none-eabi/bin/../lib/gcc/arm-none-eabi/15.2.1/thumb/v6-m/nofp/crtbegin.o
 .text.dsp_compute_coefficients
                0x20000110      0x52c CMakeFiles/foxdac.dir/dsp_pipeline.c.o
                0x20000110                dsp_compute_coefficients
 .text.dsp_init_default_filters
                0x2000063c       0xec CMakeFiles/foxdac.dir/dsp_pipeline.c.o
                0x2000063c                dsp_init_default_filters
 .text.dsp_update_delay_samples
                0x20000728       0x84 CMakeFiles/foxdac.dir/dsp_pipeline.c.o
                0x20000728                dsp_update_delay_samples
 .text.dsp_recalculate_all_filters
                0x200007ac       0x78 CMakeFiles/foxdac.dir/dsp_pipeline.c.o
                0x200007ac                dsp_recalculate_all_filters
 .text.dsp_process_channel
                0x20000824       0xfc CMakeFiles/foxdac.dir/dsp_pipeline.c.o
                0x20000824                dsp_process_channel
 .text.flash_save_params
                0x20000920      0x100 CMakeFiles/foxdac.dir/flash_storage.c.o
                0x20000920                flash_save_params
 .text.flash_load_params
                0x20000a20      0x2a0 CMakeFiles/foxdac.dir/flash_storage.c.o
                0x20000a20                flash_load_params
 .text.flash_factory_reset
                0x20000cc0       0x50 CMakeFiles/foxdac.dir/flash_storage.c.o
                0x20000cc0                flash_factory_reset
 .text.core0_init
                0x20000d10       0x74 CMakeFiles/foxdac.dir/main.c.o
                0x20000d10                core0_init
 .text.startup.main
                0x20000d84      0x1d0 CMakeFiles/foxdac.dir/main.c.o
                0x20000d84                main
 .text.pdm_update_clock
                0x20000f54       0x64 CMakeFiles/foxdac.dir/pdm_generator.c.o
                0x20000f54                pdm_update_clock
 .text.tud_audio_set_req_entity_cb
                0x20000fb8       0xbc CMakeFiles/foxdac.dir/usb_audio.c.o
                0x20000fb8                tud_audio_set_req_entity_cb
 .text.tud_audio_get_req_entity_cb
                0x20001074       0xe4 CMakeFiles/foxdac.dir/usb_audio.c.o
                0x20001074                tud_audio_get_req_entity_cb
 .text.tud_audio_set_req_ep_cb
                0x20001158        0x4 CMakeFiles/foxdac.dir/usb_audio.c.o
                0x20001158                tud_audio_set_req_ep_cb
 .text.tud_audio_get_req_ep_cb
                0x2000115c        0x4 CMakeFiles/foxdac.dir/usb_audio.c.o
                0x2000115c                tud_audio_get_req_ep_cb
 .text.tud_audio_set_itf_cb
                0x20001160       0x10 CMakeFiles/foxdac.dir/usb_audio.c.o
                0x20001160                tud_audio_set_itf_cb
 .text.tud_audio_set_itf_close_EP_cb
                0x20001170        0x4 CMakeFiles/foxdac.dir/usb_audio.c.o
                0x20001170                tud_audio_set_itf_close_EP_cb
 .text.tud_audio_rx_done_pre_read_cb
                0x20001174      0x490 CMakeFiles/foxdac.dir/usb_audio.c.o
                0x20001174                tud_audio_rx_done_pre_read_cb
 .text.tud_audio_feedback_params_cb
                0x20001604        0x8 CMakeFiles/foxdac.dir/usb_audio.c.o
                0x20001604                tud_audio_feedback_params_cb
 .text.update_audio_feedback
                0x2000160c       0xb4 CMakeFiles/foxdac.dir/usb_audio.c.o
                0x2000160c                update_audio_feedback
 .text.tud_vendor_control_xfer_cb
                0x200016c0      0x484 CMakeFiles/foxdac.dir/usb_audio.c.o
                0x200016c0                tud_vendor_control_xfer_cb
 .text.usb_sound_card_init
                0x20001b44       0x8c CMakeFiles/foxdac.dir/usb_audio.c.o
                0x20001b44                usb_sound_card_init
 .text.tud_descriptor_device_cb
                0x20001bd0        0x8 CMakeFiles/foxdac.dir/usb_descriptors.c.o
                0x20001bd0                tud_descriptor_device_cb
 .text.tud_descriptor_configuration_cb
                0x20001bd8       0x14 CMakeFiles/foxdac.dir/usb_descriptors.c.o
                0x20001bd8                tud_descriptor_configuration_cb
 .text.tud_descriptor_string_cb
                0x20001bec       0x7c CMakeFiles/foxdac.dir/usb_descriptors.c.o
                0x20001bec                tud_descriptor_string_cb
 .text.handle_ms_vendor_request
                0x20001c68       0x70 CMakeFiles/foxdac.dir/usb_descriptors.c.o
                0x20001c68                handle_ms_vendor_request
 .text.gpio_set_function
                0x20001cd8       0x30 CMakeFiles/foxdac.dir/Users/weeblabs/pico-sdk/src/rp2_common/hardware_gpio/gpio.c.o
                0x20001cd8                gpio_set_function
 .text.gpio_init
                0x20001d08       0x3c CMakeFiles/foxdac.dir/Users/weeblabs/pico-sdk/src/rp2_common/hardware_gpio/gpio.c.o
                0x20001d08                gpio_init
 .text.rp2040_chip_version
                0x20001d44        0xc CMakeFiles/foxdac.dir/Users/weeblabs/pico-sdk/src/rp2040/pico_platform/platform.c.o
                0x20001d44                rp2040_chip_version
 .text.panic    0x20001d50       0x30 CMakeFiles/foxdac.dir/Users/weeblabs/pico-sdk/src/rp2_common/pico_platform_panic/panic.c.o
                0x20001d50                panic
 .text.panic_unsupported
                0x20001d80        0xc CMakeFiles/foxdac.dir/Users/weeblabs/pico-sdk/src/rp2_common/pico_platform_panic/panic.c.o
                0x20001d80                panic_unsupported
 .text.hw_claim_lock
                0x20001d8c       0x18 CMakeFiles/foxdac.dir/Users/weeblabs/pico-sdk/src/common/hardware_claim/claim.c.o
                0x20001d8c                hw_claim_lock
 .text.hw_claim_unlock
                0x20001da4       0x14 CMakeFiles/foxdac.dir/Users/weeblabs/pico-sdk/src/common/hardware_claim/claim.c.o
                0x20001da4                hw_claim_unlock
 .text.hw_claim_or_assert
                0x20001db8       0x50 CMakeFiles/foxdac.dir/Users/weeblabs/pico-sdk/src/common/hardware_claim/claim.c.o
                0x20001db8                hw_claim_or_assert
 .text.hw_claim_unused_from_range
                0x20001e08       0x88 CMakeFiles/foxdac.dir/Users/weeblabs/pico-sdk/src/common/hardware_claim/claim.c.o
                0x20001e08                hw_claim_unused_from_range
 .text.next_striped_spin_lock_num
                0x20001e90       0x18 CMakeFiles/foxdac.dir/Users/weeblabs/pico-sdk/src/rp2_common/hardware_sync/sync.c.o
                0x20001e90                next_striped_spin_lock_num
 .text.spin_lock_claim_unused
                0x20001ea8       0x20 CMakeFiles/foxdac.dir/Users/weeblabs/pico-sdk/src/rp2_common/hardware_sync/sync.c.o
                0x20001ea8                spin_lock_claim_unused
 .text.spin_locks_reset
                0x20001ec8       0x1c CMakeFiles/foxdac.dir/Users/weeblabs/pico-sdk/src/rp2_common/hardware_sync_spin_lock/sync_spin_lock.c.o
                0x20001ec8                spin_locks_reset
 .text.spin_lock_init
                0x20001ee4       0x14 CMakeFiles/foxdac.dir/Users/weeblabs/pico-sdk/src/rp2_common/hardware_sync_spin_lock/sync_spin_lock.c.o
                0x20001ee4                spin_lock_init
 .text.runtime_init_per_core_irq_priorities
                0x20001ef8       0x20 CMakeFiles/foxdac.dir/Users/weeblabs/pico-sdk/src/rp2_common/hardware_irq/irq.c.o
                0x20001ef8                runtime_init_per_core_irq_priorities
 .text.irq_set_enabled
                0x20001f18       0x24 CMakeFiles/foxdac.dir/Users/weeblabs/pico-sdk/src/rp2_common/hardware_irq/irq.c.o
                0x20001f18                irq_set_enabled
 .text.irq_set_exclusive_handler
                0x20001f3c       0x54 CMakeFiles/foxdac.dir/Users/weeblabs/pico-sdk/src/rp2_common/hardware_irq/irq.c.o
                0x20001f3c                irq_set_exclusive_handler
 .text.irq_add_shared_handler
                0x20001f90      0x1cc CMakeFiles/foxdac.dir/Users/weeblabs/pico-sdk/src/rp2_common/hardware_irq/irq.c.o
                0x20001f90                irq_add_shared_handler
 .text.irq_set_priority
                0x2000215c       0x28 CMakeFiles/foxdac.dir/Users/weeblabs/pico-sdk/src/rp2_common/hardware_irq/irq.c.o
                0x2000215c                irq_set_priority
 .text.irq_add_tail_to_free_list
                0x20002184       0xac CMakeFiles/foxdac.dir/Users/weeblabs/pico-sdk/src/rp2_common/hardware_irq/irq.c.o
                0x20002184                irq_add_tail_to_free_list
 .text.lock_init
                0x20002230       0x10 CMakeFiles/foxdac.dir/Users/weeblabs/pico-sdk/src/common/pico_sync/lock_core.c.o
                0x20002230                lock_init
 .text.runtime_init_mutex
                0x20002240       0x50 CMakeFiles/foxdac.dir/Users/weeblabs/pico-sdk/src/common/pico_sync/mutex.c.o
                0x20002240                runtime_init_mutex
 .text.mutex_init
                0x20002290       0x1c CMakeFiles/foxdac.dir/Users/weeblabs/pico-sdk/src/common/pico_sync/mutex.c.o
                0x20002290                mutex_init
 .text.critical_section_init
                0x200022ac       0x1c CMakeFiles/foxdac.dir/Users/weeblabs/pico-sdk/src/common/pico_sync/critical_section.c.o
                0x200022ac                critical_section_init
 .text.sleep_until_callback
                0x200022c8       0x30 CMakeFiles/foxdac.dir/Users/weeblabs/pico-sdk/src/common/pico_time/time.c.o
 .text.alarm_pool_irq_handler
                0x200022f8      0x2f0 CMakeFiles/foxdac.dir/Users/weeblabs/pico-sdk/src/common/pico_time/time.c.o
 .text.runtime_init_default_alarm_pool
                0x200025e8       0x9c CMakeFiles/foxdac.dir/Users/weeblabs/pico-sdk/src/common/pico_time/time.c.o
                0x200025e8                runtime_init_default_alarm_pool
 .text.alarm_pool_add_alarm_at_force_in_context
                0x20002684       0xbc CMakeFiles/foxdac.dir/Users/weeblabs/pico-sdk/src/common/pico_time/time.c.o
                0x20002684                alarm_pool_add_alarm_at_force_in_context
 .text.alarm_pool_cancel_alarm
                0x20002740       0x74 CMakeFiles/foxdac.dir/Users/weeblabs/pico-sdk/src/common/pico_time/time.c.o
                0x20002740                alarm_pool_cancel_alarm
 .text.best_effort_wfe_or_timeout
                0x200027b4      0x100 CMakeFiles/foxdac.dir/Users/weeblabs/pico-sdk/src/common/pico_time/time.c.o
                0x200027b4                best_effort_wfe_or_timeout
 .text.timer_hardware_alarm_claim
                0x200028b4       0x14 CMakeFiles/foxdac.dir/Users/weeblabs/pico-sdk/src/rp2_common/hardware_timer/timer.c.o
                0x200028b4                timer_hardware_alarm_claim
 .text.timer_time_us_64
                0x200028c8       0x10 CMakeFiles/foxdac.dir/Users/weeblabs/pico-sdk/src/rp2_common/hardware_timer/timer.c.o
                0x200028c8                timer_time_us_64
 .text.time_us_64
                0x200028d8       0x14 CMakeFiles/foxdac.dir/Users/weeblabs/pico-sdk/src/rp2_common/hardware_timer/timer.c.o
                0x200028d8                time_us_64
 .text.busy_wait_ms
                0x200028ec       0xa0 CMakeFiles/foxdac.dir/Users/weeblabs/pico-sdk/src/rp2_common/hardware_timer/timer.c.o
                0x200028ec                busy_wait_ms
 .text.clock_configure_internal
                0x2000298c       0xdc CMakeFiles/foxdac.dir/Users/weeblabs/pico-sdk/src/rp2_common/hardware_clocks/clocks.c.o
 .text.clock_configure_int_divider
                0x20002a68       0x28 CMakeFiles/foxdac.dir/Users/weeblabs/pico-sdk/src/rp2_common/hardware_clocks/clocks.c.o
                0x20002a68                clock_configure_int_divider
 .text.clock_configure_undivided
                0x20002a90       0x14 CMakeFiles/foxdac.dir/Users/weeblabs/pico-sdk/src/rp2_common/hardware_clocks/clocks.c.o
                0x20002a90                clock_configure_undivided
 .text.clock_get_hz
                0x20002aa4        0xc CMakeFiles/foxdac.dir/Users/weeblabs/pico-sdk/src/rp2_common/hardware_clocks/clocks.c.o
                0x20002aa4                clock_get_hz
 .text.set_sys_clock_pll
                0x20002ab0       0x70 CMakeFiles/foxdac.dir/Users/weeblabs/pico-sdk/src/rp2_common/hardware_clocks/clocks.c.o
                0x20002ab0                set_sys_clock_pll
 .text.pll_init
                0x20002b20       0xb0 CMakeFiles/foxdac.dir/Users/weeblabs/pico-sdk/src/rp2_common/hardware_pll/pll.c.o
                0x20002b20                pll_init
 .text.vreg_set_voltage
                0x20002bd0       0x1c CMakeFiles/foxdac.dir/Users/weeblabs/pico-sdk/src/rp2_common/hardware_vreg/vreg.c.o
                0x20002bd0                vreg_set_voltage
 .text.watchdog_update
                0x20002bec       0x14 CMakeFiles/foxdac.dir/Users/weeblabs/pico-sdk/src/rp2_common/hardware_watchdog/watchdog.c.o
                0x20002bec                watchdog_update
 .text.watchdog_enable
                0x20002c00       0x88 CMakeFiles/foxdac.dir/Users/weeblabs/pico-sdk/src/rp2_common/hardware_watchdog/watchdog.c.o
                0x20002c00                watchdog_enable
 .text.tick_start
                0x20002c88       0x10 CMakeFiles/foxdac.dir/Users/weeblabs/pico-sdk/src/rp2_common/hardware_ticks/ticks.c.o
                0x20002c88                tick_start
 .text.rom_func_lookup
                0x20002c98       0x10 CMakeFiles/foxdac.dir/Users/weeblabs/pico-sdk/src/rp2_common/pico_bootrom/bootrom.c.o
                0x20002c98                rom_func_lookup
 .text.rom_data_lookup
                0x20002ca8       0x10 CMakeFiles/foxdac.dir/Users/weeblabs/pico-sdk/src/rp2_common/pico_bootrom/bootrom.c.o
                0x20002ca8                rom_data_lookup
 .text.rom_funcs_lookup
                0x20002cb8       0x44 CMakeFiles/foxdac.dir/Users/weeblabs/pico-sdk/src/rp2_common/pico_bootrom/bootrom.c.o
                0x20002cb8                rom_funcs_lookup
 .text.xosc_init
                0x20002cfc       0x28 CMakeFiles/foxdac.dir/Users/weeblabs/pico-sdk/src/rp2_common/hardware_xosc/xosc.c.o
                0x20002cfc                xosc_init
 .text.first_per_core_initializer
                0x20002d24        0x4 CMakeFiles/foxdac.dir/Users/weeblabs/pico-sdk/src/rp2_common/pico_runtime/runtime.c.o
 .text.hard_assertion_failure
                0x20002d28        0xc CMakeFiles/foxdac.dir/Users/weeblabs/pico-sdk/src/rp2_common/pico_runtime/runtime.c.o
                0x20002d28                hard_assertion_failure
 .text.runtime_run_initializers
                0x20002d34       0x28 CMakeFiles/foxdac.dir/Users/weeblabs/pico-sdk/src/rp2_common/pico_runtime/runtime.c.o
                0x20002d34                runtime_run_initializers
 .text.runtime_init_early_resets
                0x20002d5c       0x2c CMakeFiles/foxdac.dir/Users/weeblabs/pico-sdk/src/rp2_common/pico_runtime_init/runtime_init.c.o
                0x20002d5c                runtime_init_early_resets
 .text.runtime_init_usb_power_down
                0x20002d88       0x1c CMakeFiles/foxdac.dir/Users/weeblabs/pico-sdk/src/rp2_common/pico_runtime_init/runtime_init.c.o
                0x20002d88                runtime_init_usb_power_down
 .text.runtime_init_post_clock_resets
                0x20002da4       0x20 CMakeFiles/foxdac.dir/Users/weeblabs/pico-sdk/src/rp2_common/pico_runtime_init/runtime_init.c.o
                0x20002da4                runtime_init_post_clock_resets
 .text.runtime_init_rp2040_gpio_ie_disable
                0x20002dc4       0x14 CMakeFiles/foxdac.dir/Users/weeblabs/pico-sdk/src/rp2_common/pico_runtime_init/runtime_init.c.o
                0x20002dc4                runtime_init_rp2040_gpio_ie_disable
 .text.runtime_init_spin_locks_reset
                0x20002dd8        0x8 CMakeFiles/foxdac.dir/Users/weeblabs/pico-sdk/src/rp2_common/pico_runtime_init/runtime_init.c.o
                0x20002dd8                runtime_init_spin_locks_reset
 .text.runtime_init_install_ram_vector_table
                0x20002de0       0x48 CMakeFiles/foxdac.dir/Users/weeblabs/pico-sdk/src/rp2_common/pico_runtime_init/runtime_init.c.o
                0x20002de0                runtime_init_install_ram_vector_table
 .text.runtime_init_clocks
                0x20002e28       0xd8 CMakeFiles/foxdac.dir/Users/weeblabs/pico-sdk/src/rp2_common/pico_runtime_init/runtime_init_clocks.c.o
                0x20002e28                runtime_init_clocks
 .text          0x20002f00       0x10 CMakeFiles/foxdac.dir/Users/weeblabs/pico-sdk/src/rp2_common/pico_bit_ops/bit_ops_aeabi.S.o
 .text.__wrap___aeabi_idiv
                0x20002f10       0x50 CMakeFiles/foxdac.dir/Users/weeblabs/pico-sdk/src/rp2_common/pico_divider/divider_hardware.S.o
                0x20002f10                __wrap___aeabi_idivmod
                0x20002f10                divmod_s32s32
                0x20002f10                div_s32s32
                0x20002f10                __wrap___aeabi_idiv
                0x20002f18                divmod_s32s32_unsafe
                0x20002f44                divmod_s32s32_savestate
 .text.__wrap___aeabi_uidiv
                0x20002f60       0x4c CMakeFiles/foxdac.dir/Users/weeblabs/pico-sdk/src/rp2_common/pico_divider/divider_hardware.S.o
                0x20002f60                __wrap___aeabi_uidiv
                0x20002f60                __wrap___aeabi_uidivmod
                0x20002f60                div_u32u32
                0x20002f60                divmod_u32u32
                0x20002f68                divmod_u32u32_unsafe
                0x20002f90                divmod_u32u32_savestate
 .text.__wrap___aeabi_ldiv
                0x20002fac      0x424 CMakeFiles/foxdac.dir/Users/weeblabs/pico-sdk/src/rp2_common/pico_divider/divider_hardware.S.o
                0x20002fac                __wrap___aeabi_ldivmod
                0x20002fac                div_s64s64
                0x20002fac                divmod_s64s64
                0x20002fdc                divmod_u64u64
                0x20002fdc                div_u64u64
                0x20002fdc                __wrap___aeabi_uldivmod
                0x20002fec                divmod_u64u64_savestate
                0x2000300c                divmod_s64s64_unsafe
                0x20003094                divmod_u64u64_unsafe
 .text.__wrap___aeabi_darithmetic
                0x200033d0       0x80 CMakeFiles/foxdac.dir/Users/weeblabs/pico-sdk/src/rp2_common/pico_double/double_aeabi_rp2040.S.o
                0x200033d0                __wrap___aeabi_drsub
                0x200033d6                __wrap___aeabi_dsub
                0x200033e8                __wrap___aeabi_dadd
                0x200033fa                __wrap___aeabi_ddiv
                0x20003436                __wrap___aeabi_dmul
 .text.__wrap___aeabi_cdcmple
                0x20003450       0x6c CMakeFiles/foxdac.dir/Users/weeblabs/pico-sdk/src/rp2_common/pico_double/double_aeabi_rp2040.S.o
                0x20003450                __wrap___aeabi_cdrcmple
                0x20003460                __wrap___aeabi_cdcmple
                0x20003460                __wrap___aeabi_cdcmpeq
 .text.__wrap___aeabi_dcmplt
                0x200034bc        0xc CMakeFiles/foxdac.dir/Users/weeblabs/pico-sdk/src/rp2_common/pico_double/double_aeabi_rp2040.S.o
                0x200034bc                __wrap___aeabi_dcmplt
 .text.__wrap___aeabi_dcmple
                0x200034c8       0x10 CMakeFiles/foxdac.dir/Users/weeblabs/pico-sdk/src/rp2_common/pico_double/double_aeabi_rp2040.S.o
                0x200034c8                __wrap___aeabi_dcmple
 .text.__wrap___aeabi_dcmpge
                0x200034d8       0x10 CMakeFiles/foxdac.dir/Users/weeblabs/pico-sdk/src/rp2_common/pico_double/double_aeabi_rp2040.S.o
                0x200034d8                __wrap___aeabi_dcmpge
 .text.__wrap___aeabi_dcmpgt
                0x200034e8        0xa CMakeFiles/foxdac.dir/Users/weeblabs/pico-sdk/src/rp2_common/pico_double/double_aeabi_rp2040.S.o
                0x200034e8                __wrap___aeabi_dcmpgt
 .text.__wrap___aeabi_dcmpun
                0x200034f2       0x18 CMakeFiles/foxdac.dir/Users/weeblabs/pico-sdk/src/rp2_common/pico_double/double_aeabi_rp2040.S.o
                0x200034f2                __wrap___aeabi_dcmpun
 *fill*         0x2000350a        0x2 
 .text.__wrap___aeabi_i2d
                0x2000350c       0x38 CMakeFiles/foxdac.dir/Users/weeblabs/pico-sdk/src/rp2_common/pico_double/double_aeabi_rp2040.S.o
                0x2000350c                __wrap___aeabi_ui2d
                0x2000350c                uint2double
                0x20003514                __wrap___aeabi_i2d
                0x20003514                int2double
 .text.__wrap___aeabi_d2iz
                0x20003544       0x48 CMakeFiles/foxdac.dir/Users/weeblabs/pico-sdk/src/rp2_common/pico_double/double_aeabi_rp2040.S.o
                0x20003544                __wrap___aeabi_d2iz
                0x20003544                double2int_z
 .text.__wrap___aeabi_d2uiz
                0x2000358c       0x18 CMakeFiles/foxdac.dir/Users/weeblabs/pico-sdk/src/rp2_common/pico_double/double_aeabi_rp2040.S.o
                0x2000358c                double2uint_z
                0x2000358c                double2uint
                0x2000358c                __wrap___aeabi_d2uiz
 .text.__wrap___aeabi_d2f
                0x200035a4       0x18 CMakeFiles/foxdac.dir/Users/weeblabs/pico-sdk/src/rp2_common/pico_double/double_aeabi_rp2040.S.o
                0x200035a4                __wrap___aeabi_d2f
 .text.__wrap_exp
                0x200035bc       0x18 CMakeFiles/foxdac.dir/Users/weeblabs/pico-sdk/src/rp2_common/pico_double/double_aeabi_rp2040.S.o
                0x200035bc                __wrap_exp
 .text.__wrap_log
                0x200035d4       0x18 CMakeFiles/foxdac.dir/Users/weeblabs/pico-sdk/src/rp2_common/pico_double/double_aeabi_rp2040.S.o
                0x200035d4                __wrap_log
 .text.__aeabi_double_init
                0x200035ec       0x70 CMakeFiles/foxdac.dir/Users/weeblabs/pico-sdk/src/rp2_common/pico_double/double_init_rom_rp2040.c.o
                0x200035ec                __aeabi_double_init
 .text.double_table_shim_on_use_helper
                0x2000365c       0x2c CMakeFiles/foxdac.dir/Users/weeblabs/pico-sdk/src/rp2_common/pico_double/double_v1_rom_shim_rp2040.S.o
                0x2000365c                double_table_shim_on_use_helper
 .text.__wrap___aeabi_dsub
                0x20003688       0x10 CMakeFiles/foxdac.dir/Users/weeblabs/pico-sdk/src/rp2_common/pico_double/double_v1_rom_shim_rp2040.S.o
                0x20003688                drsub_shim
                0x2000368e                dsub_shim
 .text.dadd_shim
                0x20003698      0x15c CMakeFiles/foxdac.dir/Users/weeblabs/pico-sdk/src/rp2_common/pico_double/double_v1_rom_shim_rp2040.S.o
                0x20003698                dadd_shim
 .text.dmul_shim
                0x200037f4      0x15c CMakeFiles/foxdac.dir/Users/weeblabs/pico-sdk/src/rp2_common/pico_double/double_v1_rom_shim_rp2040.S.o
                0x200037f4                dmul_shim
 .text.ddiv_shim
                0x20003950      0x1b0 CMakeFiles/foxdac.dir/Users/weeblabs/pico-sdk/src/rp2_common/pico_double/double_v1_rom_shim_rp2040.S.o
                0x20003950                ddiv_shim
 .text.double2uint_shim
                0x20003b00        0xe CMakeFiles/foxdac.dir/Users/weeblabs/pico-sdk/src/rp2_common/pico_double/double_v1_rom_shim_rp2040.S.o
                0x20003b00                double2uint_shim
                0x20003b02                double2ufix_shim
 *fill*         0x20003b0e        0x2 
 .text.double2uint64_shim
                0x20003b10       0x70 CMakeFiles/foxdac.dir/Users/weeblabs/pico-sdk/src/rp2_common/pico_double/double_v1_rom_shim_rp2040.S.o
                0x20003b10                double2uint64_shim
                0x20003b12                double2ufix64_shim
                0x20003b32                d2fix_a
 .text.double2float_shim
                0x20003b80       0x5c CMakeFiles/foxdac.dir/Users/weeblabs/pico-sdk/src/rp2_common/pico_double/double_v1_rom_shim_rp2040.S.o
                0x20003b80                double2float_shim
 .text.x2double_shims
                0x20003bdc       0x90 CMakeFiles/foxdac.dir/Users/weeblabs/pico-sdk/src/rp2_common/pico_double/double_v1_rom_shim_rp2040.S.o
                0x20003bdc                uint2double_shim
                0x20003bde                ufix2double_shim
                0x20003be4                int2double_shim
                0x20003be6                fix2double_shim
                0x20003bec                uint642double_shim
                0x20003bee                ufix642double_shim
                0x20003bf4                int642double_shim
                0x20003bf6                fix642double_shim
 .text.dunpacks
                0x20003c6c       0x3c CMakeFiles/foxdac.dir/Users/weeblabs/pico-sdk/src/rp2_common/pico_double/double_v1_rom_shim_rp2040.S.o
                0x20003c6c                dunpacks
 .text.dreduce  0x20003ca8       0x82 CMakeFiles/foxdac.dir/Users/weeblabs/pico-sdk/src/rp2_common/pico_double/double_v1_rom_shim_rp2040.S.o
                0x20003ca8                dreduce
 *fill*         0x20003d2a        0x2 
 .text.dexp_guts
                0x20003d2c      0x268 CMakeFiles/foxdac.dir/Users/weeblabs/pico-sdk/src/rp2_common/pico_double/double_v1_rom_shim_rp2040.S.o
                0x20003d2c                dexp_shim
                0x20003dc8                dln_shim
 .text.__aeabi_lmul
                0x20003f94       0x32 CMakeFiles/foxdac.dir/Users/weeblabs/pico-sdk/src/rp2_common/pico_int64_ops/pico_int64_ops_aeabi.S.o
                0x20003f94                __wrap___aeabi_lmul
 *fill*         0x20003fc6        0x2 
 .text.__wrap___aeabi_farithmetic
                0x20003fc8       0x48 CMakeFiles/foxdac.dir/Users/weeblabs/pico-sdk/src/rp2_common/pico_float/float_aeabi_rp2040.S.o
                0x20003fc8                __wrap___aeabi_frsub
                0x20003fce                __wrap___aeabi_fsub
                0x20003fd4                __wrap___aeabi_fadd
                0x20003fda                __wrap___aeabi_fdiv
                0x20004002                __wrap___aeabi_fmul
 .text.__wrap___aeabi_cfcmple
                0x20004010       0x50 CMakeFiles/foxdac.dir/Users/weeblabs/pico-sdk/src/rp2_common/pico_float/float_aeabi_rp2040.S.o
                0x20004010                __wrap___aeabi_cfrcmple
                0x2000401c                __wrap___aeabi_cfcmpeq
                0x2000401c                __wrap___aeabi_cfcmple
 .text.__wrap___aeabi_fcmpeq
                0x20004060       0x10 CMakeFiles/foxdac.dir/Users/weeblabs/pico-sdk/src/rp2_common/pico_float/float_aeabi_rp2040.S.o
                0x20004060                __wrap___aeabi_fcmpeq
 .text.__wrap___aeabi_fcmplt
                0x20004070        0xc CMakeFiles/foxdac.dir/Users/weeblabs/pico-sdk/src/rp2_common/pico_float/float_aeabi_rp2040.S.o
                0x20004070                __wrap___aeabi_fcmplt
 .text.__wrap___aeabi_fcmpgt
                0x2000407c        0xa CMakeFiles/foxdac.dir/Users/weeblabs/pico-sdk/src/rp2_common/pico_float/float_aeabi_rp2040.S.o
                0x2000407c                __wrap___aeabi_fcmpgt
 .text.__wrap___aeabi_ui2f
                0x20004086        0xa CMakeFiles/foxdac.dir/Users/weeblabs/pico-sdk/src/rp2_common/pico_float/float_aeabi_rp2040.S.o
                0x20004086                uint2float
                0x20004086                __wrap___aeabi_ui2f
 .text.__wrap___aeabi_i2f
                0x20004090       0x44 CMakeFiles/foxdac.dir/Users/weeblabs/pico-sdk/src/rp2_common/pico_float/float_aeabi_rp2040.S.o
                0x20004090                int2float
                0x20004090                __wrap___aeabi_i2f
 .text.__wrap___aeabi_f2iz
                0x200040d4       0x4e CMakeFiles/foxdac.dir/Users/weeblabs/pico-sdk/src/rp2_common/pico_float/float_aeabi_rp2040.S.o
                0x200040d4                __wrap___aeabi_f2iz
                0x200040d4                float2int_z
 *fill*         0x20004122        0x2 
 .text.float2int
                0x20004124       0x14 CMakeFiles/foxdac.dir/Users/weeblabs/pico-sdk/src/rp2_common/pico_float/float_aeabi_rp2040.S.o
                0x20004124                float2int
 .text.__wrap___aeabi_f2uiz
                0x20004138        0xc CMakeFiles/foxdac.dir/Users/weeblabs/pico-sdk/src/rp2_common/pico_float/float_aeabi_rp2040.S.o
                0x20004138                float2uint
                0x20004138                float2uint_z
                0x20004138                __wrap___aeabi_f2uiz
 .text.fix2float
                0x20004144        0xc CMakeFiles/foxdac.dir/Users/weeblabs/pico-sdk/src/rp2_common/pico_float/float_aeabi_rp2040.S.o
                0x20004144                fix2float
 .text.__wrap___aeabi_f2d
                0x20004150       0x14 CMakeFiles/foxdac.dir/Users/weeblabs/pico-sdk/src/rp2_common/pico_float/float_aeabi_rp2040.S.o
                0x20004150                __wrap___aeabi_f2d
 .text.__wrap_sqrtf
                0x20004164       0x20 CMakeFiles/foxdac.dir/Users/weeblabs/pico-sdk/src/rp2_common/pico_float/float_aeabi_rp2040.S.o
                0x20004164                __wrap_sqrtf
 .text.__wrap_cosf
                0x20004184       0x24 CMakeFiles/foxdac.dir/Users/weeblabs/pico-sdk/src/rp2_common/pico_float/float_aeabi_rp2040.S.o
                0x20004184                __wrap_cosf
 .text.__wrap_sinf
                0x200041a8       0x24 CMakeFiles/foxdac.dir/Users/weeblabs/pico-sdk/src/rp2_common/pico_float/float_aeabi_rp2040.S.o
                0x200041a8                __wrap_sinf
 .text.__aeabi_float_init
                0x200041cc       0x60 CMakeFiles/foxdac.dir/Users/weeblabs/pico-sdk/src/rp2_common/pico_float/float_init_rom_rp2040.c.o
                0x200041cc                __aeabi_float_init
 .text.frem_0   0x2000422c       0x90 CMakeFiles/foxdac.dir/Users/weeblabs/pico-sdk/src/rp2_common/pico_float/float_math.c.o
 .text.fpow_int2
                0x200042bc       0xd8 CMakeFiles/foxdac.dir/Users/weeblabs/pico-sdk/src/rp2_common/pico_float/float_math.c.o
 .text.fpow_0   0x20004394       0xf8 CMakeFiles/foxdac.dir/Users/weeblabs/pico-sdk/src/rp2_common/pico_float/float_math.c.o
 .text.__wrap_powf
                0x2000448c      0x198 CMakeFiles/foxdac.dir/Users/weeblabs/pico-sdk/src/rp2_common/pico_float/float_math.c.o
                0x2000448c                __wrap_powf
 .text.__wrap_remquof
                0x20004624       0xd8 CMakeFiles/foxdac.dir/Users/weeblabs/pico-sdk/src/rp2_common/pico_float/float_math.c.o
                0x20004624                __wrap_remquof
 .text.__wrap_remainderf
                0x200046fc        0xc CMakeFiles/foxdac.dir/Users/weeblabs/pico-sdk/src/rp2_common/pico_float/float_math.c.o
                0x200046fc                __wrap_remainderf
 .text.float_table_shim_on_use_helper
                0x20004708       0x2c CMakeFiles/foxdac.dir/Users/weeblabs/pico-sdk/src/rp2_common/pico_float/float_v1_rom_shim_rp2040.S.o
                0x20004708                float_table_shim_on_use_helper
 .text.float232_shims
                0x20004734       0x18 CMakeFiles/foxdac.dir/Users/weeblabs/pico-sdk/src/rp2_common/pico_float/float_v1_rom_shim_rp2040.S.o
                0x20004734                float2int_shim
                0x20004736                float2fix_shim
 .text.float2double_shim
                0x2000474c       0x30 CMakeFiles/foxdac.dir/Users/weeblabs/pico-sdk/src/rp2_common/pico_float/float_v1_rom_shim_rp2040.S.o
                0x2000474c                float2double_shim
 .text.__wrap_malloc
                0x2000477c       0x3c CMakeFiles/foxdac.dir/Users/weeblabs/pico-sdk/src/rp2_common/pico_malloc/malloc.c.o
                0x2000477c                __wrap_malloc
 .text.__wrap_calloc
                0x200047b8       0x44 CMakeFiles/foxdac.dir/Users/weeblabs/pico-sdk/src/rp2_common/pico_malloc/malloc.c.o
                0x200047b8                __wrap_calloc
 .text.__wrap_free
                0x200047fc       0x20 CMakeFiles/foxdac.dir/Users/weeblabs/pico-sdk/src/rp2_common/pico_malloc/malloc.c.o
                0x200047fc                __wrap_free
 .text          0x2000481c       0x10 CMakeFiles/foxdac.dir/Users/weeblabs/pico-sdk/src/rp2_common/pico_mem_ops/mem_ops_aeabi.S.o
                0x2000481c                __aeabi_mem_init
 .text.memset   0x2000482c        0xc CMakeFiles/foxdac.dir/Users/weeblabs/pico-sdk/src/rp2_common/pico_mem_ops/mem_ops_aeabi.S.o
                0x2000482c                __wrap_memset
 .text.memcpy   0x20004838        0xc CMakeFiles/foxdac.dir/Users/weeblabs/pico-sdk/src/rp2_common/pico_mem_ops/mem_ops_aeabi.S.o
                0x20004838                __wrap___aeabi_memcpy
                0x20004838                __wrap_memcpy
 .text._out_null
                0x20004844        0x4 CMakeFiles/foxdac.dir/Users/weeblabs/pico-sdk/src/rp2_common/pico_printf/printf.c.o
 .text._out_rev
                0x20004848       0xac CMakeFiles/foxdac.dir/Users/weeblabs/pico-sdk/src/rp2_common/pico_printf/printf.c.o
 .text._ntoa_format
                0x200048f4      0x1e0 CMakeFiles/foxdac.dir/Users/weeblabs/pico-sdk/src/rp2_common/pico_printf/printf.c.o
 .text._ntoa_long
                0x20004ad4       0xa4 CMakeFiles/foxdac.dir/Users/weeblabs/pico-sdk/src/rp2_common/pico_printf/printf.c.o
 .text._ntoa_long_long
                0x20004b78       0xd0 CMakeFiles/foxdac.dir/Users/weeblabs/pico-sdk/src/rp2_common/pico_printf/printf.c.o
 .text._etoa    0x20004c48      0x52c CMakeFiles/foxdac.dir/Users/weeblabs/pico-sdk/src/rp2_common/pico_printf/printf.c.o
 .text._ftoa    0x20005174      0x39c CMakeFiles/foxdac.dir/Users/weeblabs/pico-sdk/src/rp2_common/pico_printf/printf.c.o
 .text._out_char
                0x20005510       0x10 CMakeFiles/foxdac.dir/Users/weeblabs/pico-sdk/src/rp2_common/pico_printf/printf.c.o
 .text._out_fct
                0x20005520       0x10 CMakeFiles/foxdac.dir/Users/weeblabs/pico-sdk/src/rp2_common/pico_printf/printf.c.o
 .text._vsnprintf
                0x20005530      0x6ec CMakeFiles/foxdac.dir/Users/weeblabs/pico-sdk/src/rp2_common/pico_printf/printf.c.o
 .text.vfctprintf
                0x20005c1c       0x20 CMakeFiles/foxdac.dir/Users/weeblabs/pico-sdk/src/rp2_common/pico_printf/printf.c.o
                0x20005c1c                vfctprintf
 .text.weak_raw_vprintf
                0x20005c3c       0x30 CMakeFiles/foxdac.dir/Users/weeblabs/pico-sdk/src/rp2_common/pico_printf/printf.c.o
                0x20005c3c                weak_raw_vprintf
 .text._exit    0x20005c6c        0x4 CMakeFiles/foxdac.dir/Users/weeblabs/pico-sdk/src/rp2_common/pico_clib_interface/newlib_interface.c.o
                0x20005c6c                _exit
 .text._sbrk    0x20005c70       0x34 CMakeFiles/foxdac.dir/Users/weeblabs/pico-sdk/src/rp2_common/pico_clib_interface/newlib_interface.c.o
                0x20005c70                _sbrk
 .text.exit     0x20005ca4        0x8 CMakeFiles/foxdac.dir/Users/weeblabs/pico-sdk/src/rp2_common/pico_clib_interface/newlib_interface.c.o
                0x20005ca4                exit
 .text.runtime_init
                0x20005cac       0x2c CMakeFiles/foxdac.dir/Users/weeblabs/pico-sdk/src/rp2_common/pico_clib_interface/newlib_interface.c.o
                0x20005cac                runtime_init
 .text.stdio_out_chars_no_crlf
                0x20005cd8       0x10 CMakeFiles/foxdac.dir/Users/weeblabs/pico-sdk/src/rp2_common/pico_stdio/stdio.c.o
 .text.stdio_out_chars_crlf
                0x20005ce8       0xb8 CMakeFiles/foxdac.dir/Users/weeblabs/pico-sdk/src/rp2_common/pico_stdio/stdio.c.o
 .text.stdio_buffered_printer
                0x20005da0       0x64 CMakeFiles/foxdac.dir/Users/weeblabs/pico-sdk/src/rp2_common/pico_stdio/stdio.c.o
 .text.stdio_put_string
                0x20005e04       0xd0 CMakeFiles/foxdac.dir/Users/weeblabs/pico-sdk/src/rp2_common/pico_stdio/stdio.c.o
                0x20005e04                stdio_put_string
 .text.__wrap_putchar
                0x20005ed4       0x1c CMakeFiles/foxdac.dir/Users/weeblabs/pico-sdk/src/rp2_common/pico_stdio/stdio.c.o
                0x20005ed4                stdio_putchar
                0x20005ed4                __wrap_putchar
 .text.__wrap_puts
                0x20005ef0       0x34 CMakeFiles/foxdac.dir/Users/weeblabs/pico-sdk/src/rp2_common/pico_stdio/stdio.c.o
                0x20005ef0                __wrap_puts
                0x20005ef0                stdio_puts
 .text.__wrap_vprintf
                0x20005f24       0xc4 CMakeFiles/foxdac.dir/Users/weeblabs/pico-sdk/src/rp2_common/pico_stdio/stdio.c.o
                0x20005f24                __wrap_vprintf
                0x20005f24                stdio_vprintf
 .text.__wrap_printf
                0x20005fe8       0x18 CMakeFiles/foxdac.dir/Users/weeblabs/pico-sdk/src/rp2_common/pico_stdio/stdio.c.o
                0x20005fe8                stdio_printf
                0x20005fe8                __wrap_printf
 .text.startup._retrieve_unique_id_on_boot
                0x20006000       0x10 CMakeFiles/foxdac.dir/Users/weeblabs/pico-sdk/src/rp2_common/pico_unique_id/unique_id.c.o
 .text.pico_get_unique_board_id_string
                0x20006010       0x48 CMakeFiles/foxdac.dir/Users/weeblabs/pico-sdk/src/rp2_common/pico_unique_id/unique_id.c.o
                0x20006010                pico_get_unique_board_id_string
 .text.flash_get_unique_id
                0x20006058       0x3c CMakeFiles/foxdac.dir/Users/weeblabs/pico-sdk/src/rp2_common/hardware_flash/flash.c.o
                0x20006058                flash_get_unique_id
 .text.wrap_producer_give
                0x20006094       0x18 CMakeFiles/foxdac.dir/Users/weeblabs/pico-extras/src/rp2_common/pico_audio_spdif/audio_spdif.c.o
 .text.update_pio_frequency
                0x200060ac       0x54 CMakeFiles/foxdac.dir/Users/weeblabs/pico-extras/src/rp2_common/pico_audio_spdif/audio_spdif.c.o
 .text.wrap_consumer_take
                0x20006100       0x28 CMakeFiles/foxdac.dir/Users/weeblabs/pico-extras/src/rp2_common/pico_audio_spdif/audio_spdif.c.o
 .text.init_spdif_buffer.isra.0
                0x20006128       0x5c CMakeFiles/foxdac.dir/Users/weeblabs/pico-extras/src/rp2_common/pico_audio_spdif/audio_spdif.c.o
 .text.spdif_program_init
                0x20006184       0x70 CMakeFiles/foxdac.dir/Users/weeblabs/pico-extras/src/rp2_common/pico_audio_spdif/audio_spdif.c.o
                0x20006184                spdif_program_init
 .text.audio_spdif_setup
                0x200061f4      0x1b8 CMakeFiles/foxdac.dir/Users/weeblabs/pico-extras/src/rp2_common/pico_audio_spdif/audio_spdif.c.o
                0x200061f4                audio_spdif_setup
 .text.audio_spdif_connect_extra
                0x200063ac       0xa4 CMakeFiles/foxdac.dir/Users/weeblabs/pico-extras/src/rp2_common/pico_audio_spdif/audio_spdif.c.o
                0x200063ac                audio_spdif_connect_extra
 .text.audio_spdif_set_enabled
                0x20006450       0x78 CMakeFiles/foxdac.dir/Users/weeblabs/pico-extras/src/rp2_common/pico_audio_spdif/audio_spdif.c.o
                0x20006450                audio_spdif_set_enabled
 .text.stereo_to_spdif_producer_give
                0x200064c8      0x14c CMakeFiles/foxdac.dir/Users/weeblabs/pico-extras/src/rp2_common/pico_audio_spdif/sample_encoding.cpp.o
                0x200064c8                stereo_to_spdif_producer_give
 .text.dma_channel_claim
                0x20006614       0x18 CMakeFiles/foxdac.dir/Users/weeblabs/pico-sdk/src/rp2_common/hardware_dma/dma.c.o
                0x20006614                dma_channel_claim
 .text.find_offset_for_program.isra.0
                0x2000662c       0x5c CMakeFiles/foxdac.dir/Users/weeblabs/pico-sdk/src/rp2_common/hardware_pio/pio.c.o
 .text.add_program_at_offset
                0x20006688       0x9c CMakeFiles/foxdac.dir/Users/weeblabs/pico-sdk/src/rp2_common/hardware_pio/pio.c.o
 .text.pio_sm_claim
                0x20006724       0x30 CMakeFiles/foxdac.dir/Users/weeblabs/pico-sdk/src/rp2_common/hardware_pio/pio.c.o
                0x20006724                pio_sm_claim
 .text.pio_add_program
                0x20006754       0x34 CMakeFiles/foxdac.dir/Users/weeblabs/pico-sdk/src/rp2_common/hardware_pio/pio.c.o
                0x20006754                pio_add_program
 .text.pio_sm_set_pins
                0x20006788       0x90 CMakeFiles/foxdac.dir/Users/weeblabs/pico-sdk/src/rp2_common/hardware_pio/pio.c.o
                0x20006788                pio_sm_set_pins
 .text.pio_sm_set_consecutive_pindirs
                0x20006818       0xb0 CMakeFiles/foxdac.dir/Users/weeblabs/pico-sdk/src/rp2_common/hardware_pio/pio.c.o
                0x20006818                pio_sm_set_consecutive_pindirs
 .text.pio_sm_init
                0x200068c8       0xa8 CMakeFiles/foxdac.dir/Users/weeblabs/pico-sdk/src/rp2_common/hardware_pio/pio.c.o
                0x200068c8                pio_sm_init
 .text.producer_pool_give_buffer_default
                0x20006970       0x3c CMakeFiles/foxdac.dir/Users/weeblabs/pico-extras/src/common/pico_audio/audio.cpp.o
                0x20006970                producer_pool_give_buffer_default
 .text.consumer_pool_give_buffer_default
                0x200069ac       0x2c CMakeFiles/foxdac.dir/Users/weeblabs/pico-extras/src/common/pico_audio/audio.cpp.o
                0x200069ac                consumer_pool_give_buffer_default
 .text.get_free_audio_buffer
                0x200069d8       0x48 CMakeFiles/foxdac.dir/Users/weeblabs/pico-extras/src/common/pico_audio/audio.cpp.o
                0x200069d8                get_free_audio_buffer
 .text.producer_pool_take_buffer_default
                0x20006a20        0xc CMakeFiles/foxdac.dir/Users/weeblabs/pico-extras/src/common/pico_audio/audio.cpp.o
                0x20006a20                producer_pool_take_buffer_default
 .text.queue_free_audio_buffer
                0x20006a2c       0x2c CMakeFiles/foxdac.dir/Users/weeblabs/pico-extras/src/common/pico_audio/audio.cpp.o
                0x20006a2c                queue_free_audio_buffer
 .text.get_full_audio_buffer
                0x20006a58       0x58 CMakeFiles/foxdac.dir/Users/weeblabs/pico-extras/src/common/pico_audio/audio.cpp.o
                0x20006a58                get_full_audio_buffer
 .text.consumer_pool_take_buffer_default
                0x20006ab0        0xc CMakeFiles/foxdac.dir/Users/weeblabs/pico-extras/src/common/pico_audio/audio.cpp.o
                0x20006ab0                consumer_pool_take_buffer_default
 .text.queue_full_audio_buffer
                0x20006abc       0x38 CMakeFiles/foxdac.dir/Users/weeblabs/pico-extras/src/common/pico_audio/audio.cpp.o
                0x20006abc                queue_full_audio_buffer
 .text._Z21audio_new_buffer_poolP19audio_buffer_formatii
                0x20006af4       0xe8 CMakeFiles/foxdac.dir/Users/weeblabs/pico-extras/src/common/pico_audio/audio.cpp.o
                0x20006af4                audio_new_buffer_pool(audio_buffer_format*, int, int)
 .text.audio_new_producer_pool
                0x20006bdc        0xc CMakeFiles/foxdac.dir/Users/weeblabs/pico-extras/src/common/pico_audio/audio.cpp.o
                0x20006bdc                audio_new_producer_pool
 .text.audio_new_consumer_pool
                0x20006be8        0xc CMakeFiles/foxdac.dir/Users/weeblabs/pico-extras/src/common/pico_audio/audio.cpp.o
                0x20006be8                audio_new_consumer_pool
 .text.audio_complete_connection
                0x20006bf4        0xc CMakeFiles/foxdac.dir/Users/weeblabs/pico-extras/src/common/pico_audio/audio.cpp.o
                0x20006bf4                audio_complete_connection
 .text.give_audio_buffer
                0x20006c00       0x20 CMakeFiles/foxdac.dir/Users/weeblabs/pico-extras/src/common/pico_audio/audio.cpp.o
                0x20006c00                give_audio_buffer
 .text.take_audio_buffer
                0x20006c20       0x1c CMakeFiles/foxdac.dir/Users/weeblabs/pico-extras/src/common/pico_audio/audio.cpp.o
                0x20006c20                take_audio_buffer
 .text.hw_endpoint_init
                0x20006c3c       0x94 CMakeFiles/foxdac.dir/Users/weeblabs/pico-sdk/lib/tinyusb/src/portable/raspberrypi/rp2040/dcd_rp2040.c.o
 .text.dcd_init
                0x20006cd0       0x90 CMakeFiles/foxdac.dir/Users/weeblabs/pico-sdk/lib/tinyusb/src/portable/raspberrypi/rp2040/dcd_rp2040.c.o
                0x20006cd0                dcd_init
 .text.dcd_int_enable
                0x20006d60        0xc CMakeFiles/foxdac.dir/Users/weeblabs/pico-sdk/lib/tinyusb/src/portable/raspberrypi/rp2040/dcd_rp2040.c.o
                0x20006d60                dcd_int_enable
 .text.dcd_set_address
                0x20006d6c       0x14 CMakeFiles/foxdac.dir/Users/weeblabs/pico-sdk/lib/tinyusb/src/portable/raspberrypi/rp2040/dcd_rp2040.c.o
                0x20006d6c                dcd_set_address
 .text.dcd_sof_enable
                0x20006d80       0x1c CMakeFiles/foxdac.dir/Users/weeblabs/pico-sdk/lib/tinyusb/src/portable/raspberrypi/rp2040/dcd_rp2040.c.o
                0x20006d80                dcd_sof_enable
 .text.dcd_edpt0_status_complete
                0x20006d9c       0x1c CMakeFiles/foxdac.dir/Users/weeblabs/pico-sdk/lib/tinyusb/src/portable/raspberrypi/rp2040/dcd_rp2040.c.o
                0x20006d9c                dcd_edpt0_status_complete
 .text.dcd_edpt_open
                0x20006db8       0xa0 CMakeFiles/foxdac.dir/Users/weeblabs/pico-sdk/lib/tinyusb/src/portable/raspberrypi/rp2040/dcd_rp2040.c.o
                0x20006db8                dcd_edpt_open
 .text.dcd_edpt_iso_alloc
                0x20006e58       0x5c CMakeFiles/foxdac.dir/Users/weeblabs/pico-sdk/lib/tinyusb/src/portable/raspberrypi/rp2040/dcd_rp2040.c.o
                0x20006e58                dcd_edpt_iso_alloc
 .text.dcd_edpt_iso_activate
                0x20006eb4       0x48 CMakeFiles/foxdac.dir/Users/weeblabs/pico-sdk/lib/tinyusb/src/portable/raspberrypi/rp2040/dcd_rp2040.c.o
                0x20006eb4                dcd_edpt_iso_activate
 .text.dcd_edpt_close_all
                0x20006efc        0x8 CMakeFiles/foxdac.dir/Users/weeblabs/pico-sdk/lib/tinyusb/src/portable/raspberrypi/rp2040/dcd_rp2040.c.o
                0x20006efc                dcd_edpt_close_all
 .text.dcd_edpt_xfer
                0x20006f04       0x24 CMakeFiles/foxdac.dir/Users/weeblabs/pico-sdk/lib/tinyusb/src/portable/raspberrypi/rp2040/dcd_rp2040.c.o
                0x20006f04                dcd_edpt_xfer
 .text.dcd_edpt_stall
                0x20006f28       0x3c CMakeFiles/foxdac.dir/Users/weeblabs/pico-sdk/lib/tinyusb/src/portable/raspberrypi/rp2040/dcd_rp2040.c.o
                0x20006f28                dcd_edpt_stall
 .text.dcd_edpt_clear_stall
                0x20006f64       0x30 CMakeFiles/foxdac.dir/Users/weeblabs/pico-sdk/lib/tinyusb/src/portable/raspberrypi/rp2040/dcd_rp2040.c.o
                0x20006f64                dcd_edpt_clear_stall
 .text.rp2040_usb_init
                0x20006f94       0x40 CMakeFiles/foxdac.dir/Users/weeblabs/pico-sdk/lib/tinyusb/src/portable/raspberrypi/rp2040/rp2040_usb.c.o
                0x20006f94                rp2040_usb_init
 .text.hw_endpoint_xfer_start
                0x20006fd4       0x40 CMakeFiles/foxdac.dir/Users/weeblabs/pico-sdk/lib/tinyusb/src/portable/raspberrypi/rp2040/rp2040_usb.c.o
                0x20006fd4                hw_endpoint_xfer_start
 .text.configuration_reset
                0x20007014       0x7c CMakeFiles/foxdac.dir/Users/weeblabs/pico-sdk/lib/tinyusb/src/device/usbd.c.o
 .text.tud_event_hook_cb
                0x20007090        0x4 CMakeFiles/foxdac.dir/Users/weeblabs/pico-sdk/lib/tinyusb/src/device/usbd.c.o
                0x20007090                tud_event_hook_cb
 .text.tud_sof_cb
                0x20007094        0x4 CMakeFiles/foxdac.dir/Users/weeblabs/pico-sdk/lib/tinyusb/src/device/usbd.c.o
                0x20007094                tud_sof_cb
 .text.tud_descriptor_bos_cb
                0x20007098        0x4 CMakeFiles/foxdac.dir/Users/weeblabs/pico-sdk/lib/tinyusb/src/device/usbd.c.o
                0x20007098                tud_descriptor_bos_cb
 .text.tud_descriptor_device_qualifier_cb
                0x2000709c        0x4 CMakeFiles/foxdac.dir/Users/weeblabs/pico-sdk/lib/tinyusb/src/device/usbd.c.o
                0x2000709c                tud_descriptor_device_qualifier_cb
 .text.tud_descriptor_other_speed_configuration_cb
                0x200070a0        0x4 CMakeFiles/foxdac.dir/Users/weeblabs/pico-sdk/lib/tinyusb/src/device/usbd.c.o
                0x200070a0                tud_descriptor_other_speed_configuration_cb
 .text.tud_mount_cb
                0x200070a4        0x4 CMakeFiles/foxdac.dir/Users/weeblabs/pico-sdk/lib/tinyusb/src/device/usbd.c.o
                0x200070a4                tud_mount_cb
 .text.tud_umount_cb
                0x200070a8        0x4 CMakeFiles/foxdac.dir/Users/weeblabs/pico-sdk/lib/tinyusb/src/device/usbd.c.o
                0x200070a8                tud_umount_cb
 .text.tud_suspend_cb
                0x200070ac        0x4 CMakeFiles/foxdac.dir/Users/weeblabs/pico-sdk/lib/tinyusb/src/device/usbd.c.o
                0x200070ac                tud_suspend_cb
 .text.tud_resume_cb
                0x200070b0        0x4 CMakeFiles/foxdac.dir/Users/weeblabs/pico-sdk/lib/tinyusb/src/device/usbd.c.o
                0x200070b0                tud_resume_cb
 .text.tud_speed_get
                0x200070b4        0xc CMakeFiles/foxdac.dir/Users/weeblabs/pico-sdk/lib/tinyusb/src/device/usbd.c.o
                0x200070b4                tud_speed_get
 .text.tud_rhport_init
                0x200070c0       0xf0 CMakeFiles/foxdac.dir/Users/weeblabs/pico-sdk/lib/tinyusb/src/device/usbd.c.o
                0x200070c0                tud_rhport_init
 .text.tud_task_ext
                0x200071b0      0x66c CMakeFiles/foxdac.dir/Users/weeblabs/pico-sdk/lib/tinyusb/src/device/usbd.c.o
                0x200071b0                tud_task_ext
 .text.usbd_edpt_open
                0x2000781c       0x34 CMakeFiles/foxdac.dir/Users/weeblabs/pico-sdk/lib/tinyusb/src/device/usbd.c.o
                0x2000781c                usbd_edpt_open
 .text.usbd_edpt_claim
                0x20007850       0x28 CMakeFiles/foxdac.dir/Users/weeblabs/pico-sdk/lib/tinyusb/src/device/usbd.c.o
                0x20007850                usbd_edpt_claim
 .text.usbd_edpt_release
                0x20007878       0x28 CMakeFiles/foxdac.dir/Users/weeblabs/pico-sdk/lib/tinyusb/src/device/usbd.c.o
                0x20007878                usbd_edpt_release
 .text.usbd_edpt_xfer
                0x200078a0       0x50 CMakeFiles/foxdac.dir/Users/weeblabs/pico-sdk/lib/tinyusb/src/device/usbd.c.o
                0x200078a0                usbd_edpt_xfer
 .text.usbd_edpt_clear_stall
                0x200078f0       0x38 CMakeFiles/foxdac.dir/Users/weeblabs/pico-sdk/lib/tinyusb/src/device/usbd.c.o
                0x200078f0                usbd_edpt_clear_stall
 .text.usbd_sof_enable
                0x20007928       0x50 CMakeFiles/foxdac.dir/Users/weeblabs/pico-sdk/lib/tinyusb/src/device/usbd.c.o
                0x20007928                usbd_sof_enable
 .text.usbd_edpt_iso_alloc
                0x20007978       0x18 CMakeFiles/foxdac.dir/Users/weeblabs/pico-sdk/lib/tinyusb/src/device/usbd.c.o
                0x20007978                usbd_edpt_iso_alloc
 .text.usbd_edpt_iso_activate
                0x20007990       0x5c CMakeFiles/foxdac.dir/Users/weeblabs/pico-sdk/lib/tinyusb/src/device/usbd.c.o
                0x20007990                usbd_edpt_iso_activate
 .text.data_stage_xact
                0x200079ec       0x58 CMakeFiles/foxdac.dir/Users/weeblabs/pico-sdk/lib/tinyusb/src/device/usbd_control.c.o
 .text.tud_control_status
                0x20007a44       0x2c CMakeFiles/foxdac.dir/Users/weeblabs/pico-sdk/lib/tinyusb/src/device/usbd_control.c.o
                0x20007a44                tud_control_status
 .text.tud_control_xfer
                0x20007a70       0x64 CMakeFiles/foxdac.dir/Users/weeblabs/pico-sdk/lib/tinyusb/src/device/usbd_control.c.o
                0x20007a70                tud_control_xfer
 .text.usbd_control_reset
                0x20007ad4       0x14 CMakeFiles/foxdac.dir/Users/weeblabs/pico-sdk/lib/tinyusb/src/device/usbd_control.c.o
                0x20007ad4                usbd_control_reset
 .text.usbd_control_set_complete_callback
                0x20007ae8        0xc CMakeFiles/foxdac.dir/Users/weeblabs/pico-sdk/lib/tinyusb/src/device/usbd_control.c.o
                0x20007ae8                usbd_control_set_complete_callback
 .text.usbd_control_set_request
                0x20007af4       0x1c CMakeFiles/foxdac.dir/Users/weeblabs/pico-sdk/lib/tinyusb/src/device/usbd_control.c.o
                0x20007af4                usbd_control_set_request
 .text.usbd_control_xfer_cb
                0x20007b10       0xa8 CMakeFiles/foxdac.dir/Users/weeblabs/pico-sdk/lib/tinyusb/src/device/usbd_control.c.o
                0x20007b10                usbd_control_xfer_cb
 .text.audiod_verify_entity_exists
                0x20007bb8       0x54 CMakeFiles/foxdac.dir/Users/weeblabs/pico-sdk/lib/tinyusb/src/class/audio/audio_device.c.o
 .text.audiod_verify_itf_exists
                0x20007c0c       0x44 CMakeFiles/foxdac.dir/Users/weeblabs/pico-sdk/lib/tinyusb/src/class/audio/audio_device.c.o
 .text.audiod_verify_ep_exists
                0x20007c50       0x50 CMakeFiles/foxdac.dir/Users/weeblabs/pico-sdk/lib/tinyusb/src/class/audio/audio_device.c.o
 .text.audiod_get_AS_interface_index.constprop.0
                0x20007ca0       0x64 CMakeFiles/foxdac.dir/Users/weeblabs/pico-sdk/lib/tinyusb/src/class/audio/audio_device.c.o
 .text.tud_audio_rx_done_post_read_cb
                0x20007d04        0x4 CMakeFiles/foxdac.dir/Users/weeblabs/pico-sdk/lib/tinyusb/src/class/audio/audio_device.c.o
                0x20007d04                tud_audio_rx_done_post_read_cb
 .text.tud_audio_fb_done_cb
                0x20007d08        0x4 CMakeFiles/foxdac.dir/Users/weeblabs/pico-sdk/lib/tinyusb/src/class/audio/audio_device.c.o
                0x20007d08                tud_audio_fb_done_cb
 .text.tud_audio_feedback_format_correction_cb
                0x20007d0c        0x4 CMakeFiles/foxdac.dir/Users/weeblabs/pico-sdk/lib/tinyusb/src/class/audio/audio_device.c.o
                0x20007d0c                tud_audio_feedback_format_correction_cb
 .text.tud_audio_set_req_itf_cb
                0x20007d10        0x4 CMakeFiles/foxdac.dir/Users/weeblabs/pico-sdk/lib/tinyusb/src/class/audio/audio_device.c.o
                0x20007d10                tud_audio_set_req_itf_cb
 .text.tud_audio_get_req_itf_cb
                0x20007d14        0x4 CMakeFiles/foxdac.dir/Users/weeblabs/pico-sdk/lib/tinyusb/src/class/audio/audio_device.c.o
                0x20007d14                tud_audio_get_req_itf_cb
 .text.tud_audio_n_mounted
                0x20007d18       0x14 CMakeFiles/foxdac.dir/Users/weeblabs/pico-sdk/lib/tinyusb/src/class/audio/audio_device.c.o
                0x20007d18                tud_audio_n_mounted
 .text.tud_audio_n_read
                0x20007d2c       0x20 CMakeFiles/foxdac.dir/Users/weeblabs/pico-sdk/lib/tinyusb/src/class/audio/audio_device.c.o
                0x20007d2c                tud_audio_n_read
 .text.audiod_init
                0x20007d4c       0x68 CMakeFiles/foxdac.dir/Users/weeblabs/pico-sdk/lib/tinyusb/src/class/audio/audio_device.c.o
                0x20007d4c                audiod_init
 .text.audiod_deinit
                0x20007db4        0x4 CMakeFiles/foxdac.dir/Users/weeblabs/pico-sdk/lib/tinyusb/src/class/audio/audio_device.c.o
                0x20007db4                audiod_deinit
 .text.audiod_reset
                0x20007db8       0x1c CMakeFiles/foxdac.dir/Users/weeblabs/pico-sdk/lib/tinyusb/src/class/audio/audio_device.c.o
                0x20007db8                audiod_reset
 .text.audiod_open
                0x20007dd4       0xd8 CMakeFiles/foxdac.dir/Users/weeblabs/pico-sdk/lib/tinyusb/src/class/audio/audio_device.c.o
                0x20007dd4                audiod_open
 .text.audiod_control_xfer_cb
                0x20007eac      0x504 CMakeFiles/foxdac.dir/Users/weeblabs/pico-sdk/lib/tinyusb/src/class/audio/audio_device.c.o
                0x20007eac                audiod_control_xfer_cb
 .text.audiod_xfer_cb
                0x200083b0      0x190 CMakeFiles/foxdac.dir/Users/weeblabs/pico-sdk/lib/tinyusb/src/class/audio/audio_device.c.o
                0x200083b0                audiod_xfer_cb
 .text.tud_audio_n_fb_set
                0x20008540       0x68 CMakeFiles/foxdac.dir/Users/weeblabs/pico-sdk/lib/tinyusb/src/class/audio/audio_device.c.o
                0x20008540                tud_audio_n_fb_set
 .text.vendord_init
                0x200085a8       0x54 CMakeFiles/foxdac.dir/Users/weeblabs/pico-sdk/lib/tinyusb/src/class/vendor/vendor_device.c.o
                0x200085a8                vendord_init
 .text.vendord_deinit
                0x200085fc       0x1c CMakeFiles/foxdac.dir/Users/weeblabs/pico-sdk/lib/tinyusb/src/class/vendor/vendor_device.c.o
                0x200085fc                vendord_deinit
 .text.vendord_reset
                0x20008618       0x24 CMakeFiles/foxdac.dir/Users/weeblabs/pico-sdk/lib/tinyusb/src/class/vendor/vendor_device.c.o
                0x20008618                vendord_reset
 .text.vendord_open
                0x2000863c      0x100 CMakeFiles/foxdac.dir/Users/weeblabs/pico-sdk/lib/tinyusb/src/class/vendor/vendor_device.c.o
                0x2000863c                vendord_open
 .text.vendord_xfer_cb
                0x2000873c       0x94 CMakeFiles/foxdac.dir/Users/weeblabs/pico-sdk/lib/tinyusb/src/class/vendor/vendor_device.c.o
                0x2000873c                vendord_xfer_cb
 .text.tu_edpt_claim
                0x200087d0       0x50 CMakeFiles/foxdac.dir/Users/weeblabs/pico-sdk/lib/tinyusb/src/tusb.c.o
                0x200087d0                tu_edpt_claim
 .text.tu_edpt_release
                0x20008820       0x38 CMakeFiles/foxdac.dir/Users/weeblabs/pico-sdk/lib/tinyusb/src/tusb.c.o
                0x20008820                tu_edpt_release
 .text.tu_edpt_validate
                0x20008858       0x74 CMakeFiles/foxdac.dir/Users/weeblabs/pico-sdk/lib/tinyusb/src/tusb.c.o
                0x20008858                tu_edpt_validate
 .text.tu_edpt_bind_driver
                0x200088cc       0x2c CMakeFiles/foxdac.dir/Users/weeblabs/pico-sdk/lib/tinyusb/src/tusb.c.o
                0x200088cc                tu_edpt_bind_driver
 .text.tu_edpt_stream_init
                0x200088f8       0x68 CMakeFiles/foxdac.dir/Users/weeblabs/pico-sdk/lib/tinyusb/src/tusb.c.o
                0x200088f8                tu_edpt_stream_init
 .text.tu_edpt_stream_deinit
                0x20008960        0x4 CMakeFiles/foxdac.dir/Users/weeblabs/pico-sdk/lib/tinyusb/src/tusb.c.o
                0x20008960                tu_edpt_stream_deinit
 .text.tu_edpt_stream_write_zlp_if_needed
                0x20008964       0x64 CMakeFiles/foxdac.dir/Users/weeblabs/pico-sdk/lib/tinyusb/src/tusb.c.o
                0x20008964                tu_edpt_stream_write_zlp_if_needed
 .text.tu_edpt_stream_write_xfer
                0x200089c8       0x6c CMakeFiles/foxdac.dir/Users/weeblabs/pico-sdk/lib/tinyusb/src/tusb.c.o
                0x200089c8                tu_edpt_stream_write_xfer
 .text.tu_edpt_stream_read_xfer
                0x20008a34       0xd0 CMakeFiles/foxdac.dir/Users/weeblabs/pico-sdk/lib/tinyusb/src/tusb.c.o
                0x20008a34                tu_edpt_stream_read_xfer
 .text._tu_fifo_peek
                0x20008b04       0x54 CMakeFiles/foxdac.dir/Users/weeblabs/pico-sdk/lib/tinyusb/src/common/tusb_fifo.c.o
 .text._tu_fifo_peek_n.constprop.0
                0x20008b58       0xac CMakeFiles/foxdac.dir/Users/weeblabs/pico-sdk/lib/tinyusb/src/common/tusb_fifo.c.o
 .text.tu_fifo_config
                0x20008c04       0x6c CMakeFiles/foxdac.dir/Users/weeblabs/pico-sdk/lib/tinyusb/src/common/tusb_fifo.c.o
                0x20008c04                tu_fifo_config
 .text.tu_fifo_count
                0x20008c70       0x2c CMakeFiles/foxdac.dir/Users/weeblabs/pico-sdk/lib/tinyusb/src/common/tusb_fifo.c.o
                0x20008c70                tu_fifo_count
 .text.tu_fifo_remaining
                0x20008c9c       0x2c CMakeFiles/foxdac.dir/Users/weeblabs/pico-sdk/lib/tinyusb/src/common/tusb_fifo.c.o
                0x20008c9c                tu_fifo_remaining
 .text.tu_fifo_read
                0x20008cc8       0x4c CMakeFiles/foxdac.dir/Users/weeblabs/pico-sdk/lib/tinyusb/src/common/tusb_fifo.c.o
                0x20008cc8                tu_fifo_read
 .text.tu_fifo_read_n
                0x20008d14       0x54 CMakeFiles/foxdac.dir/Users/weeblabs/pico-sdk/lib/tinyusb/src/common/tusb_fifo.c.o
                0x20008d14                tu_fifo_read_n
 .text.tu_fifo_write
                0x20008d68       0xa4 CMakeFiles/foxdac.dir/Users/weeblabs/pico-sdk/lib/tinyusb/src/common/tusb_fifo.c.o
                0x20008d68                tu_fifo_write
 .text.tu_fifo_write_n
                0x20008e0c      0x168 CMakeFiles/foxdac.dir/Users/weeblabs/pico-sdk/lib/tinyusb/src/common/tusb_fifo.c.o
                0x20008e0c                tu_fifo_write_n
 .text.tu_fifo_clear
                0x20008f74       0x40 CMakeFiles/foxdac.dir/Users/weeblabs/pico-sdk/lib/tinyusb/src/common/tusb_fifo.c.o
                0x20008f74                tu_fifo_clear
 .text          0x20008fb4        0x4 /Applications/ArmGNUToolchain/15.2.rel1/arm-none-eabi/bin/../lib/gcc/arm-none-eabi/15.2.1/thumb/v6-m/nofp/libgcc.a(_dvmd_tls.o)
                0x20008fb4                __aeabi_ldiv0
                0x20008fb4                __aeabi_idiv0
 .text.calloc   0x20008fb8       0x14 /Applications/ArmGNUToolchain/15.2.rel1/arm-none-eabi/bin/../lib/gcc/arm-none-eabi/15.2.1/../../../../arm-none-eabi/lib/thumb/v6-m/nofp/libg.a(libc_a-calloc.o)
                0x20008fb8                calloc
 .text._calloc_r
                0x20008fcc       0xb8 /Applications/ArmGNUToolchain/15.2.rel1/arm-none-eabi/bin/../lib/gcc/arm-none-eabi/15.2.1/../../../../arm-none-eabi/lib/thumb/v6-m/nofp/libg.a(libc_a-callocr.o)
                0x20008fcc                _calloc_r
 .text.malloc   0x20009084       0x14 /Applications/ArmGNUToolchain/15.2.rel1/arm-none-eabi/bin/../lib/gcc/arm-none-eabi/15.2.1/../../../../arm-none-eabi/lib/thumb/v6-m/nofp/libg.a(libc_a-malloc.o)
                0x20009084                malloc
 .text.free     0x20009098       0x14 /Applications/ArmGNUToolchain/15.2.rel1/arm-none-eabi/bin/../lib/gcc/arm-none-eabi/15.2.1/../../../../arm-none-eabi/lib/thumb/v6-m/nofp/libg.a(libc_a-malloc.o)
                0x20009098                free
 .text._malloc_r
                0x200090ac      0x564 /Applications/ArmGNUToolchain/15.2.rel1/arm-none-eabi/bin/../lib/gcc/arm-none-eabi/15.2.1/../../../../arm-none-eabi/lib/thumb/v6-m/nofp/libg.a(libc_a-mallocr.o)
                0x200090ac                _malloc_r
 .text.__malloc_lock
                0x20009610       0x10 /Applications/ArmGNUToolchain/15.2.rel1/arm-none-eabi/bin/../lib/gcc/arm-none-eabi/15.2.1/../../../../arm-none-eabi/lib/thumb/v6-m/nofp/libg.a(libc_a-mlock.o)
                0x20009610                __malloc_lock
 .text.__malloc_unlock
                0x20009620       0x10 /Applications/ArmGNUToolchain/15.2.rel1/arm-none-eabi/bin/../lib/gcc/arm-none-eabi/15.2.1/../../../../arm-none-eabi/lib/thumb/v6-m/nofp/libg.a(libc_a-mlock.o)
                0x20009620                __malloc_unlock
 .text._sbrk_r  0x20009630       0x24 /Applications/ArmGNUToolchain/15.2.rel1/arm-none-eabi/bin/../lib/gcc/arm-none-eabi/15.2.1/../../../../arm-none-eabi/lib/thumb/v6-m/nofp/libg.a(libc_a-sbrkr.o)
                0x20009630                _sbrk_r
 .text.__errno  0x20009654        0xc /Applications/ArmGNUToolchain/15.2.rel1/arm-none-eabi/bin/../lib/gcc/arm-none-eabi/15.2.1/../../../../arm-none-eabi/lib/thumb/v6-m/nofp/libg.a(libc_a-errno.o)
                0x20009654                __errno
 .text.sysconf  0x20009660       0x1c /Applications/ArmGNUToolchain/15.2.rel1/arm-none-eabi/bin/../lib/gcc/arm-none-eabi/15.2.1/../../../../arm-none-eabi/lib/thumb/v6-m/nofp/libg.a(libc_a-sysconf.o)
                0x20009660                sysconf
 .text.__retarget_lock_acquire_recursive
                0x2000967c        0x4 /Applications/ArmGNUToolchain/15.2.rel1/arm-none-eabi/bin/../lib/gcc/arm-none-eabi/15.2.1/../../../../arm-none-eabi/lib/thumb/v6-m/nofp/libg.a(libc_a-lock.o)
                0x2000967c                __retarget_lock_acquire_recursive
 .text.__retarget_lock_release_recursive
                0x20009680        0x4 /Applications/ArmGNUToolchain/15.2.rel1/arm-none-eabi/bin/../lib/gcc/arm-none-eabi/15.2.1/../../../../arm-none-eabi/lib/thumb/v6-m/nofp/libg.a(libc_a-lock.o)
                0x20009680                __retarget_lock_release_recursive
 .text.strlen   0x20009684       0x60 /Applications/ArmGNUToolchain/15.2.rel1/arm-none-eabi/bin/../lib/gcc/arm-none-eabi/15.2.1/../../../../arm-none-eabi/lib/thumb/v6-m/nofp/libg.a(libc_a-strlen-stub.o)
                0x20009684                strlen
 .text._malloc_trim_r
                0x200096e4       0xb0 /Applications/ArmGNUToolchain/15.2.rel1/arm-none-eabi/bin/../lib/gcc/arm-none-eabi/15.2.1/../../../../arm-none-eabi/lib/thumb/v6-m/nofp/libg.a(libc_a-freer.o)
                0x200096e4                _malloc_trim_r
 .text._free_r  0x20009794      0x1d4 /Applications/ArmGNUToolchain/15.2.rel1/arm-none-eabi/bin/../lib/gcc/arm-none-eabi/15.2.1/../../../../arm-none-eabi/lib/thumb/v6-m/nofp/libg.a(libc_a-freer.o)
                0x20009794                _free_r
 *(.fini)
 .fini          0x20009968        0x4 /Applications/ArmGNUToolchain/15.2.rel1/arm-none-eabi/bin/../lib/gcc/arm-none-eabi/15.2.1/thumb/v6-m/nofp/crti.o
                0x20009968                _fini
 *crtbegin.o(.ctors)
 *crtbegin?.o(.ctors)
 *(EXCLUDE_FILE(*crtend.o *crtend?.o) .ctors)
 *(SORT_BY_NAME(.ctors.*))
 *(.ctors)
 *crtbegin.o(.dtors)
 *crtbegin?.o(.dtors)
 *(EXCLUDE_FILE(*crtend.o *crtend?.o) .dtors)
 *(SORT_BY_NAME(.dtors.*))
 *(.dtors)
 *(.eh_frame*)
 .eh_frame      0x2000996c        0x0 /Applications/ArmGNUToolchain/15.2.rel1/arm-none-eabi/bin/../lib/gcc/arm-none-eabi/15.2.1/thumb/v6-m/nofp/crtbegin.o
                0x2000996c                        . = ALIGN (0x4)
                0x2000996c                        __ram_text_end__ = .
                0x100002b4                        __ram_text_source__ = LOADADDR (.text)

.glue_7         0x2000996c        0x0 load address 0x10009b60
 .glue_7        0x2000996c        0x0 linker stubs

.glue_7t        0x2000996c        0x0 load address 0x10009b60
 .glue_7t       0x2000996c        0x0 linker stubs

.vfp11_veneer   0x2000996c        0x0 load address 0x10009b60
 .vfp11_veneer  0x2000996c        0x0 linker stubs

.v4_bx          0x2000996c        0x0 load address 0x10009b60
 .v4_bx         0x2000996c        0x0 linker stubs

.iplt           0x2000996c        0x0 load address 0x10009b60
 .iplt          0x2000996c        0x0 /Applications/ArmGNUToolchain/15.2.rel1/arm-none-eabi/bin/../lib/gcc/arm-none-eabi/15.2.1/thumb/v6-m/nofp/crtbegin.o
                0x2000996c                        . = ALIGN (0x4)

.data           0x20009970     0x1cb4 load address 0x10009b60
                0x20009970                        __data_start__ = .
 *(vtable)
 *(.time_critical*)
 .time_critical.mutex_enter_blocking
                0x20009970       0x48 CMakeFiles/foxdac.dir/Users/weeblabs/pico-sdk/src/common/pico_sync/mutex.c.o
                0x20009970                mutex_enter_blocking
 .time_critical.mutex_enter_block_until
                0x200099b8       0x64 CMakeFiles/foxdac.dir/Users/weeblabs/pico-sdk/src/common/pico_sync/mutex.c.o
                0x200099b8                mutex_enter_block_until
 .time_critical.mutex_try_enter_block_until
                0x20009a1c       0x64 CMakeFiles/foxdac.dir/Users/weeblabs/pico-sdk/src/common/pico_sync/mutex.c.o
                0x20009a1c                mutex_try_enter_block_until
 .time_critical.mutex_enter_timeout_ms
                0x20009a80       0x3c CMakeFiles/foxdac.dir/Users/weeblabs/pico-sdk/src/common/pico_sync/mutex.c.o
                0x20009a80                mutex_enter_timeout_ms
 .time_critical.mutex_exit
                0x20009abc       0x28 CMakeFiles/foxdac.dir/Users/weeblabs/pico-sdk/src/common/pico_sync/mutex.c.o
                0x20009abc                mutex_exit
 .time_critical.flash_init_boot2_copyout
                0x20009ae4       0x30 CMakeFiles/foxdac.dir/Users/weeblabs/pico-sdk/src/rp2_common/hardware_flash/flash.c.o
 .time_critical.flash_enable_xip_via_boot2
                0x20009b14        0xc CMakeFiles/foxdac.dir/Users/weeblabs/pico-sdk/src/rp2_common/hardware_flash/flash.c.o
 .time_critical.flash_save_hardware_state
                0x20009b20       0x18 CMakeFiles/foxdac.dir/Users/weeblabs/pico-sdk/src/rp2_common/hardware_flash/flash.c.o
 .time_critical.flash_restore_hardware_state
                0x20009b38       0x1c CMakeFiles/foxdac.dir/Users/weeblabs/pico-sdk/src/rp2_common/hardware_flash/flash.c.o
 .time_critical.flash_cs_force
                0x20009b54       0x20 CMakeFiles/foxdac.dir/Users/weeblabs/pico-sdk/src/rp2_common/hardware_flash/flash.c.o
 .time_critical.flash_range_erase
                0x20009b74       0x90 CMakeFiles/foxdac.dir/Users/weeblabs/pico-sdk/src/rp2_common/hardware_flash/flash.c.o
                0x20009b74                flash_range_erase
 .time_critical.flash_range_program
                0x20009c04       0x90 CMakeFiles/foxdac.dir/Users/weeblabs/pico-sdk/src/rp2_common/hardware_flash/flash.c.o
                0x20009c04                flash_range_program
 .time_critical.flash_do_cmd
                0x20009c94      0x128 CMakeFiles/foxdac.dir/Users/weeblabs/pico-sdk/src/rp2_common/hardware_flash/flash.c.o
                0x20009c94                flash_do_cmd
 .time_critical.audio_spdif_dma_irq_handler
                0x20009dbc       0x60 CMakeFiles/foxdac.dir/Users/weeblabs/pico-extras/src/rp2_common/pico_audio_spdif/audio_spdif.c.o
 .time_critical.reset_non_control_endpoints
                0x20009e1c       0x3c CMakeFiles/foxdac.dir/Users/weeblabs/pico-sdk/lib/tinyusb/src/portable/raspberrypi/rp2040/dcd_rp2040.c.o
 .time_critical.hw_handle_buff_status
                0x20009e58       0x88 CMakeFiles/foxdac.dir/Users/weeblabs/pico-sdk/lib/tinyusb/src/portable/raspberrypi/rp2040/dcd_rp2040.c.o
 .time_critical.dcd_rp2040_irq
                0x20009ee0      0x1d4 CMakeFiles/foxdac.dir/Users/weeblabs/pico-sdk/lib/tinyusb/src/portable/raspberrypi/rp2040/dcd_rp2040.c.o
 .time_critical.prepare_ep_buffer
                0x2000a0b4       0x74 CMakeFiles/foxdac.dir/Users/weeblabs/pico-sdk/lib/tinyusb/src/portable/raspberrypi/rp2040/rp2040_usb.c.o
 .time_critical.sync_ep_buffer
                0x2000a128       0x54 CMakeFiles/foxdac.dir/Users/weeblabs/pico-sdk/lib/tinyusb/src/portable/raspberrypi/rp2040/rp2040_usb.c.o
 .time_critical._hw_endpoint_xfer_sync
                0x2000a17c       0x28 CMakeFiles/foxdac.dir/Users/weeblabs/pico-sdk/lib/tinyusb/src/portable/raspberrypi/rp2040/rp2040_usb.c.o
 .time_critical.e15_is_bulkin_ep
                0x2000a1a4       0x28 CMakeFiles/foxdac.dir/Users/weeblabs/pico-sdk/lib/tinyusb/src/portable/raspberrypi/rp2040/rp2040_usb.c.o
 .time_critical.e15_is_critical_frame_period
                0x2000a1cc       0x30 CMakeFiles/foxdac.dir/Users/weeblabs/pico-sdk/lib/tinyusb/src/portable/raspberrypi/rp2040/rp2040_usb.c.o
 .time_critical.hw_endpoint_reset_transfer
                0x2000a1fc        0xc CMakeFiles/foxdac.dir/Users/weeblabs/pico-sdk/lib/tinyusb/src/portable/raspberrypi/rp2040/rp2040_usb.c.o
                0x2000a1fc                hw_endpoint_reset_transfer
 .time_critical._hw_endpoint_buffer_control_update32
                0x2000a208       0x50 CMakeFiles/foxdac.dir/Users/weeblabs/pico-sdk/lib/tinyusb/src/portable/raspberrypi/rp2040/rp2040_usb.c.o
                0x2000a208                _hw_endpoint_buffer_control_update32
 .time_critical.hw_endpoint_start_next_buffer
                0x2000a258       0x68 CMakeFiles/foxdac.dir/Users/weeblabs/pico-sdk/lib/tinyusb/src/portable/raspberrypi/rp2040/rp2040_usb.c.o
                0x2000a258                hw_endpoint_start_next_buffer
 .time_critical.hw_endpoint_xfer_continue
                0x2000a2c0       0x40 CMakeFiles/foxdac.dir/Users/weeblabs/pico-sdk/lib/tinyusb/src/portable/raspberrypi/rp2040/rp2040_usb.c.o
                0x2000a2c0                hw_endpoint_xfer_continue
 .time_critical.tinyusb
                0x2000a300      0x1d8 CMakeFiles/foxdac.dir/Users/weeblabs/pico-sdk/lib/tinyusb/src/device/usbd.c.o
                0x2000a300                dcd_event_handler
 .time_critical.tinyusb
                0x2000a4d8       0x44 CMakeFiles/foxdac.dir/Users/weeblabs/pico-sdk/lib/tinyusb/src/class/audio/audio_device.c.o
                0x2000a4d8                tud_audio_feedback_interval_isr
                0x2000a4dc                audiod_sof_isr
                0x2000a51c                        . = ALIGN (0x4)
 *(.rodata*)
 .rodata.dsp_compute_coefficients
                0x2000a51c       0x18 CMakeFiles/foxdac.dir/dsp_pipeline.c.o
 .rodata.channel_band_counts
                0x2000a534        0x5 CMakeFiles/foxdac.dir/dsp_pipeline.c.o
                0x2000a534                channel_band_counts
 *fill*         0x2000a539        0x3 
 .rodata.tud_vendor_control_xfer_cb
                0x2000a53c       0xe0 CMakeFiles/foxdac.dir/usb_audio.c.o
 .rodata.clk_valid.3
                0x2000a61c        0x1 CMakeFiles/foxdac.dir/usb_audio.c.o
 *fill*         0x2000a61d        0x3 
 .rodata.sample_rate_range.4
                0x2000a620       0x1a CMakeFiles/foxdac.dir/usb_audio.c.o
 *fill*         0x2000a63a        0x2 
 .rodata.db_to_vol
                0x2000a63c       0xb6 CMakeFiles/foxdac.dir/usb_audio.c.o
 *fill*         0x2000a6f2        0x2 
 .rodata.ms_ext_prop_descriptor
                0x2000a6f4       0x8e CMakeFiles/foxdac.dir/usb_descriptors.c.o
 *fill*         0x2000a782        0x2 
 .rodata.ms_compat_id_descriptor
                0x2000a784       0x28 CMakeFiles/foxdac.dir/usb_descriptors.c.o
 .rodata.string_desc_arr
                0x2000a7ac       0x10 CMakeFiles/foxdac.dir/usb_descriptors.c.o
 .rodata.__compound_literal.0
                0x2000a7bc        0x2 CMakeFiles/foxdac.dir/usb_descriptors.c.o
 *fill*         0x2000a7be        0x2 
 .rodata.desc_configuration
                0x2000a7c0       0xa1 CMakeFiles/foxdac.dir/usb_descriptors.c.o
 *fill*         0x2000a861        0x3 
 .rodata.desc_device
                0x2000a864       0x12 CMakeFiles/foxdac.dir/usb_descriptors.c.o
                0x2000a864                desc_device
 *fill*         0x2000a876        0x2 
 .rodata.panic.str1.4
                0x2000a878      0x284 CMakeFiles/foxdac.dir/Users/weeblabs/pico-sdk/src/rp2_common/pico_platform_panic/panic.c.o
                                 0x12 (size before relaxing)
 .rodata.panic_unsupported.str1.4
                0x2000aafc        0x0 CMakeFiles/foxdac.dir/Users/weeblabs/pico-sdk/src/rp2_common/pico_platform_panic/panic.c.o
                                  0xe (size before relaxing)
 .rodata.spin_lock_claim_unused.str1.4
                0x2000aafc        0x0 CMakeFiles/foxdac.dir/Users/weeblabs/pico-sdk/src/rp2_common/hardware_sync/sync.c.o
                                 0x1b (size before relaxing)
 .rodata.timer_hardware_alarm_claim.str1.4
                0x2000aafc        0x0 CMakeFiles/foxdac.dir/Users/weeblabs/pico-sdk/src/rp2_common/hardware_timer/timer.c.o
                                 0x22 (size before relaxing)
 .rodata.hard_assertion_failure.str1.4
                0x2000aafc        0x0 CMakeFiles/foxdac.dir/Users/weeblabs/pico-sdk/src/rp2_common/pico_runtime/runtime.c.o
                                  0xc (size before relaxing)
 .rodata.__wrap_malloc.str1.4
                0x2000aafc        0x0 CMakeFiles/foxdac.dir/Users/weeblabs/pico-sdk/src/rp2_common/pico_malloc/malloc.c.o
                                  0xe (size before relaxing)
 .rodata.str1.4
                0x2000aafc        0x0 CMakeFiles/foxdac.dir/Users/weeblabs/pico-sdk/src/rp2_common/pico_standard_binary_info/standard_binary_info.c.o
                                 0x3c (size before relaxing)
 .rodata.__bi_84
                0x2000aafc        0xc CMakeFiles/foxdac.dir/Users/weeblabs/pico-sdk/src/rp2_common/pico_standard_binary_info/standard_binary_info.c.o
 .rodata.__bi_78
                0x2000ab08        0xc CMakeFiles/foxdac.dir/Users/weeblabs/pico-sdk/src/rp2_common/pico_standard_binary_info/standard_binary_info.c.o
 .rodata.__bi_54
                0x2000ab14        0xc CMakeFiles/foxdac.dir/Users/weeblabs/pico-sdk/src/rp2_common/pico_standard_binary_info/standard_binary_info.c.o
 .rodata.__bi_48
                0x2000ab20        0xc CMakeFiles/foxdac.dir/Users/weeblabs/pico-sdk/src/rp2_common/pico_standard_binary_info/standard_binary_info.c.o
 .rodata.__bi_42
                0x2000ab2c        0xc CMakeFiles/foxdac.dir/Users/weeblabs/pico-sdk/src/rp2_common/pico_standard_binary_info/standard_binary_info.c.o
 .rodata.__bi_34
                0x2000ab38        0xc CMakeFiles/foxdac.dir/Users/weeblabs/pico-sdk/src/rp2_common/pico_standard_binary_info/standard_binary_info.c.o
 .rodata.__bi_26
                0x2000ab44        0xc CMakeFiles/foxdac.dir/Users/weeblabs/pico-sdk/src/rp2_common/pico_standard_binary_info/standard_binary_info.c.o
 .rodata._ftoa.str1.4
                0x2000ab50        0x0 CMakeFiles/foxdac.dir/Users/weeblabs/pico-sdk/src/rp2_common/pico_printf/printf.c.o
                                 0x15 (size before relaxing)
 .rodata._vsnprintf
                0x2000ab50      0x19c CMakeFiles/foxdac.dir/Users/weeblabs/pico-sdk/src/rp2_common/pico_printf/printf.c.o
 *fill*         0x2000acec        0x4 
 .rodata.pow10.0
                0x2000acf0       0x50 CMakeFiles/foxdac.dir/Users/weeblabs/pico-sdk/src/rp2_common/pico_printf/printf.c.o
 .rodata.crlf_str.0
                0x2000ad40        0x2 CMakeFiles/foxdac.dir/Users/weeblabs/pico-sdk/src/rp2_common/pico_stdio/stdio.c.o
 .rodata.update_pio_frequency.str1.4
                0x2000ad42        0x0 CMakeFiles/foxdac.dir/Users/weeblabs/pico-extras/src/rp2_common/pico_audio_spdif/audio_spdif.c.o
                                 0x4b (size before relaxing)
 .rodata.audio_spdif_connect_extra.str1.4
                0x2000ad42        0x0 CMakeFiles/foxdac.dir/Users/weeblabs/pico-extras/src/rp2_common/pico_audio_spdif/audio_spdif.c.o
                                 0xa0 (size before relaxing)
 *fill*         0x2000ad42        0x2 
 .rodata.audio_spdif_program
                0x2000ad44        0x8 CMakeFiles/foxdac.dir/Users/weeblabs/pico-extras/src/rp2_common/pico_audio_spdif/audio_spdif.c.o
 .rodata.audio_spdif_program_instructions
                0x2000ad4c        0x8 CMakeFiles/foxdac.dir/Users/weeblabs/pico-extras/src/rp2_common/pico_audio_spdif/audio_spdif.c.o
 .rodata.dma_channel_claim.str1.4
                0x2000ad54        0x0 CMakeFiles/foxdac.dir/Users/weeblabs/pico-sdk/src/rp2_common/hardware_dma/dma.c.o
                                 0x22 (size before relaxing)
 .rodata.pio_sm_claim.str1.4
                0x2000ad54        0x0 CMakeFiles/foxdac.dir/Users/weeblabs/pico-sdk/src/rp2_common/hardware_pio/pio.c.o
                                 0x40 (size before relaxing)
 .rodata.str1.4
                0x2000ad54        0x0 CMakeFiles/foxdac.dir/Users/weeblabs/pico-sdk/lib/tinyusb/src/portable/raspberrypi/rp2040/dcd_rp2040.c.o
                                 0x14 (size before relaxing)
 .rodata.str1.4
                0x2000ad54        0x0 CMakeFiles/foxdac.dir/Users/weeblabs/pico-sdk/lib/tinyusb/src/portable/raspberrypi/rp2040/rp2040_usb.c.o
                                 0x48 (size before relaxing)
 .rodata.tud_task_ext
                0x2000ad54       0x8c CMakeFiles/foxdac.dir/Users/weeblabs/pico-sdk/lib/tinyusb/src/device/usbd.c.o
 .rodata        0x2000ade0       0x1c CMakeFiles/foxdac.dir/Users/weeblabs/pico-sdk/lib/tinyusb/src/device/usbd.c.o
 .rodata._usbd_driver
                0x2000adfc       0x40 CMakeFiles/foxdac.dir/Users/weeblabs/pico-sdk/lib/tinyusb/src/device/usbd.c.o
 .rodata.str1.4
                0x2000ae3c        0x0 CMakeFiles/foxdac.dir/Users/weeblabs/pico-sdk/lib/tinyusb/hw/bsp/rp2040/family.c.o
                                  0x4 (size before relaxing)
 .rodata.__bi_153.0
                0x2000ae3c        0xc CMakeFiles/foxdac.dir/Users/weeblabs/pico-sdk/lib/tinyusb/hw/bsp/rp2040/family.c.o
 .rodata.__bi_163.1
                0x2000ae48        0x8 CMakeFiles/foxdac.dir/Users/weeblabs/pico-sdk/lib/tinyusb/hw/bsp/rp2040/family.c.o
                0x2000ae50                        . = ALIGN (0x4)
 *(.data*)
 .data.producer_format
                0x2000ae50        0x8 CMakeFiles/foxdac.dir/usb_audio.c.o
                0x2000ae50                producer_format
 .data.config   0x2000ae58        0x3 CMakeFiles/foxdac.dir/usb_audio.c.o
                0x2000ae58                config
 *fill*         0x2000ae5b        0x1 
 .data.audio_format_48k
                0x2000ae5c        0x8 CMakeFiles/foxdac.dir/usb_audio.c.o
                0x2000ae5c                audio_format_48k
 .data.channel_gain_mul
                0x2000ae64        0xc CMakeFiles/foxdac.dir/usb_audio.c.o
                0x2000ae64                channel_gain_mul
 .data.global_preamp_mul
                0x2000ae70        0x4 CMakeFiles/foxdac.dir/usb_audio.c.o
                0x2000ae70                global_preamp_mul
 .data.pending_rate
                0x2000ae74        0x4 CMakeFiles/foxdac.dir/usb_audio.c.o
                0x2000ae74                pending_rate
 .data.audio_state
                0x2000ae78        0xc CMakeFiles/foxdac.dir/usb_audio.c.o
                0x2000ae78                audio_state
 .data.descriptor_str_serial
                0x2000ae84       0x11 CMakeFiles/foxdac.dir/usb_descriptors.c.o
                0x2000ae84                descriptor_str_serial
 *fill*         0x2000ae95        0x3 
 .data.descriptor_str_product
                0x2000ae98        0xf CMakeFiles/foxdac.dir/usb_descriptors.c.o
 *fill*         0x2000aea7        0x1 
 .data.descriptor_str_vendor
                0x2000aea8       0x14 CMakeFiles/foxdac.dir/usb_descriptors.c.o
 .data.striped_spin_lock_num
                0x2000aebc        0x1 CMakeFiles/foxdac.dir/Users/weeblabs/pico-sdk/src/rp2_common/hardware_sync/sync.c.o
 *fill*         0x2000aebd        0x3 
 .data          0x2000aec0       0x48 CMakeFiles/foxdac.dir/Users/weeblabs/pico-sdk/src/rp2_common/hardware_irq/irq_handler_chain.S.o
                0x2000aec0                irq_handler_chain_slots
                0x2000aef0                irq_handler_chain_first_slot
                0x2000aefa                irq_handler_chain_remove_tail
 .data.default_alarm_pool
                0x2000af08       0x18 CMakeFiles/foxdac.dir/Users/weeblabs/pico-sdk/src/common/pico_time/time.c.o
 .data.aeabi_bits_funcs
                0x2000af20       0x10 CMakeFiles/foxdac.dir/Users/weeblabs/pico-sdk/src/rp2_common/pico_bit_ops/bit_ops_aeabi.S.o
                0x2000af20                aeabi_bits_funcs
                0x2000af30                aeabi_bits_funcs_end
 .data.aeabi_mem_funcs
                0x2000af30       0x10 CMakeFiles/foxdac.dir/Users/weeblabs/pico-sdk/src/rp2_common/pico_mem_ops/mem_ops_aeabi.S.o
                0x2000af30                aeabi_mem_funcs
                0x2000af40                aeabi_mem_funcs_end
 .data.m2s_audio_spdif_connection
                0x2000af40       0x20 CMakeFiles/foxdac.dir/Users/weeblabs/pico-extras/src/rp2_common/pico_audio_spdif/audio_spdif.c.o
 .data.silence_buffer
                0x2000af60       0x18 CMakeFiles/foxdac.dir/Users/weeblabs/pico-extras/src/rp2_common/pico_audio_spdif/audio_spdif.c.o
 .data.pio_spdif_consumer_buffer_format
                0x2000af78        0x8 CMakeFiles/foxdac.dir/Users/weeblabs/pico-extras/src/rp2_common/pico_audio_spdif/audio_spdif.c.o
                0x2000af78                pio_spdif_consumer_buffer_format
 .data._ZL18connection_default
                0x2000af80       0x18 CMakeFiles/foxdac.dir/Users/weeblabs/pico-extras/src/common/pico_audio/audio.cpp.o
 .data._usbd_qdef
                0x2000af98       0x1c CMakeFiles/foxdac.dir/Users/weeblabs/pico-sdk/lib/tinyusb/src/device/usbd.c.o
                0x2000af98                _usbd_qdef
 .data._usbd_rhport
                0x2000afb4        0x1 CMakeFiles/foxdac.dir/Users/weeblabs/pico-sdk/lib/tinyusb/src/device/usbd.c.o
 *fill*         0x2000afb5        0x3 
 .data.__malloc_sbrk_base
                0x2000afb8        0x4 /Applications/ArmGNUToolchain/15.2.rel1/arm-none-eabi/bin/../lib/gcc/arm-none-eabi/15.2.1/../../../../arm-none-eabi/lib/thumb/v6-m/nofp/libg.a(libc_a-mallocr.o)
                0x2000afb8                __malloc_sbrk_base
 .data.__malloc_trim_threshold
                0x2000afbc        0x4 /Applications/ArmGNUToolchain/15.2.rel1/arm-none-eabi/bin/../lib/gcc/arm-none-eabi/15.2.1/../../../../arm-none-eabi/lib/thumb/v6-m/nofp/libg.a(libc_a-mallocr.o)
                0x2000afbc                __malloc_trim_threshold
 .data.__malloc_av_
                0x2000afc0      0x408 /Applications/ArmGNUToolchain/15.2.rel1/arm-none-eabi/bin/../lib/gcc/arm-none-eabi/15.2.1/../../../../arm-none-eabi/lib/thumb/v6-m/nofp/libg.a(libc_a-mallocr.o)
                0x2000afc0                __malloc_av_
 .data._impure_ptr
                0x2000b3c8        0x4 /Applications/ArmGNUToolchain/15.2.rel1/arm-none-eabi/bin/../lib/gcc/arm-none-eabi/15.2.1/../../../../arm-none-eabi/lib/thumb/v6-m/nofp/libg.a(libc_a-impure.o)
                0x2000b3c8                _impure_ptr
 *fill*         0x2000b3cc        0x4 
 .data._impure_data
                0x2000b3d0      0x200 /Applications/ArmGNUToolchain/15.2.rel1/arm-none-eabi/bin/../lib/gcc/arm-none-eabi/15.2.1/../../../../arm-none-eabi/lib/thumb/v6-m/nofp/libg.a(libc_a-impure.o)
                0x2000b3d0                _impure_data
                0x2000b5d0                        . = ALIGN (0x4)
 *(.after_data.*)
                0x2000b5d0                        . = ALIGN (0x4)
                0x2000b5d0                        PROVIDE (__mutex_array_start = .)
 *(SORT_BY_NAME(.mutex_array.*))
 *(.mutex_array)