Archive member included to satisfy reference by file (symbol)

/Applications/ArmGNUToolchain/15.2.rel1/arm-none-eabi/bin/../lib/gcc/arm-none-eabi/15.2.1/../../../../arm-none-eabi/lib/thumb/v8-m.main+fp/softfp/libm.a(libm_a-wf_sqrt.o)
                              CMakeFiles/foxdac.dir/Users/weeblabs/DSPi/pico-sdk/src/rp2_common/pico_float/float_math.c.o (sqrtf)
/Applications/ArmGNUToolchain/15.2.rel1/arm-none-eabi/bin/../lib/gcc/arm-none-eabi/15.2.1/../../../../arm-none-eabi/lib/thumb/v8-m.main+fp/softfp/libm.a(libm_a-ef_sqrt.o)
                              /Applications/ArmGNUToolchain/15.2.rel1/arm-none-eabi/bin/../lib/gcc/arm-none-eabi/15.2.1/../../../../arm-none-eabi/lib/thumb/v8-m.main+fp/softfp/libm.a(libm_a-wf_sqrt.o) (__ieee754_sqrtf)
/Applications/ArmGNUToolchain/15.2.rel1/arm-none-eabi/bin/../lib/gcc/arm-none-eabi/15.2.1/thumb/v8-m.main+fp/softfp/libgcc.a(_arm_addsubdf3.o)
                              CMakeFiles/foxdac.dir/Users/weeblabs/DSPi/pico-sdk/src/rp2_common/pico_float/float_math.c.o (__aeabi_f2d)
/Applications/ArmGNUToolchain/15.2.rel1/arm-none-eabi/bin/../lib/gcc/arm-none-eabi/15.2.1/thumb/v8-m.main+fp/softfp/libgcc.a(_aeabi_ldivmod.o)
                              CMakeFiles/foxdac.dir/Users/weeblabs/DSPi/pico-sdk/src/common/pico_time/time.c.o (__aeabi_ldivmod)
/Applications/ArmGNUToolchain/15.2.rel1/arm-none-eabi/bin/../lib/gcc/arm-none-eabi/15.2.1/thumb/v8-m.main+fp/softfp/libgcc.a(_aeabi_uldivmod.o)
                              CMakeFiles/foxdac.dir/usb_audio.c.o (__aeabi_uldivmod)
/Applications/ArmGNUToolchain/15.2.rel1/arm-none-eabi/bin/../lib/gcc/arm-none-eabi/15.2.1/thumb/v8-m.main+fp/softfp/libgcc.a(_udivmoddi4.o)
                              /Applications/ArmGNUToolchain/15.2.rel1/arm-none-eabi/bin/../lib/gcc/arm-none-eabi/15.2.1/thumb/v8-m.main+fp/softfp/libgcc.a(_aeabi_ldivmod.o) (__udivmoddi4)
/Applications/ArmGNUToolchain/15.2.rel1/arm-none-eabi/bin/../lib/gcc/arm-none-eabi/15.2.1/thumb/v8-m.main+fp/softfp/libgcc.a(_dvmd_tls.o)
                              /Applications/ArmGNUToolchain/15.2.rel1/arm-none-eabi/bin/../lib/gcc/arm-none-eabi/15.2.1/thumb/v8-m.main+fp/softfp/libgcc.a(_aeabi_ldivmod.o) (__aeabi_ldiv0)
/Applications/ArmGNUToolchain/15.2.rel1/arm-none-eabi/bin/../lib/gcc/arm-none-eabi/15.2.1/../../../../arm-none-eabi/lib/thumb/v8-m.main+fp/softfp/libg.a(libc_a-calloc.o)
                              CMakeFiles/foxdac.dir/Users/weeblabs/DSPi/pico-sdk/src/rp2_common/pico_malloc/malloc.c.o (calloc)
/Applications/ArmGNUToolchain/15.2.rel1/arm-none-eabi/bin/../lib/gcc/arm-none-eabi/15.2.1/../../../../arm-none-eabi/lib/thumb/v8-m.main+fp/softfp/libg.a(libc_a-callocr.o)
                              /Applications/ArmGNUToolchain/15.2.rel1/arm-none-eabi/bin/../lib/gcc/arm-none-eabi/15.2.1/../../../../arm-none-eabi/lib/thumb/v8-m.main+fp/softfp/libg.a(libc_a-calloc.o) (_calloc_r)
/Applications/ArmGNUToolchain/15.2.rel1/arm-none-eabi/bin/../lib/gcc/arm-none-eabi/15.2.1/../../../../arm-none-eabi/lib/thumb/v8-m.main+fp/softfp/libg.a(libc_a-malloc.o)
                              CMakeFiles/foxdac.dir/Users/weeblabs/DSPi/pico-sdk/src/rp2_common/pico_malloc/malloc.c.o (malloc)
/Applications/ArmGNUToolchain/15.2.rel1/arm-none-eabi/bin/../lib/gcc/arm-none-eabi/15.2.1/../../../../arm-none-eabi/lib/thumb/v8-m.main+fp/softfp/libg.a(libc_a-mallocr.o)
                              /Applications/ArmGNUToolchain/15.2.rel1/arm-none-eabi/bin/../lib/gcc/arm-none-eabi/15.2.1/../../../../arm-none-eabi/lib/thumb/v8-m.main+fp/softfp/libg.a(libc_a-callocr.o) (_malloc_r)
/Applications/ArmGNUToolchain/15.2.rel1/arm-none-eabi/bin/../lib/gcc/arm-none-eabi/15.2.1/../../../../arm-none-eabi/lib/thumb/v8-m.main+fp/softfp/libg.a(libc_a-mlock.o)
                              /Applications/ArmGNUToolchain/15.2.rel1/arm-none-eabi/bin/../lib/gcc/arm-none-eabi/15.2.1/../../../../arm-none-eabi/lib/thumb/v8-m.main+fp/softfp/libg.a(libc_a-mallocr.o) (__malloc_lock)
/Applications/ArmGNUToolchain/15.2.rel1/arm-none-eabi/bin/../lib/gcc/arm-none-eabi/15.2.1/../../../../arm-none-eabi/lib/thumb/v8-m.main+fp/softfp/libg.a(libc_a-realloc.o)
                              CMakeFiles/foxdac.dir/Users/weeblabs/DSPi/pico-sdk/src/rp2_common/pico_malloc/malloc.c.o (realloc)
/Applications/ArmGNUToolchain/15.2.rel1/arm-none-eabi/bin/../lib/gcc/arm-none-eabi/15.2.1/../../../../arm-none-eabi/lib/thumb/v8-m.main+fp/softfp/libg.a(libc_a-reallocr.o)
                              /Applications/ArmGNUToolchain/15.2.rel1/arm-none-eabi/bin/../lib/gcc/arm-none-eabi/15.2.1/../../../../arm-none-eabi/lib/thumb/v8-m.main+fp/softfp/libg.a(libc_a-realloc.o) (_realloc_r)
/Applications/ArmGNUToolchain/15.2.rel1/arm-none-eabi/bin/../lib/gcc/arm-none-eabi/15.2.1/../../../../arm-none-eabi/lib/thumb/v8-m.main+fp/softfp/libg.a(libc_a-memcmp.o)
                              CMakeFiles/foxdac.dir/Users/weeblabs/DSPi/pico-sdk/src/rp2_common/pico_atomic/atomic.c.o (memcmp)
[...]
Memory Configuration

Name             Origin             Length             Attributes
FLASH            0x10000000         0x00400000         xr
RAM              0x20000000         0x00080000         xrw
SCRATCH_X        0x20080000         0x00001000         xrw
SCRATCH_Y        0x20081000         0x00001000         xrw
*default*        0x00000000         0xffffffff

Linker script and memory map

LOAD /Applications/ArmGNUToolchain/15.2.rel1/arm-none-eabi/bin/../lib/gcc/arm-none-eabi/15.2.1/thumb/v8-m.main+fp/softfp/crti.o
LOAD /Applications/ArmGNUToolchain/15.2.rel1/arm-none-eabi/bin/../lib/gcc/arm-none-eabi/15.2.1/thumb/v8-m.main+fp/softfp/crtbegin.o
LOAD /Applications/ArmGNUToolchain/15.2.rel1/arm-none-eabi/bin/../lib/gcc/arm-none-eabi/15.2.1/../../../../arm-none-eabi/lib/thumb/v8-m.main+fp/softfp/crt0.o

.flash_begin    0x10000000        0x0
                0x10000000                        __flash_binary_start = .

.flashtext      0x10000000      0x1f0
                0x10000000                        __logical_binary_start = .
 *(.vectors)
 .vectors       0x10000000      0x124 CMakeFiles/foxdac.dir/Users/weeblabs/DSPi/pico-sdk/src/rp2_common/pico_crt0/crt0.S.o
                0x10000000                __VECTOR_TABLE
                0x10000000                __vectors
                0x10000110                __unhandled_user_irq
                0x10000110                isr_irq49
                0x10000110                isr_irq13
                0x10000110                isr_irq43
                0x10000110                isr_irq45
                0x10000110                isr_irq27
                0x10000110                isr_irq32
                0x10000110                isr_irq31
                0x10000110                isr_irq5
                0x10000110                isr_irq11
                0x10000110                isr_irq23
                0x10000110                isr_usagefault
                0x10000110                isr_irq48
                0x10000110                isr_irq35
                0x10000110                isr_irq18
                0x10000110                isr_irq50
                0x10000110                isr_irq9
                0x10000110                isr_irq30
                0x10000110                isr_irq16
                0x10000110                isr_irq44
                0x10000110                isr_irq29
                0x10000110                isr_irq26
                0x10000110                isr_irq33
                0x10000110                isr_irq3
                0x10000110                isr_irq12
                0x10000110                isr_securefault
                0x10000110                isr_irq40
                0x10000110                isr_irq28
                0x10000110                isr_irq19
                0x10000110                isr_irq36
                0x10000110                isr_irq41
                0x10000110                isr_irq0
                0x10000110                isr_irq6
                0x10000110                isr_memmanage
                0x10000110                isr_irq37
                0x10000110                isr_irq42
                0x10000110                isr_irq22
                0x10000110                isr_irq17
                0x10000110                isr_irq38
                0x10000110                isr_irq14
                0x10000110                __vectors_end
                0x10000110                __default_isrs_start
                0x10000110                isr_irq2
                0x10000110                isr_irq10
                0x10000110                isr_irq8
                0x10000110                isr_debugmonitor
                0x10000110                isr_irq24
                0x10000110                isr_irq46
                0x10000110                isr_irq1
                0x10000110                isr_irq47
                0x10000110                isr_irq51
                0x10000110                isr_irq7
                0x10000110                isr_irq21
                0x10000110                isr_irq39
                0x10000110                isr_irq20
                0x10000110                isr_irq15
                0x10000110                isr_irq25
                0x10000110                isr_irq34
                0x10000110                isr_irq4
                0x10000110                isr_busfault
                0x10000116                unhandled_user_irq_num_in_r0
                0x10000118                isr_invalid
                0x1000011a                isr_nmi
                0x1000011c                isr_hardfault
                0x1000011e                isr_svcall
                0x10000120                isr_pendsv
                0x10000122                isr_systick
                0x10000124                __default_isrs_end
 *(.binary_info_header)
 .binary_info_header
                0x10000124       0x14 CMakeFiles/foxdac.dir/Users/weeblabs/DSPi/pico-sdk/src/rp2_common/pico_crt0/crt0.S.o
                0x10000138                        __binary_info_header_end = .
 *(.embedded_block)
 .embedded_block
                0x10000138       0x14 CMakeFiles/foxdac.dir/Users/weeblabs/DSPi/pico-sdk/src/rp2_common/pico_crt0/crt0.S.o
                0x1000014c                        __embedded_block_end = .
 *(.reset)
 .reset         0x1000014c       0xa4 CMakeFiles/foxdac.dir/Users/weeblabs/DSPi/pico-sdk/src/rp2_common/pico_crt0/crt0.S.o
                0x1000014c                _entry_point
                0x100001f0                        . = ALIGN (0x4)

.boot2          0x100001f0        0x0
                0x100001f0                        __boot2_start__ = .
 *(.boot2)
                0x100001f0                        __boot2_end__ = .
                0x00000001                        ASSERT (((__boot2_end__ - __boot2_start__) <= 0x100), ERROR: Pico second stage bootloader must be no more than 256 bytes in size)

.rodata         0x100001f0        0x0
 *(SORT_BY_ALIGNMENT(SORT_BY_NAME(.flashdata*)))
                0x100001f0                        . = ALIGN (0x4)

.ARM.extab
 *(.ARM.extab* .gnu.linkonce.armextab.*)
                0x100001f0                        __exidx_start = .

.ARM.exidx      0x100001f0        0x8
 *(.ARM.exidx* .gnu.linkonce.armexidx.*)
 .ARM.exidx.text.__udivmoddi4
                0x100001f0        0x8 /Applications/ArmGNUToolchain/15.2.rel1/arm-none-eabi/bin/../lib/gcc/arm-none-eabi/15.2.1/thumb/v8-m.main+fp/softfp/libgcc.a(_udivmoddi4.o)
 .ARM.exidx     0x100001f8        0x0 /Applications/ArmGNUToolchain/15.2.rel1/arm-none-eabi/bin/../lib/gcc/arm-none-eabi/15.2.1/../../../../arm-none-eabi/lib/thumb/v8-m.main+fp/softfp/libg.a(libc_a-memcpy.o)
                                  0x8 (size before relaxing)
                0x100001f8                        __exidx_end = .
                0x100001f8                        . = ALIGN (0x4)
                0x100001f8                        __binary_info_start = .

.binary_info    0x100001f8       0x24
 *(.binary_info.keep.*)
 .binary_info.keep.__bi_ptr84
                0x100001f8        0x4 CMakeFiles/foxdac.dir/Users/weeblabs/DSPi/pico-sdk/src/rp2_common/pico_standard_binary_info/standard_binary_info.c.o
 .binary_info.keep.__bi_ptr78
                0x100001fc        0x4 CMakeFiles/foxdac.dir/Users/weeblabs/DSPi/pico-sdk/src/rp2_common/pico_standard_binary_info/standard_binary_info.c.o
 .binary_info.keep.__bi_ptr54
                0x10000200        0x4 CMakeFiles/foxdac.dir/Users/weeblabs/DSPi/pico-sdk/src/rp2_common/pico_standard_binary_info/standard_binary_info.c.o
 .binary_info.keep.__bi_ptr48
                0x10000204        0x4 CMakeFiles/foxdac.dir/Users/weeblabs/DSPi/pico-sdk/src/rp2_common/pico_standard_binary_info/standard_binary_info.c.o
 .binary_info.keep.__bi_ptr42
                0x10000208        0x4 CMakeFiles/foxdac.dir/Users/weeblabs/DSPi/pico-sdk/src/rp2_common/pico_standard_binary_info/standard_binary_info.c.o
 .binary_info.keep.__bi_ptr34
                0x1000020c        0x4 CMakeFiles/foxdac.dir/Users/weeblabs/DSPi/pico-sdk/src/rp2_common/pico_standard_binary_info/standard_binary_info.c.o
 .binary_info.keep.__bi_ptr26
                0x10000210        0x4 CMakeFiles/foxdac.dir/Users/weeblabs/DSPi/pico-sdk/src/rp2_common/pico_standard_binary_info/standard_binary_info.c.o
 .binary_info.keep.__bi_ptr163
                0x10000214        0x4 CMakeFiles/foxdac.dir/Users/weeblabs/DSPi/pico-sdk/lib/tinyusb/hw/bsp/rp2040/family.c.o
 .binary_info.keep.__bi_ptr153
                0x10000218        0x4 CMakeFiles/foxdac.dir/Users/weeblabs/DSPi/pico-sdk/lib/tinyusb/hw/bsp/rp2040/family.c.o
 *(.binary_info.*)
                0x1000021c                        __binary_info_end = .
                0x1000021c                        . = ALIGN (0x4)

.ram_vector_table
                0x20000000      0x110
 *(.ram_vector_table)
 .ram_vector_table
                0x20000000      0x110 CMakeFiles/foxdac.dir/Users/weeblabs/DSPi/pico-sdk/src/rp2_common/pico_runtime_init/runtime_init.c.o
                0x20000000                ram_vector_table

.uninitialized_data
                0x20000110        0x0
                0x20000110                        . = ALIGN (0x4)
 *(.uninitialized_data*)

.text           0x20000110     0x9688 load address 0x1000021c
                0x20000110                        __ram_text_start__ = .
 *(.init)
 .init          0x20000110        0x4 /Applications/ArmGNUToolchain/15.2.rel1/arm-none-eabi/bin/../lib/gcc/arm-none-eabi/15.2.1/thumb/v8-m.main+fp/softfp/crti.o
                0x20000110                _init
 *(.text*)
 .text.register_tm_clones
                0x20000114       0x28 /Applications/ArmGNUToolchain/15.2.rel1/arm-none-eabi/bin/../lib/gcc/arm-none-eabi/15.2.1/thumb/v8-m.main+fp/softfp/crtbegin.o
 .text.frame_dummy
                0x2000013c       0x24 /Applications/ArmGNUToolchain/15.2.rel1/arm-none-eabi/bin/../lib/gcc/arm-none-eabi/15.2.1/thumb/v8-m.main+fp/softfp/crtbegin.o
 .text.dsp_compute_coefficients
                0x20000160      0x294 CMakeFiles/foxdac.dir/dsp_pipeline.c.o
                0x20000160                dsp_compute_coefficients
 .text.dsp_init_default_filters
                0x200003f4       0xc0 CMakeFiles/foxdac.dir/dsp_pipeline.c.o
                0x200003f4                dsp_init_default_filters
 .text.dsp_update_delay_samples
                0x200004b4       0x8c CMakeFiles/foxdac.dir/dsp_pipeline.c.o
                0x200004b4                dsp_update_delay_samples
 .text.dsp_recalculate_all_filters
                0x20000540       0x68 CMakeFiles/foxdac.dir/dsp_pipeline.c.o
                0x20000540                dsp_recalculate_all_filters
 .text.flash_save_params
                0x200005a8      0x104 CMakeFiles/foxdac.dir/flash_storage.c.o
                0x200005a8                flash_save_params
 .text.flash_load_params
                0x200006ac      0x23c CMakeFiles/foxdac.dir/flash_storage.c.o
                0x200006ac                flash_load_params
 .text.flash_factory_reset
                0x200008e8       0x54 CMakeFiles/foxdac.dir/flash_storage.c.o
                0x200008e8                flash_factory_reset
 .text.core0_init
                0x2000093c       0x94 CMakeFiles/foxdac.dir/main.c.o
                0x2000093c                core0_init
 .text.startup.main
                0x200009d0      0x194 CMakeFiles/foxdac.dir/main.c.o
                0x200009d0                main
 .text.pdm_update_clock
                0x20000b64       0x78 CMakeFiles/foxdac.dir/pdm_generator.c.o
                0x20000b64                pdm_update_clock
 .text.tud_audio_set_req_entity_cb
                0x20000bdc       0x8c CMakeFiles/foxdac.dir/usb_audio.c.o
                0x20000bdc                tud_audio_set_req_entity_cb
 .text.tud_audio_get_req_entity_cb
                0x20000c68       0xac CMakeFiles/foxdac.dir/usb_audio.c.o
                0x20000c68                tud_audio_get_req_entity_cb
 .text.tud_audio_set_req_ep_cb
                0x20000d14        0x4 CMakeFiles/foxdac.dir/usb_audio.c.o
                0x20000d14                tud_audio_set_req_ep_cb
 .text.tud_audio_get_req_ep_cb
                0x20000d18        0x4 CMakeFiles/foxdac.dir/usb_audio.c.o
                0x20000d18                tud_audio_get_req_ep_cb
 .text.tud_audio_set_itf_cb
                0x20000d1c       0x10 CMakeFiles/foxdac.dir/usb_audio.c.o
                0x20000d1c                tud_audio_set_itf_cb
 .text.tud_audio_set_itf_close_EP_cb
                0x20000d2c        0x4 CMakeFiles/foxdac.dir/usb_audio.c.o
                0x20000d2c                tud_audio_set_itf_close_EP_cb
 .text.tud_audio_rx_done_pre_read_cb
                0x20000d30      0x528 CMakeFiles/foxdac.dir/usb_audio.c.o
                0x20000d30                tud_audio_rx_done_pre_read_cb
 .text.tud_audio_feedback_params_cb
                0x20001258        0x8 CMakeFiles/foxdac.dir/usb_audio.c.o
                0x20001258                tud_audio_feedback_params_cb
 .text.update_audio_feedback
                0x20001260      0x124 CMakeFiles/foxdac.dir/usb_audio.c.o
                0x20001260                update_audio_feedback
 .text.tud_vendor_control_xfer_cb
                0x20001384      0x570 CMakeFiles/foxdac.dir/usb_audio.c.o
                0x20001384                tud_vendor_control_xfer_cb
 .text.usb_sound_card_init
                0x200018f4       0x8c CMakeFiles/foxdac.dir/usb_audio.c.o
                0x200018f4                usb_sound_card_init
 .text.tud_descriptor_device_cb
                0x20001980        0x8 CMakeFiles/foxdac.dir/usb_descriptors.c.o
                0x20001980                tud_descriptor_device_cb
 .text.tud_descriptor_configuration_cb
                0x20001988       0x14 CMakeFiles/foxdac.dir/usb_descriptors.c.o
                0x20001988                tud_descriptor_configuration_cb
 .text.tud_descriptor_string_cb
                0x2000199c       0x78 CMakeFiles/foxdac.dir/usb_descriptors.c.o
                0x2000199c                tud_descriptor_string_cb
 .text.handle_ms_vendor_request
                0x20001a14       0x44 CMakeFiles/foxdac.dir/usb_descriptors.c.o
                0x20001a14                handle_ms_vendor_request
 .text.gpio_set_function
                0x20001a58       0x3c CMakeFiles/foxdac.dir/Users/weeblabs/DSPi/pico-sdk/src/rp2_common/hardware_gpio/gpio.c.o
                0x20001a58                gpio_set_function
 .text.gpio_init
                0x20001a94       0x4c CMakeFiles/foxdac.dir/Users/weeblabs/DSPi/pico-sdk/src/rp2_common/hardware_gpio/gpio.c.o
                0x20001a94                gpio_init
 .text.panic    0x20001ae0       0x30 CMakeFiles/foxdac.dir/Users/weeblabs/DSPi/pico-sdk/src/rp2_common/pico_platform_panic/panic.c.o
                0x20001ae0                panic
 .text.panic_unsupported
                0x20001b10        0xc CMakeFiles/foxdac.dir/Users/weeblabs/DSPi/pico-sdk/src/rp2_common/pico_platform_panic/panic.c.o
                0x20001b10                panic_unsupported
 .text.hw_claim_lock
                0x20001b1c       0x24 CMakeFiles/foxdac.dir/Users/weeblabs/DSPi/pico-sdk/src/common/hardware_claim/claim.c.o
                0x20001b1c                hw_claim_lock
 .text.hw_claim_unlock
                0x20001b40       0x14 CMakeFiles/foxdac.dir/Users/weeblabs/DSPi/pico-sdk/src/common/hardware_claim/claim.c.o
                0x20001b40                hw_claim_unlock
 .text.hw_claim_or_assert
                0x20001b54       0x58 CMakeFiles/foxdac.dir/Users/weeblabs/DSPi/pico-sdk/src/common/hardware_claim/claim.c.o
                0x20001b54                hw_claim_or_assert
 .text.hw_claim_unused_from_range
                0x20001bac       0x84 CMakeFiles/foxdac.dir/Users/weeblabs/DSPi/pico-sdk/src/common/hardware_claim/claim.c.o
                0x20001bac                hw_claim_unused_from_range
 .text.next_striped_spin_lock_num
                0x20001c30       0x18 CMakeFiles/foxdac.dir/Users/weeblabs/DSPi/pico-sdk/src/rp2_common/hardware_sync/sync.c.o
                0x20001c30                next_striped_spin_lock_num
 .text.spin_lock_claim_unused
                0x20001c48       0x24 CMakeFiles/foxdac.dir/Users/weeblabs/DSPi/pico-sdk/src/rp2_common/hardware_sync/sync.c.o
                0x20001c48                spin_lock_claim_unused
 .text.spinlock_set_extexclall
                0x20001c6c       0x10 CMakeFiles/foxdac.dir/Users/weeblabs/DSPi/pico-sdk/src/rp2_common/hardware_sync_spin_lock/sync_spin_lock.c.o
 .text.spin_locks_reset
                0x20001c7c       0x18 CMakeFiles/foxdac.dir/Users/weeblabs/DSPi/pico-sdk/src/rp2_common/hardware_sync_spin_lock/sync_spin_lock.c.o
                0x20001c7c                spin_locks_reset
 .text.spin_lock_init
                0x20001c94       0x10 CMakeFiles/foxdac.dir/Users/weeblabs/DSPi/pico-sdk/src/rp2_common/hardware_sync_spin_lock/sync_spin_lock.c.o
                0x20001c94                spin_lock_init
 .text.runtime_init_per_core_irq_priorities
                0x20001ca4       0x20 CMakeFiles/foxdac.dir/Users/weeblabs/DSPi/pico-sdk/src/rp2_common/hardware_irq/irq.c.o
                0x20001ca4                runtime_init_per_core_irq_priorities
 .text.irq_set_enabled
                0x20001cc4       0x2c CMakeFiles/foxdac.dir/Users/weeblabs/DSPi/pico-sdk/src/rp2_common/hardware_irq/irq.c.o
                0x20001cc4                irq_set_enabled
 .text.irq_set_exclusive_handler
                0x20001cf0       0x70 CMakeFiles/foxdac.dir/Users/weeblabs/DSPi/pico-sdk/src/rp2_common/hardware_irq/irq.c.o
                0x20001cf0                irq_set_exclusive_handler
 .text.irq_add_shared_handler
                0x20001d60      0x1f4 CMakeFiles/foxdac.dir/Users/weeblabs/DSPi/pico-sdk/src/rp2_common/hardware_irq/irq.c.o
                0x20001d60                irq_add_shared_handler
 .text.irq_set_priority
                0x20001f54       0x28 CMakeFiles/foxdac.dir/Users/weeblabs/DSPi/pico-sdk/src/rp2_common/hardware_irq/irq.c.o
                0x20001f54                irq_set_priority
 .text.irq_add_tail_to_free_list
                0x20001f7c       0xb0 CMakeFiles/foxdac.dir/Users/weeblabs/DSPi/pico-sdk/src/rp2_common/hardware_irq/irq.c.o
                0x20001f7c                irq_add_tail_to_free_list
 .text.lock_init
                0x2000202c        0xc CMakeFiles/foxdac.dir/Users/weeblabs/DSPi/pico-sdk/src/common/pico_sync/lock_core.c.o
                0x2000202c                lock_init
 .text.runtime_init_mutex
                0x20002038       0x50 CMakeFiles/foxdac.dir/Users/weeblabs/DSPi/pico-sdk/src/common/pico_sync/mutex.c.o
                0x20002038                runtime_init_mutex
 .text.mutex_init
                0x20002088       0x1c CMakeFiles/foxdac.dir/Users/weeblabs/DSPi/pico-sdk/src/common/pico_sync/mutex.c.o
                0x20002088                mutex_init
 .text.critical_section_init
                0x200020a4       0x1c CMakeFiles/foxdac.dir/Users/weeblabs/DSPi/pico-sdk/src/common/pico_sync/critical_section.c.o
                0x200020a4                critical_section_init
 .text.sleep_until_callback
                0x200020c0       0x3c CMakeFiles/foxdac.dir/Users/weeblabs/DSPi/pico-sdk/src/common/pico_time/time.c.o
 *fill*         0x200020fc        0x4 
 .text.alarm_pool_irq_handler
                0x20002100      0x2ec CMakeFiles/foxdac.dir/Users/weeblabs/DSPi/pico-sdk/src/common/pico_time/time.c.o
 .text.runtime_init_default_alarm_pool
                0x200023ec       0xa4 CMakeFiles/foxdac.dir/Users/weeblabs/DSPi/pico-sdk/src/common/pico_time/time.c.o
                0x200023ec                runtime_init_default_alarm_pool
 .text.alarm_pool_add_alarm_at_force_in_context
                0x20002490       0xcc CMakeFiles/foxdac.dir/Users/weeblabs/DSPi/pico-sdk/src/common/pico_time/time.c.o
                0x20002490                alarm_pool_add_alarm_at_force_in_context
 .text.alarm_pool_cancel_alarm
                0x2000255c       0x84 CMakeFiles/foxdac.dir/Users/weeblabs/DSPi/pico-sdk/src/common/pico_time/time.c.o
                0x2000255c                alarm_pool_cancel_alarm
 .text.best_effort_wfe_or_timeout
                0x200025e0       0xf8 CMakeFiles/foxdac.dir/Users/weeblabs/DSPi/pico-sdk/src/common/pico_time/time.c.o
                0x200025e0                best_effort_wfe_or_timeout
 .text.timer_hardware_alarm_claim
                0x200026d8       0x24 CMakeFiles/foxdac.dir/Users/weeblabs/DSPi/pico-sdk/src/rp2_common/hardware_timer/timer.c.o
                0x200026d8                timer_hardware_alarm_claim
 .text.timer_time_us_64
                0x200026fc       0x10 CMakeFiles/foxdac.dir/Users/weeblabs/DSPi/pico-sdk/src/rp2_common/hardware_timer/timer.c.o
                0x200026fc                timer_time_us_64
 .text.time_us_64
                0x2000270c       0x14 CMakeFiles/foxdac.dir/Users/weeblabs/DSPi/pico-sdk/src/rp2_common/hardware_timer/timer.c.o
                0x2000270c                time_us_64
 .text.busy_wait_ms
                0x20002720       0x94 CMakeFiles/foxdac.dir/Users/weeblabs/DSPi/pico-sdk/src/rp2_common/hardware_timer/timer.c.o
                0x20002720                busy_wait_ms
 .text.clock_configure_internal
                0x200027b4       0xd8 CMakeFiles/foxdac.dir/Users/weeblabs/DSPi/pico-sdk/src/rp2_common/hardware_clocks/clocks.c.o
 .text.clock_configure_undivided
                0x2000288c       0x14 CMakeFiles/foxdac.dir/Users/weeblabs/DSPi/pico-sdk/src/rp2_common/hardware_clocks/clocks.c.o
                0x2000288c                clock_configure_undivided
 .text.clock_get_hz
                0x200028a0        0xc CMakeFiles/foxdac.dir/Users/weeblabs/DSPi/pico-sdk/src/rp2_common/hardware_clocks/clocks.c.o
                0x200028a0                clock_get_hz
 .text.set_sys_clock_pll
                0x200028ac       0x6c CMakeFiles/foxdac.dir/Users/weeblabs/DSPi/pico-sdk/src/rp2_common/hardware_clocks/clocks.c.o
                0x200028ac                set_sys_clock_pll
 .text.check_sys_clock_hz
                0x20002918       0x7c CMakeFiles/foxdac.dir/Users/weeblabs/DSPi/pico-sdk/src/rp2_common/hardware_clocks/clocks.c.o
                0x20002918                check_sys_clock_hz
 .text.pll_init
                0x20002994       0x90 CMakeFiles/foxdac.dir/Users/weeblabs/DSPi/pico-sdk/src/rp2_common/hardware_pll/pll.c.o
                0x20002994                pll_init
 .text.watchdog_update
                0x20002a24       0x14 CMakeFiles/foxdac.dir/Users/weeblabs/DSPi/pico-sdk/src/rp2_common/hardware_watchdog/watchdog.c.o
                0x20002a24                watchdog_update
 .text.watchdog_enable
                0x20002a38       0x80 CMakeFiles/foxdac.dir/Users/weeblabs/DSPi/pico-sdk/src/rp2_common/hardware_watchdog/watchdog.c.o
                0x20002a38                watchdog_enable
 .text.tick_start
                0x20002ab8       0x18 CMakeFiles/foxdac.dir/Users/weeblabs/DSPi/pico-sdk/src/rp2_common/hardware_ticks/ticks.c.o
                0x20002ab8                tick_start
 .text.rom_func_lookup
                0x20002ad0       0x18 CMakeFiles/foxdac.dir/Users/weeblabs/DSPi/pico-sdk/src/rp2_common/pico_bootrom/bootrom.c.o
                0x20002ad0                rom_func_lookup
 .text.runtime_init_bootrom_locking_enable
                0x20002ae8       0x14 CMakeFiles/foxdac.dir/Users/weeblabs/DSPi/pico-sdk/src/rp2_common/pico_bootrom/bootrom_lock.c.o
                0x20002ae8                runtime_init_bootrom_locking_enable
 .text.runtime_init_boot_locks_reset
                0x20002afc       0x1c CMakeFiles/foxdac.dir/Users/weeblabs/DSPi/pico-sdk/src/rp2_common/hardware_boot_lock/boot_lock.c.o
                0x20002afc                runtime_init_boot_locks_reset
 .text.xosc_init
                0x20002b18       0x2c CMakeFiles/foxdac.dir/Users/weeblabs/DSPi/pico-sdk/src/rp2_common/hardware_xosc/xosc.c.o
                0x20002b18                xosc_init
 .text.first_per_core_initializer
                0x20002b44        0x4 CMakeFiles/foxdac.dir/Users/weeblabs/DSPi/pico-sdk/src/rp2_common/pico_runtime/runtime.c.o
 .text.hard_assertion_failure
                0x20002b48        0xc CMakeFiles/foxdac.dir/Users/weeblabs/DSPi/pico-sdk/src/rp2_common/pico_runtime/runtime.c.o
                0x20002b48                hard_assertion_failure
 .text.runtime_run_initializers
                0x20002b54       0x20 CMakeFiles/foxdac.dir/Users/weeblabs/DSPi/pico-sdk/src/rp2_common/pico_runtime/runtime.c.o
                0x20002b54                runtime_run_initializers
 .text.runtime_init_early_resets
                0x20002b74       0x30 CMakeFiles/foxdac.dir/Users/weeblabs/DSPi/pico-sdk/src/rp2_common/pico_runtime_init/runtime_init.c.o
                0x20002b74                runtime_init_early_resets
 .text.runtime_init_usb_power_down
                0x20002ba4       0x1c CMakeFiles/foxdac.dir/Users/weeblabs/DSPi/pico-sdk/src/rp2_common/pico_runtime_init/runtime_init.c.o
                0x20002ba4                runtime_init_usb_power_down
 .text.runtime_init_per_core_enable_coprocessors
                0x20002bc0       0x1c CMakeFiles/foxdac.dir/Users/weeblabs/DSPi/pico-sdk/src/rp2_common/pico_runtime_init/runtime_init.c.o
                0x20002bc0                runtime_init_per_core_enable_coprocessors
 .text.runtime_init_post_clock_resets
                0x20002bdc       0x20 CMakeFiles/foxdac.dir/Users/weeblabs/DSPi/pico-sdk/src/rp2_common/pico_runtime_init/runtime_init.c.o
                0x20002bdc                runtime_init_post_clock_resets
 .text.runtime_init_bootrom_reset
                0x20002bfc       0x14 CMakeFiles/foxdac.dir/Users/weeblabs/DSPi/pico-sdk/src/rp2_common/pico_runtime_init/runtime_init.c.o
                0x20002bfc                runtime_init_bootrom_reset
 .text.runtime_init_per_core_bootrom_reset
                0x20002c10       0x14 CMakeFiles/foxdac.dir/Users/weeblabs/DSPi/pico-sdk/src/rp2_common/pico_runtime_init/runtime_init.c.o
                0x20002c10                runtime_init_per_core_bootrom_reset
 .text.runtime_init_spin_locks_reset
                0x20002c24        0x4 CMakeFiles/foxdac.dir/Users/weeblabs/DSPi/pico-sdk/src/rp2_common/pico_runtime_init/runtime_init.c.o
                0x20002c24                runtime_init_spin_locks_reset
 .text.runtime_init_install_ram_vector_table
                0x20002c28       0x4c CMakeFiles/foxdac.dir/Users/weeblabs/DSPi/pico-sdk/src/rp2_common/pico_runtime_init/runtime_init.c.o
                0x20002c28                runtime_init_install_ram_vector_table
 .text.runtime_init_clocks
                0x20002c74       0xdc CMakeFiles/foxdac.dir/Users/weeblabs/DSPi/pico-sdk/src/rp2_common/pico_runtime_init/runtime_init_clocks.c.o
                0x20002c74                runtime_init_clocks
 .text.__rp2350_dcp_engaged_state_save_restore
                0x20002d50       0x3a CMakeFiles/foxdac.dir/Users/weeblabs/DSPi/pico-sdk/src/rp2_common/pico_double/double_aeabi_dcp.S.o
 *fill*         0x20002d8a        0x2 
 .text.__wrap___aeabi_dadd
                0x20002d8c       0x28 CMakeFiles/foxdac.dir/Users/weeblabs/DSPi/pico-sdk/src/rp2_common/pico_double/double_aeabi_dcp.S.o
                0x20002d94                __wrap___aeabi_dadd
 .text.__wrap___aeabi_dsub
                0x20002db4       0x28 CMakeFiles/foxdac.dir/Users/weeblabs/DSPi/pico-sdk/src/rp2_common/pico_double/double_aeabi_dcp.S.o
                0x20002dbc                __wrap___aeabi_dsub
 .text.__wrap___aeabi_dmul
                0x20002ddc       0x4c CMakeFiles/foxdac.dir/Users/weeblabs/DSPi/pico-sdk/src/rp2_common/pico_double/double_aeabi_dcp.S.o
                0x20002de4                __wrap___aeabi_dmul
 .text.__wrap___aeabi_ddiv
                0x20002e28       0x9c CMakeFiles/foxdac.dir/Users/weeblabs/DSPi/pico-sdk/src/rp2_common/pico_double/double_aeabi_dcp.S.o
                0x20002e30                __wrap___aeabi_ddiv
 .text.__wrap___aeabi_d2f
                0x20002ec4       0x1c CMakeFiles/foxdac.dir/Users/weeblabs/DSPi/pico-sdk/src/rp2_common/pico_double/double_aeabi_dcp.S.o
                0x20002ecc                double2float
                0x20002ecc                __wrap___aeabi_d2f
 .text.__wrap___aeabi_i2d
                0x20002ee0       0x24 CMakeFiles/foxdac.dir/Users/weeblabs/DSPi/pico-sdk/src/rp2_common/pico_double/double_aeabi_dcp.S.o
                0x20002ee8                __wrap___aeabi_i2d
                0x20002ee8                int2double
 .text.__wrap___aeabi_ui2d
                0x20002f04       0x24 CMakeFiles/foxdac.dir/Users/weeblabs/DSPi/pico-sdk/src/rp2_common/pico_double/double_aeabi_dcp.S.o
                0x20002f0c                __wrap___aeabi_ui2d
                0x20002f0c                uint2double
 .text.__wrap___aeabi_d2iz
                0x20002f28       0x24 CMakeFiles/foxdac.dir/Users/weeblabs/DSPi/pico-sdk/src/rp2_common/pico_double/double_aeabi_dcp.S.o
                0x20002f30                __wrap___aeabi_d2iz
                0x20002f30                double2int_z
 .text.__wrap___aeabi_d2uiz
                0x20002f4c       0x24 CMakeFiles/foxdac.dir/Users/weeblabs/DSPi/pico-sdk/src/rp2_common/pico_double/double_aeabi_dcp.S.o
                0x20002f54                double2uint_z
                0x20002f54                double2uint
                0x20002f54                __wrap___aeabi_d2uiz
 .text.__wrap___aeabi_dcmpun
                0x20002f70       0x24 CMakeFiles/foxdac.dir/Users/weeblabs/DSPi/pico-sdk/src/rp2_common/pico_double/double_aeabi_dcp.S.o
                0x20002f78                __wrap___aeabi_dcmpun
 .text.__wrap___aeabi_dcmplt
                0x20002f94       0x28 CMakeFiles/foxdac.dir/Users/weeblabs/DSPi/pico-sdk/src/rp2_common/pico_double/double_aeabi_dcp.S.o
                0x20002f9c                __wrap___aeabi_dcmplt
 .text.__wrap___aeabi_dcmple
                0x20002fbc       0x28 CMakeFiles/foxdac.dir/Users/weeblabs/DSPi/pico-sdk/src/rp2_common/pico_double/double_aeabi_dcp.S.o
                0x20002fc4                __wrap___aeabi_dcmple
 .text.__wrap___aeabi_dcmpge
                0x20002fe4       0x28 CMakeFiles/foxdac.dir/Users/weeblabs/DSPi/pico-sdk/src/rp2_common/pico_double/double_aeabi_dcp.S.o
                0x20002fec                __wrap___aeabi_dcmpge
 .text.__wrap___aeabi_dcmpgt
                0x2000300c       0x28 CMakeFiles/foxdac.dir/Users/weeblabs/DSPi/pico-sdk/src/rp2_common/pico_double/double_aeabi_dcp.S.o
                0x20003014                __wrap___aeabi_dcmpgt
 .text.dpack    0x20003034       0x58 CMakeFiles/foxdac.dir/Users/weeblabs/DSPi/pico-sdk/src/rp2_common/pico_double/double_sci_m33.S.o
 .text.dreduce  0x2000308c       0x7a CMakeFiles/foxdac.dir/Users/weeblabs/DSPi/pico-sdk/src/rp2_common/pico_double/double_sci_m33.S.o
 *fill*         0x20003106        0x2 
 .text.exptab   0x20003108      0x1fc CMakeFiles/foxdac.dir/Users/weeblabs/DSPi/pico-sdk/src/rp2_common/pico_double/double_sci_m33.S.o
                0x20003108                exptab0
                0x20003168                exptab1
                0x200031f8                exptab2
                0x20003278                logtab0
 .text.__wrap_exp
                0x20003304      0x148 CMakeFiles/foxdac.dir/Users/weeblabs/DSPi/pico-sdk/src/rp2_common/pico_double/double_sci_m33.S.o
                0x2000332e                __wrap_exp
 .text.__wrap_log
                0x2000344c      0x358 CMakeFiles/foxdac.dir/Users/weeblabs/DSPi/pico-sdk/src/rp2_common/pico_double/double_sci_m33.S.o
                0x2000362a                __wrap_log
 .text.fpow_int2
                0x200037a4      0x104 CMakeFiles/foxdac.dir/Users/weeblabs/DSPi/pico-sdk/src/rp2_common/pico_float/float_math.c.o
 .text.fpow_0   0x200038a8       0xec CMakeFiles/foxdac.dir/Users/weeblabs/DSPi/pico-sdk/src/rp2_common/pico_float/float_math.c.o
 .text.__wrap_powf
                0x20003994      0x1a8 CMakeFiles/foxdac.dir/Users/weeblabs/DSPi/pico-sdk/src/rp2_common/pico_float/float_math.c.o
                0x20003994                __wrap_powf
 .text.frrcore_v
                0x20003b3c       0x54 CMakeFiles/foxdac.dir/Users/weeblabs/DSPi/pico-sdk/src/rp2_common/pico_float/float_sci_m33_vfp.S.o
 .text.__wrap_fsin_fcos
                0x20003b90      0x388 CMakeFiles/foxdac.dir/Users/weeblabs/DSPi/pico-sdk/src/rp2_common/pico_float/float_sci_m33_vfp.S.o
                0x20003c6c                __wrap_sincosf
                0x20003cd8                __wrap_sinf
                0x20003cde                __wrap_cosf
 .text.__wrap_malloc
                0x20003f18       0x38 CMakeFiles/foxdac.dir/Users/weeblabs/DSPi/pico-sdk/src/rp2_common/pico_malloc/malloc.c.o
                0x20003f18                __wrap_malloc
 .text.__wrap_calloc
                0x20003f50       0x40 CMakeFiles/foxdac.dir/Users/weeblabs/DSPi/pico-sdk/src/rp2_common/pico_malloc/malloc.c.o
                0x20003f50                __wrap_calloc
 .text.__wrap_free
                0x20003f90       0x20 CMakeFiles/foxdac.dir/Users/weeblabs/DSPi/pico-sdk/src/rp2_common/pico_malloc/malloc.c.o
                0x20003f90                __wrap_free
 .text._out_null
                0x20003fb0        0x4 CMakeFiles/foxdac.dir/Users/weeblabs/DSPi/pico-sdk/src/rp2_common/pico_printf/printf.c.o
 .text._out_rev
                0x20003fb4       0xa8 CMakeFiles/foxdac.dir/Users/weeblabs/DSPi/pico-sdk/src/rp2_common/pico_printf/printf.c.o
 .text._ntoa_format
                0x2000405c      0x1dc CMakeFiles/foxdac.dir/Users/weeblabs/DSPi/pico-sdk/src/rp2_common/pico_printf/printf.c.o
 .text._ntoa_long
                0x20004238       0x98 CMakeFiles/foxdac.dir/Users/weeblabs/DSPi/pico-sdk/src/rp2_common/pico_printf/printf.c.o
 .text._ntoa_long_long
                0x200042d0       0xb8 CMakeFiles/foxdac.dir/Users/weeblabs/DSPi/pico-sdk/src/rp2_common/pico_printf/printf.c.o
 .text._etoa    0x20004388      0x554 CMakeFiles/foxdac.dir/Users/weeblabs/DSPi/pico-sdk/src/rp2_common/pico_printf/printf.c.o
 *fill*         0x200048dc        0x4 
 .text._ftoa    0x200048e0      0x3b8 CMakeFiles/foxdac.dir/Users/weeblabs/DSPi/pico-sdk/src/rp2_common/pico_printf/printf.c.o
 .text._out_char
                0x20004c98        0x8 CMakeFiles/foxdac.dir/Users/weeblabs/DSPi/pico-sdk/src/rp2_common/pico_printf/printf.c.o
 .text._out_fct
                0x20004ca0        0xc CMakeFiles/foxdac.dir/Users/weeblabs/DSPi/pico-sdk/src/rp2_common/pico_printf/printf.c.o
 *fill*         0x20004cac        0x4 
 .text._vsnprintf
                0x20004cb0      0x738 CMakeFiles/foxdac.dir/Users/weeblabs/DSPi/pico-sdk/src/rp2_common/pico_printf/printf.c.o
 .text.vfctprintf
                0x200053e8       0x24 CMakeFiles/foxdac.dir/Users/weeblabs/DSPi/pico-sdk/src/rp2_common/pico_printf/printf.c.o
                0x200053e8                vfctprintf
 .text.weak_raw_vprintf
                0x2000540c       0x30 CMakeFiles/foxdac.dir/Users/weeblabs/DSPi/pico-sdk/src/rp2_common/pico_printf/printf.c.o
                0x2000540c                weak_raw_vprintf
 .text._exit    0x2000543c        0x4 CMakeFiles/foxdac.dir/Users/weeblabs/DSPi/pico-sdk/src/rp2_common/pico_clib_interface/newlib_interface.c.o
                0x2000543c                _exit
 .text._sbrk    0x20005440       0x2c CMakeFiles/foxdac.dir/Users/weeblabs/DSPi/pico-sdk/src/rp2_common/pico_clib_interface/newlib_interface.c.o
                0x20005440                _sbrk
 .text.exit     0x2000546c        0x8 CMakeFiles/foxdac.dir/Users/weeblabs/DSPi/pico-sdk/src/rp2_common/pico_clib_interface/newlib_interface.c.o
                0x2000546c                exit
 .text.runtime_init
                0x20005474       0x24 CMakeFiles/foxdac.dir/Users/weeblabs/DSPi/pico-sdk/src/rp2_common/pico_clib_interface/newlib_interface.c.o
                0x20005474                runtime_init
 .text.stdio_out_chars_no_crlf
                0x20005498        0x8 CMakeFiles/foxdac.dir/Users/weeblabs/DSPi/pico-sdk/src/rp2_common/pico_stdio/stdio.c.o
 .text.stdio_out_chars_crlf
                0x200054a0       0xb0 CMakeFiles/foxdac.dir/Users/weeblabs/DSPi/pico-sdk/src/rp2_common/pico_stdio/stdio.c.o
 .text.stdio_buffered_printer
                0x20005550       0x5c CMakeFiles/foxdac.dir/Users/weeblabs/DSPi/pico-sdk/src/rp2_common/pico_stdio/stdio.c.o
 .text.stdio_put_string
                0x200055ac       0xc4 CMakeFiles/foxdac.dir/Users/weeblabs/DSPi/pico-sdk/src/rp2_common/pico_stdio/stdio.c.o
                0x200055ac                stdio_put_string
 .text.__wrap_putchar
                0x20005670       0x20 CMakeFiles/foxdac.dir/Users/weeblabs/DSPi/pico-sdk/src/rp2_common/pico_stdio/stdio.c.o
                0x20005670                stdio_putchar
                0x20005670                __wrap_putchar
 .text.__wrap_puts
                0x20005690       0x30 CMakeFiles/foxdac.dir/Users/weeblabs/DSPi/pico-sdk/src/rp2_common/pico_stdio/stdio.c.o
                0x20005690                __wrap_puts
                0x20005690                stdio_puts
 .text.__wrap_vprintf
                0x200056c0       0xbc CMakeFiles/foxdac.dir/Users/weeblabs/DSPi/pico-sdk/src/rp2_common/pico_stdio/stdio.c.o
                0x200056c0                __wrap_vprintf
                0x200056c0                stdio_vprintf
 .text.__wrap_printf
                0x2000577c       0x1c CMakeFiles/foxdac.dir/Users/weeblabs/DSPi/pico-sdk/src/rp2_common/pico_stdio/stdio.c.o
                0x2000577c                stdio_printf
                0x2000577c                __wrap_printf
 .text.startup._retrieve_unique_id_on_boot
                0x20005798       0x30 CMakeFiles/foxdac.dir/Users/weeblabs/DSPi/pico-sdk/src/rp2_common/pico_unique_id/unique_id.c.o
 .text.pico_get_unique_board_id_string
                0x200057c8       0x58 CMakeFiles/foxdac.dir/Users/weeblabs/DSPi/pico-sdk/src/rp2_common/pico_unique_id/unique_id.c.o
                0x200057c8                pico_get_unique_board_id_string
 .text.update_pio_frequency
                0x20005820       0x58 CMakeFiles/foxdac.dir/__/pico-extras/src/rp2_common/pico_audio_spdif/audio_spdif.c.o
 .text.init_spdif_buffer.isra.0
                0x20005878       0x68 CMakeFiles/foxdac.dir/__/pico-extras/src/rp2_common/pico_audio_spdif/audio_spdif.c.o
 .text.spdif_program_init
                0x200058e0       0x64 CMakeFiles/foxdac.dir/__/pico-extras/src/rp2_common/pico_audio_spdif/audio_spdif.c.o
                0x200058e0                spdif_program_init
 .text.audio_spdif_setup
                0x20005944      0x1ac CMakeFiles/foxdac.dir/__/pico-extras/src/rp2_common/pico_audio_spdif/audio_spdif.c.o
                0x20005944                audio_spdif_setup
 .text.audio_spdif_connect_extra
                0x20005af0       0xac CMakeFiles/foxdac.dir/__/pico-extras/src/rp2_common/pico_audio_spdif/audio_spdif.c.o
                0x20005af0                audio_spdif_connect_extra
 .text.audio_spdif_set_enabled
                0x20005b9c       0x5c CMakeFiles/foxdac.dir/__/pico-extras/src/rp2_common/pico_audio_spdif/audio_spdif.c.o
                0x20005b9c                audio_spdif_set_enabled
 .text.dma_channel_claim
                0x20005bf8       0x14 CMakeFiles/foxdac.dir/Users/weeblabs/DSPi/pico-sdk/src/rp2_common/hardware_dma/dma.c.o
                0x20005bf8                dma_channel_claim
 .text.add_program_at_offset_check
                0x20005c0c       0x50 CMakeFiles/foxdac.dir/Users/weeblabs/DSPi/pico-sdk/src/rp2_common/hardware_pio/pio.c.o
 .text.add_program_at_offset
                0x20005c5c       0x64 CMakeFiles/foxdac.dir/Users/weeblabs/DSPi/pico-sdk/src/rp2_common/hardware_pio/pio.c.o
 .text.find_offset_for_program.isra.0
                0x20005cc0       0x5c CMakeFiles/foxdac.dir/Users/weeblabs/DSPi/pico-sdk/src/rp2_common/hardware_pio/pio.c.o
 .text.pio_sm_claim
                0x20005d1c       0x48 CMakeFiles/foxdac.dir/Users/weeblabs/DSPi/pico-sdk/src/rp2_common/hardware_pio/pio.c.o
                0x20005d1c                pio_sm_claim
 .text.pio_add_program
                0x20005d64       0x38 CMakeFiles/foxdac.dir/Users/weeblabs/DSPi/pico-sdk/src/rp2_common/hardware_pio/pio.c.o
                0x20005d64                pio_add_program
 .text.pio_sm_set_pins
                0x20005d9c       0x64 CMakeFiles/foxdac.dir/Users/weeblabs/DSPi/pico-sdk/src/rp2_common/hardware_pio/pio.c.o
                0x20005d9c                pio_sm_set_pins
 .text.pio_sm_set_consecutive_pindirs
                0x20005e00       0x8c CMakeFiles/foxdac.dir/Users/weeblabs/DSPi/pico-sdk/src/rp2_common/hardware_pio/pio.c.o
                0x20005e00                pio_sm_set_consecutive_pindirs
 .text.pio_sm_init
                0x20005e8c       0xa8 CMakeFiles/foxdac.dir/Users/weeblabs/DSPi/pico-sdk/src/rp2_common/hardware_pio/pio.c.o
                0x20005e8c                pio_sm_init
 .text._Z21audio_new_buffer_poolP19audio_buffer_formatii
                0x20005f34       0xd8 CMakeFiles/foxdac.dir/__/pico-extras/src/common/pico_audio/audio.cpp.o
                0x20005f34                audio_new_buffer_pool(audio_buffer_format*, int, int)
 .text.audio_new_producer_pool
                0x2000600c        0xc CMakeFiles/foxdac.dir/__/pico-extras/src/common/pico_audio/audio.cpp.o
                0x2000600c                audio_new_producer_pool
 .text.audio_new_consumer_pool
                0x20006018        0xc CMakeFiles/foxdac.dir/__/pico-extras/src/common/pico_audio/audio.cpp.o
                0x20006018                audio_new_consumer_pool
 .text.audio_complete_connection
                0x20006024        0xc CMakeFiles/foxdac.dir/__/pico-extras/src/common/pico_audio/audio.cpp.o
                0x20006024                audio_complete_connection
 .text.hw_endpoint_init
                0x20006030       0x94 CMakeFiles/foxdac.dir/Users/weeblabs/DSPi/pico-sdk/lib/tinyusb/src/portable/raspberrypi/rp2040/dcd_rp2040.c.o
 .text.dcd_init
                0x200060c4       0x9c CMakeFiles/foxdac.dir/Users/weeblabs/DSPi/pico-sdk/lib/tinyusb/src/portable/raspberrypi/rp2040/dcd_rp2040.c.o
                0x200060c4                dcd_init
 .text.dcd_int_enable
                0x20006160        0x8 CMakeFiles/foxdac.dir/Users/weeblabs/DSPi/pico-sdk/lib/tinyusb/src/portable/raspberrypi/rp2040/dcd_rp2040.c.o
                0x20006160                dcd_int_enable
 .text.dcd_set_address
                0x20006168       0x10 CMakeFiles/foxdac.dir/Users/weeblabs/DSPi/pico-sdk/lib/tinyusb/src/portable/raspberrypi/rp2040/dcd_rp2040.c.o
                0x20006168                dcd_set_address
 .text.dcd_sof_enable
                0x20006178       0x1c CMakeFiles/foxdac.dir/Users/weeblabs/DSPi/pico-sdk/lib/tinyusb/src/portable/raspberrypi/rp2040/dcd_rp2040.c.o
                0x20006178                dcd_sof_enable
 .text.dcd_edpt0_status_complete
                0x20006194       0x1c CMakeFiles/foxdac.dir/Users/weeblabs/DSPi/pico-sdk/lib/tinyusb/src/portable/raspberrypi/rp2040/dcd_rp2040.c.o
                0x20006194                dcd_edpt0_status_complete
 .text.dcd_edpt_open
                0x200061b0       0xb8 CMakeFiles/foxdac.dir/Users/weeblabs/DSPi/pico-sdk/lib/tinyusb/src/portable/raspberrypi/rp2040/dcd_rp2040.c.o
                0x200061b0                dcd_edpt_open
 .text.dcd_edpt_iso_alloc
                0x20006268       0x64 CMakeFiles/foxdac.dir/Users/weeblabs/DSPi/pico-sdk/lib/tinyusb/src/portable/raspberrypi/rp2040/dcd_rp2040.c.o
                0x20006268                dcd_edpt_iso_alloc
 .text.dcd_edpt_iso_activate
                0x200062cc       0x54 CMakeFiles/foxdac.dir/Users/weeblabs/DSPi/pico-sdk/lib/tinyusb/src/portable/raspberrypi/rp2040/dcd_rp2040.c.o
                0x200062cc                dcd_edpt_iso_activate
 .text.dcd_edpt_close_all
                0x20006320        0x4 CMakeFiles/foxdac.dir/Users/weeblabs/DSPi/pico-sdk/lib/tinyusb/src/portable/raspberrypi/rp2040/dcd_rp2040.c.o
                0x20006320                dcd_edpt_close_all
 .text.dcd_edpt_xfer
                0x20006324       0x28 CMakeFiles/foxdac.dir/Users/weeblabs/DSPi/pico-sdk/lib/tinyusb/src/portable/raspberrypi/rp2040/dcd_rp2040.c.o
                0x20006324                dcd_edpt_xfer
 .text.dcd_edpt_stall
                0x2000634c       0x30 CMakeFiles/foxdac.dir/Users/weeblabs/DSPi/pico-sdk/lib/tinyusb/src/portable/raspberrypi/rp2040/dcd_rp2040.c.o
                0x2000634c                dcd_edpt_stall
 .text.dcd_edpt_clear_stall
                0x2000637c       0x24 CMakeFiles/foxdac.dir/Users/weeblabs/DSPi/pico-sdk/lib/tinyusb/src/portable/raspberrypi/rp2040/dcd_rp2040.c.o
                0x2000637c                dcd_edpt_clear_stall
 .text.rp2040_usb_init
                0x200063a0       0x40 CMakeFiles/foxdac.dir/Users/weeblabs/DSPi/pico-sdk/lib/tinyusb/src/portable/raspberrypi/rp2040/rp2040_usb.c.o
                0x200063a0                rp2040_usb_init
 .text.hw_endpoint_xfer_start
                0x200063e0       0x40 CMakeFiles/foxdac.dir/Users/weeblabs/DSPi/pico-sdk/lib/tinyusb/src/portable/raspberrypi/rp2040/rp2040_usb.c.o
                0x200063e0                hw_endpoint_xfer_start
 .text.configuration_reset
                0x20006420       0x8c CMakeFiles/foxdac.dir/Users/weeblabs/DSPi/pico-sdk/lib/tinyusb/src/device/usbd.c.o
 .text.tud_event_hook_cb
                0x200064ac        0x4 CMakeFiles/foxdac.dir/Users/weeblabs/DSPi/pico-sdk/lib/tinyusb/src/device/usbd.c.o
                0x200064ac                tud_event_hook_cb
 .text.tud_sof_cb
                0x200064b0        0x4 CMakeFiles/foxdac.dir/Users/weeblabs/DSPi/pico-sdk/lib/tinyusb/src/device/usbd.c.o
                0x200064b0                tud_sof_cb
 .text.tud_descriptor_bos_cb
                0x200064b4        0x4 CMakeFiles/foxdac.dir/Users/weeblabs/DSPi/pico-sdk/lib/tinyusb/src/device/usbd.c.o
                0x200064b4                tud_descriptor_bos_cb
 .text.tud_descriptor_device_qualifier_cb
                0x200064b8        0x4 CMakeFiles/foxdac.dir/Users/weeblabs/DSPi/pico-sdk/lib/tinyusb/src/device/usbd.c.o
                0x200064b8                tud_descriptor_device_qualifier_cb
 .text.tud_descriptor_other_speed_configuration_cb
                0x200064bc        0x4 CMakeFiles/foxdac.dir/Users/weeblabs/DSPi/pico-sdk/lib/tinyusb/src/device/usbd.c.o
                0x200064bc                tud_descriptor_other_speed_configuration_cb
 .text.tud_mount_cb
                0x200064c0        0x4 CMakeFiles/foxdac.dir/Users/weeblabs/DSPi/pico-sdk/lib/tinyusb/src/device/usbd.c.o
                0x200064c0                tud_mount_cb
 .text.tud_umount_cb
                0x200064c4        0x4 CMakeFiles/foxdac.dir/Users/weeblabs/DSPi/pico-sdk/lib/tinyusb/src/device/usbd.c.o
                0x200064c4                tud_umount_cb
 .text.tud_suspend_cb
                0x200064c8        0x4 CMakeFiles/foxdac.dir/Users/weeblabs/DSPi/pico-sdk/lib/tinyusb/src/device/usbd.c.o
                0x200064c8                tud_suspend_cb
 .text.tud_resume_cb
                0x200064cc        0x4 CMakeFiles/foxdac.dir/Users/weeblabs/DSPi/pico-sdk/lib/tinyusb/src/device/usbd.c.o
                0x200064cc                tud_resume_cb
 .text.tud_speed_get
                0x200064d0        0xc CMakeFiles/foxdac.dir/Users/weeblabs/DSPi/pico-sdk/lib/tinyusb/src/device/usbd.c.o
                0x200064d0                tud_speed_get
 .text.tud_rhport_init
                0x200064dc       0xf0 CMakeFiles/foxdac.dir/Users/weeblabs/DSPi/pico-sdk/lib/tinyusb/src/device/usbd.c.o
                0x200064dc                tud_rhport_init
 .text.tud_task_ext
                0x200065cc      0x780 CMakeFiles/foxdac.dir/Users/weeblabs/DSPi/pico-sdk/lib/tinyusb/src/device/usbd.c.o
                0x200065cc                tud_task_ext
 .text.usbd_edpt_open
                0x20006d4c       0x5c CMakeFiles/foxdac.dir/Users/weeblabs/DSPi/pico-sdk/lib/tinyusb/src/device/usbd.c.o
                0x20006d4c                usbd_edpt_open
 .text.usbd_edpt_claim
                0x20006da8       0x24 CMakeFiles/foxdac.dir/Users/weeblabs/DSPi/pico-sdk/lib/tinyusb/src/device/usbd.c.o
                0x20006da8                usbd_edpt_claim
 .text.usbd_edpt_release
                0x20006dcc       0x24 CMakeFiles/foxdac.dir/Users/weeblabs/DSPi/pico-sdk/lib/tinyusb/src/device/usbd.c.o
                0x20006dcc                usbd_edpt_release
 .text.usbd_edpt_xfer
                0x20006df0       0x70 CMakeFiles/foxdac.dir/Users/weeblabs/DSPi/pico-sdk/lib/tinyusb/src/device/usbd.c.o
                0x20006df0                usbd_edpt_xfer
 .text.usbd_edpt_clear_stall
                0x20006e60       0x44 CMakeFiles/foxdac.dir/Users/weeblabs/DSPi/pico-sdk/lib/tinyusb/src/device/usbd.c.o
                0x20006e60                usbd_edpt_clear_stall
 .text.usbd_sof_enable
                0x20006ea4       0x50 CMakeFiles/foxdac.dir/Users/weeblabs/DSPi/pico-sdk/lib/tinyusb/src/device/usbd.c.o
                0x20006ea4                usbd_sof_enable
 .text.usbd_edpt_iso_alloc
                0x20006ef4       0x24 CMakeFiles/foxdac.dir/Users/weeblabs/DSPi/pico-sdk/lib/tinyusb/src/device/usbd.c.o
                0x20006ef4                usbd_edpt_iso_alloc
 .text.usbd_edpt_iso_activate
                0x20006f18       0x80 CMakeFiles/foxdac.dir/Users/weeblabs/DSPi/pico-sdk/lib/tinyusb/src/device/usbd.c.o
                0x20006f18                usbd_edpt_iso_activate
 .text.data_stage_xact
                0x20006f98       0x80 CMakeFiles/foxdac.dir/Users/weeblabs/DSPi/pico-sdk/lib/tinyusb/src/device/usbd_control.c.o
 .text.tud_control_status
                0x20007018       0x34 CMakeFiles/foxdac.dir/Users/weeblabs/DSPi/pico-sdk/lib/tinyusb/src/device/usbd_control.c.o
                0x20007018                tud_control_status
 .text.tud_control_xfer
                0x2000704c       0x6c CMakeFiles/foxdac.dir/Users/weeblabs/DSPi/pico-sdk/lib/tinyusb/src/device/usbd_control.c.o
                0x2000704c                tud_control_xfer
 .text.usbd_control_reset
                0x200070b8       0x14 CMakeFiles/foxdac.dir/Users/weeblabs/DSPi/pico-sdk/lib/tinyusb/src/device/usbd_control.c.o
                0x200070b8                usbd_control_reset
 .text.usbd_control_set_complete_callback
                0x200070cc        0xc CMakeFiles/foxdac.dir/Users/weeblabs/DSPi/pico-sdk/lib/tinyusb/src/device/usbd_control.c.o
                0x200070cc                usbd_control_set_complete_callback
 .text.usbd_control_set_request
                0x200070d8       0x1c CMakeFiles/foxdac.dir/Users/weeblabs/DSPi/pico-sdk/lib/tinyusb/src/device/usbd_control.c.o
                0x200070d8                usbd_control_set_request
 .text.usbd_control_xfer_cb
                0x200070f4       0xc4 CMakeFiles/foxdac.dir/Users/weeblabs/DSPi/pico-sdk/lib/tinyusb/src/device/usbd_control.c.o
                0x200070f4                usbd_control_xfer_cb
 .text.audiod_verify_entity_exists
                0x200071b8       0x58 CMakeFiles/foxdac.dir/Users/weeblabs/DSPi/pico-sdk/lib/tinyusb/src/class/audio/audio_device.c.o
 .text.audiod_verify_itf_exists
                0x20007210       0x48 CMakeFiles/foxdac.dir/Users/weeblabs/DSPi/pico-sdk/lib/tinyusb/src/class/audio/audio_device.c.o
 .text.audiod_verify_ep_exists
                0x20007258       0x54 CMakeFiles/foxdac.dir/Users/weeblabs/DSPi/pico-sdk/lib/tinyusb/src/class/audio/audio_device.c.o
 .text.audiod_get_AS_interface_index.constprop.0
                0x200072ac       0x80 CMakeFiles/foxdac.dir/Users/weeblabs/DSPi/pico-sdk/lib/tinyusb/src/class/audio/audio_device.c.o
 .text.tud_audio_rx_done_post_read_cb
                0x2000732c        0x4 CMakeFiles/foxdac.dir/Users/weeblabs/DSPi/pico-sdk/lib/tinyusb/src/class/audio/audio_device.c.o
                0x2000732c                tud_audio_rx_done_post_read_cb
 .text.tud_audio_fb_done_cb
                0x20007330        0x4 CMakeFiles/foxdac.dir/Users/weeblabs/DSPi/pico-sdk/lib/tinyusb/src/class/audio/audio_device.c.o
                0x20007330                tud_audio_fb_done_cb
 .text.tud_audio_feedback_format_correction_cb
                0x20007334        0x4 CMakeFiles/foxdac.dir/Users/weeblabs/DSPi/pico-sdk/lib/tinyusb/src/class/audio/audio_device.c.o
                0x20007334                tud_audio_feedback_format_correction_cb
 .text.tud_audio_set_req_itf_cb
                0x20007338        0x4 CMakeFiles/foxdac.dir/Users/weeblabs/DSPi/pico-sdk/lib/tinyusb/src/class/audio/audio_device.c.o
                0x20007338                tud_audio_set_req_itf_cb
 .text.tud_audio_get_req_itf_cb
                0x2000733c        0x4 CMakeFiles/foxdac.dir/Users/weeblabs/DSPi/pico-sdk/lib/tinyusb/src/class/audio/audio_device.c.o
                0x2000733c                tud_audio_get_req_itf_cb
 .text.tud_audio_n_mounted
                0x20007340       0x10 CMakeFiles/foxdac.dir/Users/weeblabs/DSPi/pico-sdk/lib/tinyusb/src/class/audio/audio_device.c.o
                0x20007340                tud_audio_n_mounted
 .text.tud_audio_n_read
                0x20007350       0x18 CMakeFiles/foxdac.dir/Users/weeblabs/DSPi/pico-sdk/lib/tinyusb/src/class/audio/audio_device.c.o
                0x20007350                tud_audio_n_read
 .text.audiod_init
                0x20007368       0x6c CMakeFiles/foxdac.dir/Users/weeblabs/DSPi/pico-sdk/lib/tinyusb/src/class/audio/audio_device.c.o
                0x20007368                audiod_init
 .text.audiod_deinit
                0x200073d4        0x4 CMakeFiles/foxdac.dir/Users/weeblabs/DSPi/pico-sdk/lib/tinyusb/src/class/audio/audio_device.c.o
                0x200073d4                audiod_deinit
 .text.audiod_reset
                0x200073d8       0x20 CMakeFiles/foxdac.dir/Users/weeblabs/DSPi/pico-sdk/lib/tinyusb/src/class/audio/audio_device.c.o
                0x200073d8                audiod_reset
 .text.audiod_open
                0x200073f8       0xe4 CMakeFiles/foxdac.dir/Users/weeblabs/DSPi/pico-sdk/lib/tinyusb/src/class/audio/audio_device.c.o
                0x200073f8                audiod_open
 .text.audiod_control_xfer_cb
                0x200074dc      0x49c CMakeFiles/foxdac.dir/Users/weeblabs/DSPi/pico-sdk/lib/tinyusb/src/class/audio/audio_device.c.o
                0x200074dc                audiod_control_xfer_cb
 .text.audiod_xfer_cb
                0x20007978      0x17c CMakeFiles/foxdac.dir/Users/weeblabs/DSPi/pico-sdk/lib/tinyusb/src/class/audio/audio_device.c.o
                0x20007978                audiod_xfer_cb
 .text.tud_audio_n_fb_set
                0x20007af4       0x70 CMakeFiles/foxdac.dir/Users/weeblabs/DSPi/pico-sdk/lib/tinyusb/src/class/audio/audio_device.c.o
                0x20007af4                tud_audio_n_fb_set
 .text.vendord_init
                0x20007b64       0x54 CMakeFiles/foxdac.dir/Users/weeblabs/DSPi/pico-sdk/lib/tinyusb/src/class/vendor/vendor_device.c.o
                0x20007b64                vendord_init
 .text.vendord_deinit
                0x20007bb8       0x1c CMakeFiles/foxdac.dir/Users/weeblabs/DSPi/pico-sdk/lib/tinyusb/src/class/vendor/vendor_device.c.o
                0x20007bb8                vendord_deinit
 .text.vendord_reset
                0x20007bd4       0x24 CMakeFiles/foxdac.dir/Users/weeblabs/DSPi/pico-sdk/lib/tinyusb/src/class/vendor/vendor_device.c.o
                0x20007bd4                vendord_reset
 .text.vendord_open
                0x20007bf8       0xf4 CMakeFiles/foxdac.dir/Users/weeblabs/DSPi/pico-sdk/lib/tinyusb/src/class/vendor/vendor_device.c.o
                0x20007bf8                vendord_open
 .text.vendord_xfer_cb
                0x20007cec       0x98 CMakeFiles/foxdac.dir/Users/weeblabs/DSPi/pico-sdk/lib/tinyusb/src/class/vendor/vendor_device.c.o
                0x20007cec                vendord_xfer_cb
 .text.tu_edpt_claim
                0x20007d84       0x60 CMakeFiles/foxdac.dir/Users/weeblabs/DSPi/pico-sdk/lib/tinyusb/src/tusb.c.o
                0x20007d84                tu_edpt_claim
 .text.tu_edpt_release
                0x20007de4       0x38 CMakeFiles/foxdac.dir/Users/weeblabs/DSPi/pico-sdk/lib/tinyusb/src/tusb.c.o
                0x20007de4                tu_edpt_release
 .text.tu_edpt_validate
                0x20007e1c       0x60 CMakeFiles/foxdac.dir/Users/weeblabs/DSPi/pico-sdk/lib/tinyusb/src/tusb.c.o
                0x20007e1c                tu_edpt_validate
 .text.tu_edpt_bind_driver
                0x20007e7c       0x54 CMakeFiles/foxdac.dir/Users/weeblabs/DSPi/pico-sdk/lib/tinyusb/src/tusb.c.o
                0x20007e7c                tu_edpt_bind_driver
 .text.tu_edpt_stream_init
                0x20007ed0       0x58 CMakeFiles/foxdac.dir/Users/weeblabs/DSPi/pico-sdk/lib/tinyusb/src/tusb.c.o
                0x20007ed0                tu_edpt_stream_init
 .text.tu_edpt_stream_deinit
                0x20007f28        0x4 CMakeFiles/foxdac.dir/Users/weeblabs/DSPi/pico-sdk/lib/tinyusb/src/tusb.c.o
                0x20007f28                tu_edpt_stream_deinit
 .text.tu_edpt_stream_write_zlp_if_needed
                0x20007f2c       0x6c CMakeFiles/foxdac.dir/Users/weeblabs/DSPi/pico-sdk/lib/tinyusb/src/tusb.c.o
                0x20007f2c                tu_edpt_stream_write_zlp_if_needed
 .text.tu_edpt_stream_write_xfer
                0x20007f98       0x74 CMakeFiles/foxdac.dir/Users/weeblabs/DSPi/pico-sdk/lib/tinyusb/src/tusb.c.o
                0x20007f98                tu_edpt_stream_write_xfer
 .text.tu_edpt_stream_read_xfer
                0x2000800c       0xc8 CMakeFiles/foxdac.dir/Users/weeblabs/DSPi/pico-sdk/lib/tinyusb/src/tusb.c.o
                0x2000800c                tu_edpt_stream_read_xfer
 .text._tu_fifo_peek
                0x200080d4       0x58 CMakeFiles/foxdac.dir/Users/weeblabs/DSPi/pico-sdk/lib/tinyusb/src/common/tusb_fifo.c.o
 .text._tu_fifo_peek_n.constprop.0
                0x2000812c       0xb0 CMakeFiles/foxdac.dir/Users/weeblabs/DSPi/pico-sdk/lib/tinyusb/src/common/tusb_fifo.c.o
 .text.tu_fifo_config
                0x200081dc       0x60 CMakeFiles/foxdac.dir/Users/weeblabs/DSPi/pico-sdk/lib/tinyusb/src/common/tusb_fifo.c.o
                0x200081dc                tu_fifo_config
 .text.tu_fifo_count
                0x2000823c       0x20 CMakeFiles/foxdac.dir/Users/weeblabs/DSPi/pico-sdk/lib/tinyusb/src/common/tusb_fifo.c.o
                0x2000823c                tu_fifo_count
 .text.tu_fifo_remaining
                0x2000825c       0x24 CMakeFiles/foxdac.dir/Users/weeblabs/DSPi/pico-sdk/lib/tinyusb/src/common/tusb_fifo.c.o
                0x2000825c                tu_fifo_remaining
 .text.tu_fifo_read
                0x20008280       0x58 CMakeFiles/foxdac.dir/Users/weeblabs/DSPi/pico-sdk/lib/tinyusb/src/common/tusb_fifo.c.o
                0x20008280                tu_fifo_read
 .text.tu_fifo_read_n
                0x200082d8       0x5c CMakeFiles/foxdac.dir/Users/weeblabs/DSPi/pico-sdk/lib/tinyusb/src/common/tusb_fifo.c.o
                0x200082d8                tu_fifo_read_n
 .text.tu_fifo_write
                0x20008334       0xa8 CMakeFiles/foxdac.dir/Users/weeblabs/DSPi/pico-sdk/lib/tinyusb/src/common/tusb_fifo.c.o
                0x20008334                tu_fifo_write
 .text.tu_fifo_write_n
                0x200083dc      0x150 CMakeFiles/foxdac.dir/Users/weeblabs/DSPi/pico-sdk/lib/tinyusb/src/common/tusb_fifo.c.o
                0x200083dc                tu_fifo_write_n
 .text.tu_fifo_clear
                0x2000852c       0x38 CMakeFiles/foxdac.dir/Users/weeblabs/DSPi/pico-sdk/lib/tinyusb/src/common/tusb_fifo.c.o
                0x2000852c                tu_fifo_clear
 .text          0x20008564      0x378 /Applications/ArmGNUToolchain/15.2.rel1/arm-none-eabi/bin/../lib/gcc/arm-none-eabi/15.2.1/thumb/v8-m.main+fp/softfp/libgcc.a(_arm_addsubdf3.o)
                0x20008564                __aeabi_drsub
                0x2000856c                __subdf3
                0x2000856c                __aeabi_dsub
                0x20008570                __aeabi_dadd
                0x20008570                __adddf3
                0x200087e8                __aeabi_ui2d
                0x200087e8                __floatunsidf
                0x20008808                __floatsidf
                0x20008808                __aeabi_i2d
                0x2000882c                __extendsfdf2
                0x2000882c                __aeabi_f2d
                0x20008870                __aeabi_ul2d
                0x20008870                __floatundidf
                0x20008880                __aeabi_l2d
                0x20008880                __floatdidf
 .text          0x200088dc       0x30 /Applications/ArmGNUToolchain/15.2.rel1/arm-none-eabi/bin/../lib/gcc/arm-none-eabi/15.2.1/thumb/v8-m.main+fp/softfp/libgcc.a(_aeabi_uldivmod.o)
                0x200088dc                __aeabi_uldivmod
 .text.__udivmoddi4
                0x2000890c      0x340 /Applications/ArmGNUToolchain/15.2.rel1/arm-none-eabi/bin/../lib/gcc/arm-none-eabi/15.2.1/thumb/v8-m.main+fp/softfp/libgcc.a(_udivmoddi4.o)
                0x2000890c                __udivmoddi4
 .text          0x20008c4c        0x4 /Applications/ArmGNUToolchain/15.2.rel1/arm-none-eabi/bin/../lib/gcc/arm-none-eabi/15.2.1/thumb/v8-m.main+fp/softfp/libgcc.a(_dvmd_tls.o)
                0x20008c4c                __aeabi_ldiv0
                0x20008c4c                __aeabi_idiv0
 .text.calloc   0x20008c50       0x10 /Applications/ArmGNUToolchain/15.2.rel1/arm-none-eabi/bin/../lib/gcc/arm-none-eabi/15.2.1/../../../../arm-none-eabi/lib/thumb/v8-m.main+fp/softfp/libg.a(libc_a-calloc.o)
                0x20008c50                calloc
 .text._calloc_r
                0x20008c60       0x7c /Applications/ArmGNUToolchain/15.2.rel1/arm-none-eabi/bin/../lib/gcc/arm-none-eabi/15.2.1/../../../../arm-none-eabi/lib/thumb/v8-m.main+fp/softfp/libg.a(libc_a-callocr.o)
                0x20008c60                _calloc_r
 .text.malloc   0x20008cdc       0x10 /Applications/ArmGNUToolchain/15.2.rel1/arm-none-eabi/bin/../lib/gcc/arm-none-eabi/15.2.1/../../../../arm-none-eabi/lib/thumb/v8-m.main+fp/softfp/libg.a(libc_a-malloc.o)
                0x20008cdc                malloc
 .text.free     0x20008cec       0x10 /Applications/ArmGNUToolchain/15.2.rel1/arm-none-eabi/bin/../lib/gcc/arm-none-eabi/15.2.1/../../../../arm-none-eabi/lib/thumb/v8-m.main+fp/softfp/libg.a(libc_a-malloc.o)
                0x20008cec                free
 .text._malloc_r
                0x20008cfc      0x5a8 /Applications/ArmGNUToolchain/15.2.rel1/arm-none-eabi/bin/../lib/gcc/arm-none-eabi/15.2.1/../../../../arm-none-eabi/lib/thumb/v8-m.main+fp/softfp/libg.a(libc_a-mallocr.o)
                0x20008cfc                _malloc_r
 .text.__malloc_lock
                0x200092a4        0xc /Applications/ArmGNUToolchain/15.2.rel1/arm-none-eabi/bin/../lib/gcc/arm-none-eabi/15.2.1/../../../../arm-none-eabi/lib/thumb/v8-m.main+fp/softfp/libg.a(libc_a-mlock.o)
                0x200092a4                __malloc_lock
 .text.__malloc_unlock
                0x200092b0        0xc /Applications/ArmGNUToolchain/15.2.rel1/arm-none-eabi/bin/../lib/gcc/arm-none-eabi/15.2.1/../../../../arm-none-eabi/lib/thumb/v8-m.main+fp/softfp/libg.a(libc_a-mlock.o)
                0x200092b0                __malloc_unlock
 .text.memset   0x200092bc       0x88 /Applications/ArmGNUToolchain/15.2.rel1/arm-none-eabi/bin/../lib/gcc/arm-none-eabi/15.2.1/../../../../arm-none-eabi/lib/thumb/v8-m.main+fp/softfp/libg.a(libc_a-memset.o)
                0x200092bc                memset
 .text._sbrk_r  0x20009344       0x24 /Applications/ArmGNUToolchain/15.2.rel1/arm-none-eabi/bin/../lib/gcc/arm-none-eabi/15.2.1/../../../../arm-none-eabi/lib/thumb/v8-m.main+fp/softfp/libg.a(libc_a-sbrkr.o)
                0x20009344                _sbrk_r
 .text.__errno  0x20009368        0xc /Applications/ArmGNUToolchain/15.2.rel1/arm-none-eabi/bin/../lib/gcc/arm-none-eabi/15.2.1/../../../../arm-none-eabi/lib/thumb/v8-m.main+fp/softfp/libg.a(libc_a-errno.o)
                0x20009368                __errno
 .text.sysconf  0x20009374       0x1c /Applications/ArmGNUToolchain/15.2.rel1/arm-none-eabi/bin/../lib/gcc/arm-none-eabi/15.2.1/../../../../arm-none-eabi/lib/thumb/v8-m.main+fp/softfp/libg.a(libc_a-sysconf.o)
                0x20009374                sysconf
 .text.__retarget_lock_acquire_recursive
                0x20009390        0x4 /Applications/ArmGNUToolchain/15.2.rel1/arm-none-eabi/bin/../lib/gcc/arm-none-eabi/15.2.1/../../../../arm-none-eabi/lib/thumb/v8-m.main+fp/softfp/libg.a(libc_a-lock.o)
                0x20009390                __retarget_lock_acquire_recursive
 .text.__retarget_lock_release_recursive
                0x20009394        0x4 /Applications/ArmGNUToolchain/15.2.rel1/arm-none-eabi/bin/../lib/gcc/arm-none-eabi/15.2.1/../../../../arm-none-eabi/lib/thumb/v8-m.main+fp/softfp/libg.a(libc_a-lock.o)
                0x20009394                __retarget_lock_release_recursive
 .text          0x20009398       0xec /Applications/ArmGNUToolchain/15.2.rel1/arm-none-eabi/bin/../lib/gcc/arm-none-eabi/15.2.1/../../../../arm-none-eabi/lib/thumb/v8-m.main+fp/softfp/libg.a(libc_a-memcpy.o)
                0x20009398                memcpy
 .text.strlen   0x20009484       0x5c /Applications/ArmGNUToolchain/15.2.rel1/arm-none-eabi/bin/../lib/gcc/arm-none-eabi/15.2.1/../../../../arm-none-eabi/lib/thumb/v8-m.main+fp/softfp/libg.a(libc_a-strlen-stub.o)
                0x20009484                strlen
 .text._malloc_trim_r
                0x200094e0       0xac /Applications/ArmGNUToolchain/15.2.rel1/arm-none-eabi/bin/../lib/gcc/arm-none-eabi/15.2.1/../../../../arm-none-eabi/lib/thumb/v8-m.main+fp/softfp/libg.a(libc_a-freer.o)
                0x200094e0                _malloc_trim_r
 .text._free_r  0x2000958c      0x208 /Applications/ArmGNUToolchain/15.2.rel1/arm-none-eabi/bin/../lib/gcc/arm-none-eabi/15.2.1/../../../../arm-none-eabi/lib/thumb/v8-m.main+fp/softfp/libg.a(libc_a-freer.o)
                0x2000958c                _free_r
 *(.fini)
 .fini          0x20009794        0x4 /Applications/ArmGNUToolchain/15.2.rel1/arm-none-eabi/bin/../lib/gcc/arm-none-eabi/15.2.1/thumb/v8-m.main+fp/softfp/crti.o
                0x20009794                _fini
 *crtbegin.o(.ctors)
 *crtbegin?.o(.ctors)
 *(EXCLUDE_FILE(*crtend.o *crtend?.o) .ctors)
 *(SORT_BY_NAME(.ctors.*))
 *(.ctors)
 *crtbegin.o(.dtors)
 *crtbegin?.o(.dtors)
 *(EXCLUDE_FILE(*crtend.o *crtend?.o) .dtors)
 *(SORT_BY_NAME(.dtors.*))
 *(.dtors)
 *(.eh_frame*)
 .eh_frame      0x20009798        0x0 /Applications/ArmGNUToolchain/15.2.rel1/arm-none-eabi/bin/../lib/gcc/arm-none-eabi/15.2.1/thumb/v8-m.main+fp/softfp/crtbegin.o
                0x20009798                        . = ALIGN (0x4)
                0x20009798                        __ram_text_end__ = .
                0x1000021c                        __ram_text_source__ = LOADADDR (.text)

.glue_7         0x20009798        0x0 load address 0x100098a4
 .glue_7        0x20009798        0x0 linker stubs

.glue_7t        0x20009798        0x0 load address 0x100098a4
 .glue_7t       0x20009798        0x0 linker stubs

.vfp11_veneer   0x20009798        0x0 load address 0x100098a4
 .vfp11_veneer  0x20009798        0x0 linker stubs

.v4_bx          0x20009798        0x0 load address 0x100098a4
 .v4_bx         0x20009798        0x0 linker stubs

.iplt           0x20009798        0x0 load address 0x100098a4
 .iplt          0x20009798        0x0 /Applications/ArmGNUToolchain/15.2.rel1/arm-none-eabi/bin/../lib/gcc/arm-none-eabi/15.2.1/thumb/v8-m.main+fp/softfp/crtbegin.o
                0x20009798                        . = ALIGN (0x4)

.data           0x20009798     0x1ef0 load address 0x100098a4
                0x20009798                        __data_start__ = .
 *(vtable)
 *(.time_critical*)
 .time_critical
                0x20009798       0x80 CMakeFiles/foxdac.dir/dsp_pipeline.c.o
                0x20009798                dsp_process_channel
 .time_critical.mutex_enter_blocking
                0x20009818       0x80 CMakeFiles/foxdac.dir/Users/weeblabs/DSPi/pico-sdk/src/common/pico_sync/mutex.c.o
                0x20009818                mutex_enter_blocking
 .time_critical.mutex_enter_block_until
                0x20009898       0x6c CMakeFiles/foxdac.dir/Users/weeblabs/DSPi/pico-sdk/src/common/pico_sync/mutex.c.o
                0x20009898                mutex_enter_block_until
 .time_critical.mutex_try_enter_block_until
                0x20009904       0x68 CMakeFiles/foxdac.dir/Users/weeblabs/DSPi/pico-sdk/src/common/pico_sync/mutex.c.o
                0x20009904                mutex_try_enter_block_until
 .time_critical.mutex_enter_timeout_ms
                0x2000996c       0x38 CMakeFiles/foxdac.dir/Users/weeblabs/DSPi/pico-sdk/src/common/pico_sync/mutex.c.o
                0x2000996c                mutex_enter_timeout_ms
 .time_critical.mutex_exit
                0x200099a4       0x3c CMakeFiles/foxdac.dir/Users/weeblabs/DSPi/pico-sdk/src/common/pico_sync/mutex.c.o
                0x200099a4                mutex_exit
 .time_critical.flash_init_boot2_copyout
                0x200099e0       0x34 CMakeFiles/foxdac.dir/Users/weeblabs/DSPi/pico-sdk/src/rp2_common/hardware_flash/flash.c.o
 .time_critical.flash_enable_xip_via_boot2
                0x20009a14        0x8 CMakeFiles/foxdac.dir/Users/weeblabs/DSPi/pico-sdk/src/rp2_common/hardware_flash/flash.c.o
 .time_critical.flash_rp2350_save_qmi_cs1
                0x20009a1c       0x14 CMakeFiles/foxdac.dir/Users/weeblabs/DSPi/pico-sdk/src/rp2_common/hardware_flash/flash.c.o
 .time_critical.flash_devinfo_ptr
                0x20009a30       0x14 CMakeFiles/foxdac.dir/Users/weeblabs/DSPi/pico-sdk/src/rp2_common/hardware_flash/flash.c.o
 .time_critical.flash_save_hardware_state
                0x20009a44       0x34 CMakeFiles/foxdac.dir/Users/weeblabs/DSPi/pico-sdk/src/rp2_common/hardware_flash/flash.c.o
 .time_critical.flash_devinfo_get_cs_size
                0x20009a78       0x18 CMakeFiles/foxdac.dir/Users/weeblabs/DSPi/pico-sdk/src/rp2_common/hardware_flash/flash.c.o
                0x20009a78                flash_devinfo_get_cs_size
 .time_critical.flash_rp2350_restore_qmi_cs1
                0x20009a90       0x30 CMakeFiles/foxdac.dir/Users/weeblabs/DSPi/pico-sdk/src/rp2_common/hardware_flash/flash.c.o
 .time_critical.flash_restore_hardware_state
                0x20009ac0       0x2c CMakeFiles/foxdac.dir/Users/weeblabs/DSPi/pico-sdk/src/rp2_common/hardware_flash/flash.c.o
 .time_critical.flash_range_erase
                0x20009aec       0xac CMakeFiles/foxdac.dir/Users/weeblabs/DSPi/pico-sdk/src/rp2_common/hardware_flash/flash.c.o
                0x20009aec                flash_range_erase
 .time_critical.flash_range_program
                0x20009b98       0xac CMakeFiles/foxdac.dir/Users/weeblabs/DSPi/pico-sdk/src/rp2_common/hardware_flash/flash.c.o
                0x20009b98                flash_range_program
 .time_critical.xip_cache_maintain
                0x20009c44       0x20 CMakeFiles/foxdac.dir/Users/weeblabs/DSPi/pico-sdk/src/rp2_common/hardware_xip_cache/xip_cache.c.o
 .time_critical.xip_cache_clean_all
                0x20009c64       0x10 CMakeFiles/foxdac.dir/Users/weeblabs/DSPi/pico-sdk/src/rp2_common/hardware_xip_cache/xip_cache.c.o
                0x20009c64                xip_cache_clean_all
 .time_critical.audio_start_dma_transfer
                0x20009c74       0x50 CMakeFiles/foxdac.dir/__/pico-extras/src/rp2_common/pico_audio_spdif/audio_spdif.c.o
 .time_critical.audio_spdif_dma_irq_handler
                0x20009cc4       0x48 CMakeFiles/foxdac.dir/__/pico-extras/src/rp2_common/pico_audio_spdif/audio_spdif.c.o
 .time_critical
                0x20009d0c       0x50 CMakeFiles/foxdac.dir/__/pico-extras/src/rp2_common/pico_audio_spdif/audio_spdif.c.o
 .time_critical
                0x20009d5c      0x268 CMakeFiles/foxdac.dir/__/pico-extras/src/rp2_common/pico_audio_spdif/sample_encoding.cpp.o
                0x20009d5c                stereo_to_spdif_producer_give
                0x20009e74                mono_to_spdif_producer_give
 .time_critical
                0x20009fc4      0x1e0 CMakeFiles/foxdac.dir/__/pico-extras/src/common/pico_audio/audio.cpp.o
                0x20009fc4                get_free_audio_buffer
                0x2000a048                producer_pool_take_buffer_default
                0x2000a050                queue_free_audio_buffer
                0x2000a08c                consumer_pool_give_buffer_default
                0x2000a094                get_full_audio_buffer
                0x2000a128                consumer_pool_take_buffer_default
                0x2000a130                queue_full_audio_buffer
                0x2000a178                producer_pool_give_buffer_default
                0x2000a180                give_audio_buffer
                0x2000a194                take_audio_buffer
 .time_critical.reset_non_control_endpoints
                0x2000a1a4       0x3c CMakeFiles/foxdac.dir/Users/weeblabs/DSPi/pico-sdk/lib/tinyusb/src/portable/raspberrypi/rp2040/dcd_rp2040.c.o
 .time_critical.hw_handle_buff_status
                0x2000a1e0       0x8c CMakeFiles/foxdac.dir/Users/weeblabs/DSPi/pico-sdk/lib/tinyusb/src/portable/raspberrypi/rp2040/dcd_rp2040.c.o
 .time_critical.dcd_rp2040_irq
                0x2000a26c      0x1b0 CMakeFiles/foxdac.dir/Users/weeblabs/DSPi/pico-sdk/lib/tinyusb/src/portable/raspberrypi/rp2040/dcd_rp2040.c.o
 .time_critical.prepare_ep_buffer
                0x2000a41c       0x70 CMakeFiles/foxdac.dir/Users/weeblabs/DSPi/pico-sdk/lib/tinyusb/src/portable/raspberrypi/rp2040/rp2040_usb.c.o
 .time_critical.sync_ep_buffer
                0x2000a48c       0x68 CMakeFiles/foxdac.dir/Users/weeblabs/DSPi/pico-sdk/lib/tinyusb/src/portable/raspberrypi/rp2040/rp2040_usb.c.o
 .time_critical._hw_endpoint_xfer_sync
                0x2000a4f4       0x2c CMakeFiles/foxdac.dir/Users/weeblabs/DSPi/pico-sdk/lib/tinyusb/src/portable/raspberrypi/rp2040/rp2040_usb.c.o
 .time_critical.e15_is_bulkin_ep
                0x2000a520       0x28 CMakeFiles/foxdac.dir/Users/weeblabs/DSPi/pico-sdk/lib/tinyusb/src/portable/raspberrypi/rp2040/rp2040_usb.c.o
 .time_critical.e15_is_critical_frame_period
                0x2000a548       0x28 CMakeFiles/foxdac.dir/Users/weeblabs/DSPi/pico-sdk/lib/tinyusb/src/portable/raspberrypi/rp2040/rp2040_usb.c.o
 .time_critical.hw_endpoint_reset_transfer
                0x2000a570        0xc CMakeFiles/foxdac.dir/Users/weeblabs/DSPi/pico-sdk/lib/tinyusb/src/portable/raspberrypi/rp2040/rp2040_usb.c.o
                0x2000a570                hw_endpoint_reset_transfer
 .time_critical._hw_endpoint_buffer_control_update32
                0x2000a57c       0x48 CMakeFiles/foxdac.dir/Users/weeblabs/DSPi/pico-sdk/lib/tinyusb/src/portable/raspberrypi/rp2040/rp2040_usb.c.o
                0x2000a57c                _hw_endpoint_buffer_control_update32
 .time_critical.hw_endpoint_start_next_buffer
                0x2000a5c4       0x64 CMakeFiles/foxdac.dir/Users/weeblabs/DSPi/pico-sdk/lib/tinyusb/src/portable/raspberrypi/rp2040/rp2040_usb.c.o
                0x2000a5c4                hw_endpoint_start_next_buffer
 .time_critical.hw_endpoint_xfer_continue
                0x2000a628       0x3c CMakeFiles/foxdac.dir/Users/weeblabs/DSPi/pico-sdk/lib/tinyusb/src/portable/raspberrypi/rp2040/rp2040_usb.c.o
                0x2000a628                hw_endpoint_xfer_continue
 .time_critical.tinyusb
                0x2000a664      0x218 CMakeFiles/foxdac.dir/Users/weeblabs/DSPi/pico-sdk/lib/tinyusb/src/device/usbd.c.o
                0x2000a664                dcd_event_handler
 .time_critical.tinyusb
                0x2000a87c       0x3c CMakeFiles/foxdac.dir/Users/weeblabs/DSPi/pico-sdk/lib/tinyusb/src/class/audio/audio_device.c.o
                0x2000a87c                tud_audio_feedback_interval_isr
                0x2000a880                audiod_sof_isr
                0x2000a8b8                        . = ALIGN (0x4)
 *(.rodata*)
 .rodata.clk_valid.3
                0x2000a8b8        0x1 CMakeFiles/foxdac.dir/usb_audio.c.o
 *fill*         0x2000a8b9        0x3 
 .rodata.sample_rate_range.4
                0x2000a8bc       0x1a CMakeFiles/foxdac.dir/usb_audio.c.o
 *fill*         0x2000a8d6        0x2 
 .rodata.db_to_vol
                0x2000a8d8       0xb6 CMakeFiles/foxdac.dir/usb_audio.c.o
 *fill*         0x2000a98e        0x2 
 .rodata.ms_ext_prop_descriptor
                0x2000a990       0x8e CMakeFiles/foxdac.dir/usb_descriptors.c.o
 *fill*         0x2000aa1e        0x2 
 .rodata.ms_compat_id_descriptor
                0x2000aa20       0x28 CMakeFiles/foxdac.dir/usb_descriptors.c.o
 .rodata.string_desc_arr
                0x2000aa48       0x10 CMakeFiles/foxdac.dir/usb_descriptors.c.o
 .rodata.__compound_literal.0
                0x2000aa58        0x2 CMakeFiles/foxdac.dir/usb_descriptors.c.o
 *fill*         0x2000aa5a        0x2 
 .rodata.desc_configuration
                0x2000aa5c       0xa1 CMakeFiles/foxdac.dir/usb_descriptors.c.o
 *fill*         0x2000aafd        0x3 
 .rodata.desc_device
                0x2000ab00       0x12 CMakeFiles/foxdac.dir/usb_descriptors.c.o
                0x2000ab00                desc_device
 *fill*         0x2000ab12        0x2 
 .rodata.panic.str1.4
                0x2000ab14      0x2a8 CMakeFiles/foxdac.dir/Users/weeblabs/DSPi/pico-sdk/src/rp2_common/pico_platform_panic/panic.c.o
                                 0x12 (size before relaxing)
 .rodata.panic_unsupported.str1.4
                0x2000adbc        0x0 CMakeFiles/foxdac.dir/Users/weeblabs/DSPi/pico-sdk/src/rp2_common/pico_platform_panic/panic.c.o
                                  0xe (size before relaxing)
 .rodata.spin_lock_claim_unused.str1.4
                0x2000adbc        0x0 CMakeFiles/foxdac.dir/Users/weeblabs/DSPi/pico-sdk/src/rp2_common/hardware_sync/sync.c.o
                                 0x1b (size before relaxing)
 .rodata.timer_hardware_alarm_claim.str1.4
                0x2000adbc        0x0 CMakeFiles/foxdac.dir/Users/weeblabs/DSPi/pico-sdk/src/rp2_common/hardware_timer/timer.c.o
                                 0x22 (size before relaxing)
 .rodata.hard_assertion_failure.str1.4
                0x2000adbc        0x0 CMakeFiles/foxdac.dir/Users/weeblabs/DSPi/pico-sdk/src/rp2_common/pico_runtime/runtime.c.o
                                  0xc (size before relaxing)
 .rodata.__wrap_malloc.str1.4
                0x2000adbc        0x0 CMakeFiles/foxdac.dir/Users/weeblabs/DSPi/pico-sdk/src/rp2_common/pico_malloc/malloc.c.o
                                  0xe (size before relaxing)
 .rodata.str1.4
                0x2000adbc        0x0 CMakeFiles/foxdac.dir/Users/weeblabs/DSPi/pico-sdk/src/rp2_common/pico_standard_binary_info/standard_binary_info.c.o
                                 0x3c (size before relaxing)
 .rodata.__bi_84
                0x2000adbc        0xc CMakeFiles/foxdac.dir/Users/weeblabs/DSPi/pico-sdk/src/rp2_common/pico_standard_binary_info/standard_binary_info.c.o
 .rodata.__bi_78
                0x2000adc8        0xc CMakeFiles/foxdac.dir/Users/weeblabs/DSPi/pico-sdk/src/rp2_common/pico_standard_binary_info/standard_binary_info.c.o
 .rodata.__bi_54
                0x2000add4        0xc CMakeFiles/foxdac.dir/Users/weeblabs/DSPi/pico-sdk/src/rp2_common/pico_standard_binary_info/standard_binary_info.c.o
 .rodata.__bi_48
                0x2000ade0        0xc CMakeFiles/foxdac.dir/Users/weeblabs/DSPi/pico-sdk/src/rp2_common/pico_standard_binary_info/standard_binary_info.c.o
 .rodata.__bi_42
                0x2000adec        0xc CMakeFiles/foxdac.dir/Users/weeblabs/DSPi/pico-sdk/src/rp2_common/pico_standard_binary_info/standard_binary_info.c.o
 .rodata.__bi_34
                0x2000adf8        0xc CMakeFiles/foxdac.dir/Users/weeblabs/DSPi/pico-sdk/src/rp2_common/pico_standard_binary_info/standard_binary_info.c.o
 .rodata.__bi_26
                0x2000ae04        0xc CMakeFiles/foxdac.dir/Users/weeblabs/DSPi/pico-sdk/src/rp2_common/pico_standard_binary_info/standard_binary_info.c.o
 .rodata._ftoa.str1.4
                0x2000ae10        0x0 CMakeFiles/foxdac.dir/Users/weeblabs/DSPi/pico-sdk/src/rp2_common/pico_printf/printf.c.o
                                 0x15 (size before relaxing)
 .rodata.pow10.0
                0x2000ae10       0x50 CMakeFiles/foxdac.dir/Users/weeblabs/DSPi/pico-sdk/src/rp2_common/pico_printf/printf.c.o
 .rodata.crlf_str.0
                0x2000ae60        0x2 CMakeFiles/foxdac.dir/Users/weeblabs/DSPi/pico-sdk/src/rp2_common/pico_stdio/stdio.c.o
 .rodata.update_pio_frequency.str1.4
                0x2000ae62        0x0 CMakeFiles/foxdac.dir/__/pico-extras/src/rp2_common/pico_audio_spdif/audio_spdif.c.o
                                 0x4b (size before relaxing)
 .rodata.audio_spdif_connect_extra.str1.4
                0x2000ae62        0x0 CMakeFiles/foxdac.dir/__/pico-extras/src/rp2_common/pico_audio_spdif/audio_spdif.c.o
                                 0xa0 (size before relaxing)
 *fill*         0x2000ae62        0x2 
 .rodata.audio_spdif_program
                0x2000ae64        0x8 CMakeFiles/foxdac.dir/__/pico-extras/src/rp2_common/pico_audio_spdif/audio_spdif.c.o
 .rodata.audio_spdif_program_instructions
                0x2000ae6c        0x8 CMakeFiles/foxdac.dir/__/pico-extras/src/rp2_common/pico_audio_spdif/audio_spdif.c.o
 .rodata.dma_channel_claim.str1.4
                0x2000ae74        0x0 CMakeFiles/foxdac.dir/Users/weeblabs/DSPi/pico-sdk/src/rp2_common/hardware_dma/dma.c.o
                                 0x22 (size before relaxing)
 .rodata.pio_sm_claim.str1.4
                0x2000ae74        0x0 CMakeFiles/foxdac.dir/Users/weeblabs/DSPi/pico-sdk/src/rp2_common/hardware_pio/pio.c.o
                                 0x62 (size before relaxing)
 .rodata.str1.4
                0x2000ae74        0x0 CMakeFiles/foxdac.dir/Users/weeblabs/DSPi/pico-sdk/lib/tinyusb/src/portable/raspberrypi/rp2040/dcd_rp2040.c.o
                                 0x14 (size before relaxing)
 .rodata.str1.4
                0x2000ae74        0x0 CMakeFiles/foxdac.dir/Users/weeblabs/DSPi/pico-sdk/lib/tinyusb/src/portable/raspberrypi/rp2040/rp2040_usb.c.o
                                 0x48 (size before relaxing)
 .rodata._usbd_driver
                0x2000ae74       0x40 CMakeFiles/foxdac.dir/Users/weeblabs/DSPi/pico-sdk/lib/tinyusb/src/device/usbd.c.o
 .rodata.str1.4
                0x2000aeb4        0x0 CMakeFiles/foxdac.dir/Users/weeblabs/DSPi/pico-sdk/lib/tinyusb/hw/bsp/rp2040/family.c.o
                                  0x4 (size before relaxing)
 .rodata.__bi_153.0
                0x2000aeb4        0xc CMakeFiles/foxdac.dir/Users/weeblabs/DSPi/pico-sdk/lib/tinyusb/hw/bsp/rp2040/family.c.o
 .rodata.__bi_163.1
                0x2000aec0        0x8 CMakeFiles/foxdac.dir/Users/weeblabs/DSPi/pico-sdk/lib/tinyusb/hw/bsp/rp2040/family.c.o
 *(.srodata*)
                0x2000aec8                        . = ALIGN (0x4)
 *(.data*)
 .data.channel_band_counts
                0x2000aec8        0x5 CMakeFiles/foxdac.dir/dsp_pipeline.c.o
                0x2000aec8                channel_band_counts
 *fill*         0x2000aecd        0x3 
 .data.producer_format
                0x2000aed0        0x8 CMakeFiles/foxdac.dir/usb_audio.c.o
                0x2000aed0                producer_format
 .data.config   0x2000aed8        0x3 CMakeFiles/foxdac.dir/usb_audio.c.o
                0x2000aed8                config
 *fill*         0x2000aedb        0x1 
 .data.audio_format_48k
                0x2000aedc        0x8 CMakeFiles/foxdac.dir/usb_audio.c.o
                0x2000aedc                audio_format_48k
 .data.channel_gain_mul
                0x2000aee4        0xc CMakeFiles/foxdac.dir/usb_audio.c.o
                0x2000aee4                channel_gain_mul
 .data.global_preamp_mul
                0x2000aef0        0x4 CMakeFiles/foxdac.dir/usb_audio.c.o
                0x2000aef0                global_preamp_mul
 .data.pending_rate
                0x2000aef4        0x4 CMakeFiles/foxdac.dir/usb_audio.c.o
                0x2000aef4                pending_rate
 .data.audio_state
                0x2000aef8        0xc CMakeFiles/foxdac.dir/usb_audio.c.o
                0x2000aef8                audio_state
 .data.descriptor_str_serial
                0x2000af04       0x11 CMakeFiles/foxdac.dir/usb_descriptors.c.o
                0x2000af04                descriptor_str_serial
 *fill*         0x2000af15        0x3 
 .data.descriptor_str_product
                0x2000af18        0xf CMakeFiles/foxdac.dir/usb_descriptors.c.o
 *fill*         0x2000af27        0x1 
 .data.descriptor_str_vendor
                0x2000af28       0x14 CMakeFiles/foxdac.dir/usb_descriptors.c.o
 .data.striped_spin_lock_num
                0x2000af3c        0x1 CMakeFiles/foxdac.dir/Users/weeblabs/DSPi/pico-sdk/src/rp2_common/hardware_sync/sync.c.o
 *fill*         0x2000af3d        0x3 
 .data          0x2000af40       0x48 CMakeFiles/foxdac.dir/Users/weeblabs/DSPi/pico-sdk/src/rp2_common/hardware_irq/irq_handler_chain.S.o
                0x2000af40                irq_handler_chain_slots
                0x2000af70                irq_handler_chain_first_slot
                0x2000af7a                irq_handler_chain_remove_tail
 .data.default_alarm_pool
                0x2000af88       0x18 CMakeFiles/foxdac.dir/Users/weeblabs/DSPi/pico-sdk/src/common/pico_time/time.c.o
 .data.m2s_audio_spdif_connection
                0x2000afa0       0x20 CMakeFiles/foxdac.dir/__/pico-extras/src/rp2_common/pico_audio_spdif/audio_spdif.c.o
 .data.silence_buffer
                0x2000afc0       0x18 CMakeFiles/foxdac.dir/__/pico-extras/src/rp2_common/pico_audio_spdif/audio_spdif.c.o
 .data.pio_spdif_consumer_buffer_format
                0x2000afd8        0x8 CMakeFiles/foxdac.dir/__/pico-extras/src/rp2_common/pico_audio_spdif/audio_spdif.c.o
                0x2000afd8                pio_spdif_consumer_buffer_format
 .data._ZL18connection_default
                0x2000afe0       0x18 CMakeFiles/foxdac.dir/__/pico-extras/src/common/pico_audio/audio.cpp.o
 .data._usbd_qdef
                0x2000aff8       0x1c CMakeFiles/foxdac.dir/Users/weeblabs/DSPi/pico-sdk/lib/tinyusb/src/device/usbd.c.o
                0x2000aff8                _usbd_qdef
 .data._usbd_rhport
                0x2000b014        0x1 CMakeFiles/foxdac.dir/Users/weeblabs/DSPi/pico-sdk/lib/tinyusb/src/device/usbd.c.o
 *fill*         0x2000b015        0x3 
 .data.__malloc_sbrk_base
                0x2000b018        0x4 /Applications/ArmGNUToolchain/15.2.rel1/arm-none-eabi/bin/../lib/gcc/arm-none-eabi/15.2.1/../../../../arm-none-eabi/lib/thumb/v8-m.main+fp/softfp/libg.a(libc_a-mallocr.o)
                0x2000b018                __malloc_sbrk_base
 .data.__malloc_trim_threshold
                0x2000b01c        0x4 /Applications/ArmGNUToolchain/15.2.rel1/arm-none-eabi/bin/../lib/gcc/arm-none-eabi/15.2.1/../../../../arm-none-eabi/lib/thumb/v8-m.main+fp/softfp/libg.a(libc_a-mallocr.o)
                0x2000b01c                __malloc_trim_threshold
 .data.__malloc_av_
                0x2000b020      0x408 /Applications/ArmGNUToolchain/15.2.rel1/arm-none-eabi/bin/../lib/gcc/arm-none-eabi/15.2.1/../../../../arm-none-eabi/lib/thumb/v8-m.main+fp/softfp/libg.a(libc_a-mallocr.o)
                0x2000b020                __malloc_av_
 .data._impure_ptr
                0x2000b428        0x4 /Applications/ArmGNUToolchain/15.2.rel1/arm-none-eabi/bin/../lib/gcc/arm-none-eabi/15.2.1/../../../../arm-none-eabi/lib/thumb/v8-m.main+fp/softfp/libg.a(libc_a-impure.o)
                0x2000b428                _impure_ptr
 *fill*         0x2000b42c        0x4 
 .data._impure_data
                0x2000b430      0x200 /Applications/ArmGNUToolchain/15.2.rel1/arm-none-eabi/bin/../lib/gcc/arm-none-eabi/15.2.1/../../../../arm-none-eabi/lib/thumb/v8-m.main+fp/softfp/libg.a(libc_a-impure.o)
                0x2000b430                _impure_data
 *(.sdata*)
                0x2000b630                        . = ALIGN (0x4)
 *(.after_data.*)
                0x2000b630                        . = ALIGN (0x4)
                0x2000b630                        PROVIDE (__mutex_array_start = .)
 *(SORT_BY_NAME(.mutex_array.*))
 *(.mutex_array)
 .mutex_array   0x2000b630        0x8 CMakeFiles/foxdac.dir/Users/weeblabs/DSPi/pico-sdk/src/rp2_common/pico_malloc/malloc.c.o
 .mutex_array   0x2000b638        0x8 CMakeFiles/foxdac.dir/Users/weeblabs/DSPi/pico-sdk/src/rp2_common/pico_stdio/stdio.c.o
                0x2000b640                        PROVIDE (__mutex_array_end = .)
                0x2000b640                        . = ALIGN (0x4)
                0x2000b640                        PROVIDE (__preinit_array_start = .)
 *(SORT_BY_NAME(.preinit_array.*))
 .preinit_array.00050
                0x2000b640        0x4 CMakeFiles/foxdac.dir/Users/weeblabs/DSPi/pico-sdk/src/rp2_common/pico_runtime_init/runtime_init.c.o
                0x2000b640                __pre_init_runtime_init_bootrom_reset
 .preinit_array.00100
                0x2000b644        0x4 CMakeFiles/foxdac.dir/Users/weeblabs/DSPi/pico-sdk/src/rp2_common/pico_runtime_init/runtime_init.c.o
                0x2000b644                __pre_init_runtime_init_early_resets
 .preinit_array.00101
                0x2000b648        0x4 CMakeFiles/foxdac.dir/Users/weeblabs/DSPi/pico-sdk/src/rp2_common/pico_runtime_init/runtime_init.c.o
                0x2000b648                __pre_init_runtime_init_usb_power_down
 .preinit_array.00500
                0x2000b64c        0x4 CMakeFiles/foxdac.dir/Users/weeblabs/DSPi/pico-sdk/src/rp2_common/pico_runtime_init/runtime_init.c.o
                0x2000b64c                __pre_init_runtime_init_clocks
 .preinit_array.00600
                0x2000b650        0x4 CMakeFiles/foxdac.dir/Users/weeblabs/DSPi/pico-sdk/src/rp2_common/pico_runtime_init/runtime_init.c.o
                0x2000b650                __pre_init_runtime_init_post_clock_resets
 .preinit_array.01000
                0x2000b654        0x4 CMakeFiles/foxdac.dir/Users/weeblabs/DSPi/pico-sdk/src/rp2_common/hardware_boot_lock/boot_lock.c.o
                0x2000b654                __pre_init_runtime_init_boot_locks_reset
 .preinit_array.01000
                0x2000b658        0x4 CMakeFiles/foxdac.dir/Users/weeblabs/DSPi/pico-sdk/src/rp2_common/pico_runtime_init/runtime_init.c.o
                0x2000b658                __pre_init_runtime_init_spin_locks_reset
 .preinit_array.01010
                0x2000b65c        0x4 CMakeFiles/foxdac.dir/Users/weeblabs/DSPi/pico-sdk/src/rp2_common/pico_bootrom/bootrom_lock.c.o
                0x2000b65c                __pre_init_runtime_init_bootrom_locking_enable
 .preinit_array.01100
                0x2000b660        0x4 CMakeFiles/foxdac.dir/Users/weeblabs/DSPi/pico-sdk/src/common/pico_sync/mutex.c.o
                0x2000b660                __pre_init_runtime_init_mutex
 .preinit_array.10080
                0x2000b664        0x4 CMakeFiles/foxdac.dir/Users/weeblabs/DSPi/pico-sdk/src/rp2_common/pico_runtime_init/runtime_init.c.o
                0x2000b664                __pre_init_runtime_init_install_ram_vector_table
 .preinit_array.11000
                0x2000b668        0x4 CMakeFiles/foxdac.dir/Users/weeblabs/DSPi/pico-sdk/src/common/pico_time/time.c.o
                0x2000b668                __pre_init_runtime_init_default_alarm_pool
 .preinit_array.YYYYY
                0x2000b66c        0x4 CMakeFiles/foxdac.dir/Users/weeblabs/DSPi/pico-sdk/src/rp2_common/pico_runtime/runtime.c.o
                0x2000b66c                __pre_init_first_per_core_initializer
 .preinit_array.ZZZZZ.00051
                0x2000b670        0x4 CMakeFiles/foxdac.dir/Users/weeblabs/DSPi/pico-sdk/src/rp2_common/pico_runtime_init/runtime_init.c.o
                0x2000b670                __pre_init_runtime_init_per_core_bootrom_reset
 .preinit_array.ZZZZZ.00200
                0x2000b674        0x4 CMakeFiles/foxdac.dir/Users/weeblabs/DSPi/pico-sdk/src/rp2_common/pico_runtime_init/runtime_init.c.o
                0x2000b674                __pre_init_runtime_init_per_core_enable_coprocessors
 .preinit_array.ZZZZZ.01000
                0x2000b678        0x4 CMakeFiles/foxdac.dir/Users/weeblabs/DSPi/pico-sdk/src/rp2_common/hardware_sync_spin_lock/sync_spin_lock.c.o
                0x2000b678                __pre_init_spinlock_set_extexclall
 .preinit_array.ZZZZZ.01200
                0x2000b67c        0x4 CMakeFiles/foxdac.dir/Users/weeblabs/DSPi/pico-sdk/src/rp2_common/hardware_irq/irq.c.o
                0x2000b67c                __pre_init_runtime_init_per_core_irq_priorities
 *(.preinit_array)
                0x2000b680                        PROVIDE (__preinit_array_end = .)
                0x2000b680                        . = ALIGN (0x4)
                0x2000b680                        PROVIDE (__init_array_start = .)
 *(SORT_BY_NAME(.init_array.*))
 .init_array.01000
                0x2000b680        0x4 CMakeFiles/foxdac.dir/Users/weeblabs/DSPi/pico-sdk/src/rp2_common/pico_unique_id/unique_id.c.o
 *(.init_array)
 .init_array    0x2000b684        0x4 /Applications/ArmGNUToolchain/15.2.rel1/arm-none-eabi/bin/../lib/gcc/arm-none-eabi/15.2.1/thumb/v8-m.main+fp/softfp/crtbegin.o
                0x2000b688                        PROVIDE (__init_array_end = .)
                0x2000b688                        . = ALIGN (0x4)
                [!provide]                        PROVIDE (__fini_array_start = .)
 *(SORT_BY_NAME(.fini_array.*))
 *(.fini_array)
                [!provide]                        PROVIDE (__fini_array_end = .)
 *(.jcr)
                0x2000b688                        . = ALIGN (0x4)

.tm_clone_table
                0x2000b688        0x0 load address 0x1000b794
 .tm_clone_table
                0x2000b688        0x0 /Applications/ArmGNUToolchain/15.2.rel1/arm-none-eabi/bin/../lib/gcc/arm-none-eabi/15.2.1/thumb/v8-m.main+fp/softfp/crtbegin.o
 .tm_clone_table
                0x2000b688        0x0 /Applications/ArmGNUToolchain/15.2.rel1/arm-none-eabi/bin/../lib/gcc/arm-none-eabi/15.2.1/thumb/v8-m.main+fp/softfp/crtend.o

.igot.plt       0x2000b688        0x0 load address 0x1000b794
 .igot.plt      0x2000b688        0x0 /Applications/ArmGNUToolchain/15.2.rel1/arm-none-eabi/bin/../lib/gcc/arm-none-eabi/15.2.1/thumb/v8-m.main+fp/softfp/crtbegin.o

.tdata          0x2000b688        0x0 load address 0x1000b794
                0x2000b688                        . = ALIGN (0x4)
 *(.tdata .tdata.* .gnu.linkonce.td.*)
                0x2000b688                        __tdata_end = .
                0x2000b688                        PROVIDE (__data_end__ = .)